Component: ARM Compiler 5.06 update 6 (build 750) Tool: armlink [4d35ed]

==============================================================================

Section Cross References

    stm32f4xx_gpio.o(i.GPIO_DeInit) refers to stm32f4xx_rcc.o(i.RCC_AHB1PeriphResetCmd) for RCC_AHB1PeriphResetCmd
    stm32f4xx_usart.o(i.USART_DeInit) refers to stm32f4xx_rcc.o(i.RCC_APB2PeriphResetCmd) for RCC_APB2PeriphResetCmd
    stm32f4xx_usart.o(i.USART_DeInit) refers to stm32f4xx_rcc.o(i.RCC_APB1PeriphResetCmd) for RCC_APB1PeriphResetCmd
    stm32f4xx_usart.o(i.USART_Init) refers to stm32f4xx_rcc.o(i.RCC_GetClocksFreq) for RCC_GetClocksFreq
    stm32f4xx_rcc.o(i.RCC_GetClocksFreq) refers to stm32f4xx_rcc.o(.data) for .data
    stm32f4xx_rcc.o(i.RCC_WaitForHSEStartUp) refers to stm32f4xx_rcc.o(i.RCC_GetFlagStatus) for RCC_GetFlagStatus
    stm32f4xx_fsmc.o(i.FSMC_NORSRAMStructInit) refers to stm32f4xx_fsmc.o(.constdata) for .constdata
    main.o(i.main) refers to stm32f4xx_rcc.o(i.RCC_AHB1PeriphClockCmd) for RCC_AHB1PeriphClockCmd
    main.o(i.main) refers to usart.o(i.USART_Config) for USART_Config
    main.o(i.main) refers to lv_obj.o(i.lv_init) for lv_init
    main.o(i.main) refers to lv_port_disp.o(i.lv_port_disp_init) for lv_port_disp_init
    main.o(i.main) refers to lv_task.o(i.lv_task_handler) for lv_task_handler
    stm32f4xx_it.o(i.SysTick_Handler) refers to lv_hal_tick.o(i.lv_tick_inc) for lv_tick_inc
    stm32f4xx_it.o(i.USART1_IRQHandler) refers to stm32f4xx_usart.o(i.USART_GetITStatus) for USART_GetITStatus
    stm32f4xx_it.o(i.USART1_IRQHandler) refers to stm32f4xx_usart.o(i.USART_ClearITPendingBit) for USART_ClearITPendingBit
    usart.o(i.USART_Config) refers to stm32f4xx_rcc.o(i.RCC_AHB1PeriphClockCmd) for RCC_AHB1PeriphClockCmd
    usart.o(i.USART_Config) refers to stm32f4xx_rcc.o(i.RCC_APB2PeriphClockCmd) for RCC_APB2PeriphClockCmd
    usart.o(i.USART_Config) refers to stm32f4xx_gpio.o(i.GPIO_PinAFConfig) for GPIO_PinAFConfig
    usart.o(i.USART_Config) refers to stm32f4xx_gpio.o(i.GPIO_Init) for GPIO_Init
    usart.o(i.USART_Config) refers to stm32f4xx_usart.o(i.USART_Init) for USART_Init
    usart.o(i.USART_Config) refers to stm32f4xx_usart.o(i.USART_Cmd) for USART_Cmd
    usart.o(i.fgetc) refers to stm32f4xx_usart.o(i.USART_GetFlagStatus) for USART_GetFlagStatus
    usart.o(i.fgetc) refers to stm32f4xx_usart.o(i.USART_ReceiveData) for USART_ReceiveData
    usart.o(i.fputc) refers to stm32f4xx_usart.o(i.USART_SendData) for USART_SendData
    usart.o(i.fputc) refers to stm32f4xx_usart.o(i.USART_GetFlagStatus) for USART_GetFlagStatus
    print.o(i.print) refers to memseta.o(.text) for __aeabi_memclr4
    print.o(i.print) refers to printfa.o(i.__0vsprintf) for vsprintf
    print.o(i.print) refers to stm32f4xx_usart.o(i.USART_SendData) for USART_SendData
    print.o(i.print) refers to stm32f4xx_usart.o(i.USART_GetFlagStatus) for USART_GetFlagStatus
    fsmclcd.o(i.ILI9806G_BackLed_Control) refers to stm32f4xx_gpio.o(i.GPIO_SetBits) for GPIO_SetBits
    fsmclcd.o(i.ILI9806G_BackLed_Control) refers to stm32f4xx_gpio.o(i.GPIO_ResetBits) for GPIO_ResetBits
    fsmclcd.o(i.ILI9806G_Clear) refers to fsmclcd.o(i.ILI9806G_OpenWindow) for ILI9806G_OpenWindow
    fsmclcd.o(i.ILI9806G_Clear) refers to fsmclcd.o(i.ILI9806G_FillColor) for ILI9806G_FillColor
    fsmclcd.o(i.ILI9806G_Clear) refers to fsmclcd.o(.data) for .data
    fsmclcd.o(i.ILI9806G_ClearLine) refers to fsmclcd.o(i.ILI9806G_Clear) for ILI9806G_Clear
    fsmclcd.o(i.ILI9806G_ClearLine) refers to fsmclcd.o(.data) for .data
    fsmclcd.o(i.ILI9806G_DispChar_EN) refers to fsmclcd.o(i.ILI9806G_OpenWindow) for ILI9806G_OpenWindow
    fsmclcd.o(i.ILI9806G_DispChar_EN) refers to fsmclcd.o(.data) for .data
    fsmclcd.o(i.ILI9806G_DispStringLine_EN) refers to fsmclcd.o(i.ILI9806G_DispChar_EN) for ILI9806G_DispChar_EN
    fsmclcd.o(i.ILI9806G_DispStringLine_EN) refers to fsmclcd.o(.data) for .data
    fsmclcd.o(i.ILI9806G_DispString_EN) refers to fsmclcd.o(i.ILI9806G_DispChar_EN) for ILI9806G_DispChar_EN
    fsmclcd.o(i.ILI9806G_DispString_EN) refers to fsmclcd.o(.data) for .data
    fsmclcd.o(i.ILI9806G_DispString_EN_YDir) refers to fsmclcd.o(i.ILI9806G_DispChar_EN) for ILI9806G_DispChar_EN
    fsmclcd.o(i.ILI9806G_DispString_EN_YDir) refers to fsmclcd.o(.data) for .data
    fsmclcd.o(i.ILI9806G_DrawCircle) refers to fsmclcd.o(i.ILI9806G_SetPointPixel) for ILI9806G_SetPointPixel
    fsmclcd.o(i.ILI9806G_DrawLine) refers to fsmclcd.o(i.ILI9806G_SetPointPixel) for ILI9806G_SetPointPixel
    fsmclcd.o(i.ILI9806G_DrawRectangle) refers to fsmclcd.o(i.ILI9806G_OpenWindow) for ILI9806G_OpenWindow
    fsmclcd.o(i.ILI9806G_DrawRectangle) refers to fsmclcd.o(i.ILI9806G_FillColor) for ILI9806G_FillColor
    fsmclcd.o(i.ILI9806G_DrawRectangle) refers to fsmclcd.o(i.ILI9806G_DrawLine) for ILI9806G_DrawLine
    fsmclcd.o(i.ILI9806G_DrawRectangle) refers to fsmclcd.o(.data) for .data
[...]
    lv_list.o(i.lv_list_get_style) refers to lv_page.o(i.lv_page_get_style) for lv_page_get_style
    lv_list.o(i.lv_list_is_list_btn) refers to lv_obj.o(i.lv_obj_get_type) for lv_obj_get_type
    lv_list.o(i.lv_list_is_list_btn) refers to strcmp.o(.text) for strcmp
    lv_list.o(i.lv_list_remove) refers to lv_debug.o(i.lv_debug_check_null) for lv_debug_check_null
    lv_list.o(i.lv_list_remove) refers to lv_obj.o(i.lv_obj_get_ext_attr) for lv_obj_get_ext_attr
    lv_list.o(i.lv_list_remove) refers to lv_debug.o(i.lv_debug_log_error) for lv_debug_log_error
    lv_list.o(i.lv_list_remove) refers to lv_list.o(i.lv_list_get_next_btn) for lv_list_get_next_btn
    lv_list.o(i.lv_list_remove) refers to lv_obj.o(i.lv_obj_del) for lv_obj_del
    lv_list.o(i.lv_list_set_layout) refers to lv_debug.o(i.lv_debug_check_null) for lv_debug_check_null
    lv_list.o(i.lv_list_set_layout) refers to lv_list.o(i.lv_list_get_layout) for lv_list_get_layout
    lv_list.o(i.lv_list_set_layout) refers to lv_debug.o(i.lv_debug_log_error) for lv_debug_log_error
    lv_list.o(i.lv_list_set_layout) refers to lv_list.o(i.lv_cont_set_fit2) for lv_cont_set_fit2
    lv_list.o(i.lv_list_set_layout) refers to lv_cont.o(i.lv_cont_set_fit4) for lv_cont_set_fit4
    lv_list.o(i.lv_list_set_layout) refers to lv_list.o(i.lv_list_get_prev_btn) for lv_list_get_prev_btn
    lv_list.o(i.lv_list_set_layout) refers to lv_list.o(i.lv_page_set_scrl_layout) for lv_page_set_scrl_layout
    lv_list.o(i.lv_list_set_single_mode) refers to lv_debug.o(i.lv_debug_check_null) for lv_debug_check_null
    lv_list.o(i.lv_list_set_single_mode) refers to lv_obj.o(i.lv_obj_get_ext_attr) for lv_obj_get_ext_attr
    lv_list.o(i.lv_list_set_single_mode) refers to lv_debug.o(i.lv_debug_log_error) for lv_debug_log_error
    lv_list.o(i.lv_list_set_style) refers to lv_debug.o(i.lv_debug_check_null) for lv_debug_check_null
    lv_list.o(i.lv_list_set_style) refers to lv_obj.o(i.lv_obj_get_ext_attr) for lv_obj_get_ext_attr
    lv_list.o(i.lv_list_set_style) refers to lv_debug.o(i.lv_debug_log_error) for lv_debug_log_error
    lv_list.o(i.lv_list_set_style) refers to lv_page.o(i.lv_page_set_style) for lv_page_set_style
    lv_list.o(i.lv_list_set_style) refers to lv_list.o(i.lv_list_get_prev_btn) for lv_list_get_prev_btn
    lv_list.o(i.lv_list_set_style) refers to lv_btn.o(i.lv_btn_set_style) for lv_btn_set_style
    lv_list.o(i.lv_list_signal) refers to lv_obj.o(i.lv_obj_handle_get_type_signal) for lv_obj_handle_get_type_signal
    lv_list.o(i.lv_list_signal) refers to lv_list.o(.data) for .data
    lv_list.o(i.lv_list_up) refers to lv_debug.o(i.lv_debug_check_null) for lv_debug_check_null
    lv_list.o(i.lv_list_up) refers to lv_page.o(i.lv_page_get_scrl) for lv_page_get_scrl
    lv_list.o(i.lv_list_up) refers to lv_debug.o(i.lv_debug_log_error) for lv_debug_log_error
    lv_list.o(i.lv_list_up) refers to lv_obj.o(i.lv_obj_get_height) for lv_obj_get_height
    lv_list.o(i.lv_list_up) refers to lv_obj.o(i.lv_obj_get_y) for lv_obj_get_y
    lv_list.o(i.lv_list_up) refers to lv_page.o(i.lv_page_get_anim_time) for lv_page_get_anim_time
    lv_list.o(i.lv_list_up) refers to lv_obj.o(i.lv_obj_set_y) for lv_obj_set_y
    lv_list.o(i.lv_list_up) refers to lv_list.o(i.lv_list_get_prev_btn) for lv_list_get_prev_btn
    lv_list.o(i.lv_page_set_scrl_layout) refers to lv_page.o(i.lv_page_get_scrl) for lv_page_get_scrl
    lv_list.o(i.lv_page_set_scrl_layout) refers to lv_cont.o(i.lv_cont_set_layout) for lv_cont_set_layout
    lv_mbox.o(i.lv_mbox_add_btns) refers to lv_debug.o(i.lv_debug_check_null) for lv_debug_check_null
    lv_mbox.o(i.lv_mbox_add_btns) refers to lv_obj.o(i.lv_obj_get_ext_attr) for lv_obj_get_ext_attr
    lv_mbox.o(i.lv_mbox_add_btns) refers to lv_debug.o(i.lv_debug_log_error) for lv_debug_log_error
    lv_mbox.o(i.lv_mbox_add_btns) refers to lv_btnm.o(i.lv_btnm_create) for lv_btnm_create
    lv_mbox.o(i.lv_mbox_add_btns) refers to lv_theme.o(i.lv_theme_get_current) for lv_theme_get_current
    lv_mbox.o(i.lv_mbox_add_btns) refers to lv_mbox.o(i.lv_mbox_set_style) for lv_mbox_set_style
    lv_mbox.o(i.lv_mbox_add_btns) refers to lv_btnm.o(i.lv_btnm_set_style) for lv_btnm_set_style
    lv_mbox.o(i.lv_mbox_add_btns) refers to lv_btnm.o(i.lv_btnm_set_map) for lv_btnm_set_map
    lv_mbox.o(i.lv_mbox_add_btns) refers to lv_btnm.o(i.lv_btnm_set_btn_ctrl_all) for lv_btnm_set_btn_ctrl_all
    lv_mbox.o(i.lv_mbox_add_btns) refers to lv_obj.o(i.lv_obj_set_event_cb) for lv_obj_set_event_cb
    lv_mbox.o(i.lv_mbox_add_btns) refers to lv_mbox.o(i.mbox_realign) for mbox_realign
    lv_mbox.o(i.lv_mbox_add_btns) refers to lv_style.o(.bss) for lv_style_transp_fit
    lv_mbox.o(i.lv_mbox_add_btns) refers to lv_mbox.o(i.lv_mbox_btnm_event_cb) for lv_mbox_btnm_event_cb
    lv_mbox.o(i.lv_mbox_btnm_event_cb) refers to lv_obj.o(i.lv_obj_get_parent) for lv_obj_get_parent
    lv_mbox.o(i.lv_mbox_btnm_event_cb) refers to lv_obj.o(i.lv_event_get_data) for lv_event_get_data
    lv_mbox.o(i.lv_mbox_btnm_event_cb) refers to lv_obj.o(i.lv_event_send) for lv_event_send
    lv_mbox.o(i.lv_mbox_create) refers to lv_cont.o(i.lv_cont_create) for lv_cont_create
    lv_mbox.o(i.lv_mbox_create) refers to lv_debug.o(i.lv_debug_check_null) for lv_debug_check_null
    lv_mbox.o(i.lv_mbox_create) refers to lv_debug.o(i.lv_debug_log_error) for lv_debug_log_error
    lv_mbox.o(i.lv_mbox_create) refers to lv_obj.o(i.lv_obj_get_signal_cb) for lv_obj_get_signal_cb
    lv_mbox.o(i.lv_mbox_create) refers to lv_obj.o(i.lv_obj_allocate_ext_attr) for lv_obj_allocate_ext_attr
    lv_mbox.o(i.lv_mbox_create) refers to lv_obj.o(i.lv_obj_set_signal_cb) for lv_obj_set_signal_cb
    lv_mbox.o(i.lv_mbox_create) refers to lv_obj.o(i.lv_obj_get_ext_attr) for lv_obj_get_ext_attr
    lv_mbox.o(i.lv_mbox_create) refers to lv_label.o(i.lv_label_create) for lv_label_create
    lv_mbox.o(i.lv_mbox_create) refers to lv_btnm.o(i.lv_btnm_create) for lv_btnm_create
    lv_mbox.o(i.lv_mbox_create) refers to lv_obj.o(i.lv_obj_refresh_style) for lv_obj_refresh_style
    lv_mbox.o(i.lv_mbox_create) refers to lv_label.o(i.lv_label_set_align) for lv_label_set_align
    lv_mbox.o(i.lv_mbox_create) refers to lv_label.o(i.lv_label_set_long_mode) for lv_label_set_long_mode
    lv_mbox.o(i.lv_mbox_create) refers to lv_label.o(i.lv_label_set_text) for lv_label_set_text
    lv_mbox.o(i.lv_mbox_create) refers to lv_cont.o(i.lv_cont_set_layout) for lv_cont_set_layout
    lv_mbox.o(i.lv_mbox_create) refers to lv_cont.o(i.lv_cont_set_fit4) for lv_cont_set_fit4
    lv_mbox.o(i.lv_mbox_create) refers to lv_obj.o(i.lv_obj_set_width) for lv_obj_set_width
    lv_mbox.o(i.lv_mbox_create) refers to lv_obj.o(i.lv_obj_align) for lv_obj_align
    lv_mbox.o(i.lv_mbox_create) refers to lv_obj.o(i.lv_obj_set_event_cb) for lv_obj_set_event_cb
    lv_mbox.o(i.lv_mbox_create) refers to lv_theme.o(i.lv_theme_get_current) for lv_theme_get_current
    lv_mbox.o(i.lv_mbox_create) refers to lv_mbox.o(i.lv_mbox_set_style) for lv_mbox_set_style
    lv_mbox.o(i.lv_mbox_create) refers to lv_mbox.o(.data) for .data
    lv_mbox.o(i.lv_mbox_create) refers to lv_mbox.o(i.lv_mbox_signal) for lv_mbox_signal
    lv_mbox.o(i.lv_mbox_create) refers to lv_mbox.o(i.lv_mbox_default_event_cb) for lv_mbox_default_event_cb
    lv_mbox.o(i.lv_mbox_create) refers to lv_style.o(.bss) for lv_style_pretty
    lv_mbox.o(i.lv_mbox_default_event_cb) refers to lv_mbox.o(i.lv_mbox_get_active_btn) for lv_mbox_get_active_btn
    lv_mbox.o(i.lv_mbox_default_event_cb) refers to lv_mbox.o(i.lv_mbox_start_auto_close) for lv_mbox_start_auto_close
    lv_mbox.o(i.lv_mbox_get_active_btn) refers to lv_debug.o(i.lv_debug_check_null) for lv_debug_check_null
    lv_mbox.o(i.lv_mbox_get_active_btn) refers to lv_obj.o(i.lv_obj_get_ext_attr) for lv_obj_get_ext_attr
    lv_mbox.o(i.lv_mbox_get_active_btn) refers to lv_btnm.o(i.lv_btnm_get_active_btn) for lv_btnm_get_active_btn
    lv_mbox.o(i.lv_mbox_get_active_btn) refers to lv_debug.o(i.lv_debug_log_error) for lv_debug_log_error
    lv_mbox.o(i.lv_mbox_get_active_btn_text) refers to lv_debug.o(i.lv_debug_check_null) for lv_debug_check_null
    lv_mbox.o(i.lv_mbox_get_active_btn_text) refers to lv_obj.o(i.lv_obj_get_ext_attr) for lv_obj_get_ext_attr
    lv_mbox.o(i.lv_mbox_get_active_btn_text) refers to lv_btnm.o(i.lv_btnm_get_active_btn_text) for lv_btnm_get_active_btn_text
    lv_mbox.o(i.lv_mbox_get_active_btn_text) refers to lv_debug.o(i.lv_debug_log_error) for lv_debug_log_error
    lv_mbox.o(i.lv_mbox_get_anim_time) refers to lv_debug.o(i.lv_debug_check_null) for lv_debug_check_null
    lv_mbox.o(i.lv_mbox_get_anim_time) refers to lv_debug.o(i.lv_debug_log_error) for lv_debug_log_error
    lv_mbox.o(i.lv_mbox_get_btnm) refers to lv_debug.o(i.lv_debug_check_null) for lv_debug_check_null
    lv_mbox.o(i.lv_mbox_get_btnm) refers to lv_obj.o(i.lv_obj_get_ext_attr) for lv_obj_get_ext_attr
    lv_mbox.o(i.lv_mbox_get_btnm) refers to lv_debug.o(i.lv_debug_log_error) for lv_debug_log_error
    lv_mbox.o(i.lv_mbox_get_recolor) refers to lv_debug.o(i.lv_debug_check_null) for lv_debug_check_null
    lv_mbox.o(i.lv_mbox_get_recolor) refers to lv_obj.o(i.lv_obj_get_ext_attr) for lv_obj_get_ext_attr
    lv_mbox.o(i.lv_mbox_get_recolor) refers to lv_btnm.o(i.lv_btnm_get_recolor) for lv_btnm_get_recolor
    lv_mbox.o(i.lv_mbox_get_recolor) refers to lv_debug.o(i.lv_debug_log_error) for lv_debug_log_error
    lv_mbox.o(i.lv_mbox_get_style) refers to lv_debug.o(i.lv_debug_check_null) for lv_debug_check_null
    lv_mbox.o(i.lv_mbox_get_style) refers to lv_obj.o(i.lv_obj_get_ext_attr) for lv_obj_get_ext_attr
    lv_mbox.o(i.lv_mbox_get_style) refers to lv_debug.o(i.lv_debug_log_error) for lv_debug_log_error
    lv_mbox.o(i.lv_mbox_get_style) refers to lv_obj.o(i.lv_obj_get_style) for lv_obj_get_style
    lv_mbox.o(i.lv_mbox_get_style) refers to lv_btnm.o(i.lv_btnm_get_style) for lv_btnm_get_style
    lv_mbox.o(i.lv_mbox_get_text) refers to lv_debug.o(i.lv_debug_check_null) for lv_debug_check_null
    lv_mbox.o(i.lv_mbox_get_text) refers to lv_obj.o(i.lv_obj_get_ext_attr) for lv_obj_get_ext_attr
    lv_mbox.o(i.lv_mbox_get_text) refers to lv_label.o(i.lv_label_get_text) for lv_label_get_text
    lv_mbox.o(i.lv_mbox_get_text) refers to lv_debug.o(i.lv_debug_log_error) for lv_debug_log_error
    lv_mbox.o(i.lv_mbox_set_anim_time) refers to lv_debug.o(i.lv_debug_check_null) for lv_debug_check_null
    lv_mbox.o(i.lv_mbox_set_anim_time) refers to lv_debug.o(i.lv_debug_log_error) for lv_debug_log_error
    lv_mbox.o(i.lv_mbox_set_recolor) refers to lv_debug.o(i.lv_debug_check_null) for lv_debug_check_null
    lv_mbox.o(i.lv_mbox_set_recolor) refers to lv_obj.o(i.lv_obj_get_ext_attr) for lv_obj_get_ext_attr
    lv_mbox.o(i.lv_mbox_set_recolor) refers to lv_btnm.o(i.lv_btnm_set_recolor) for lv_btnm_set_recolor
    lv_mbox.o(i.lv_mbox_set_recolor) refers to lv_debug.o(i.lv_debug_log_error) for lv_debug_log_error
    lv_mbox.o(i.lv_mbox_set_style) refers to lv_debug.o(i.lv_debug_check_null) for lv_debug_check_null
    lv_mbox.o(i.lv_mbox_set_style) refers to lv_obj.o(i.lv_obj_get_ext_attr) for lv_obj_get_ext_attr
    lv_mbox.o(i.lv_mbox_set_style) refers to lv_debug.o(i.lv_debug_log_error) for lv_debug_log_error
    lv_mbox.o(i.lv_mbox_set_style) refers to lv_obj.o(i.lv_obj_set_style) for lv_obj_set_style
    lv_mbox.o(i.lv_mbox_set_style) refers to lv_btnm.o(i.lv_btnm_set_style) for lv_btnm_set_style
    lv_mbox.o(i.lv_mbox_set_style) refers to lv_mbox.o(i.mbox_realign) for mbox_realign
    lv_mbox.o(i.lv_mbox_set_text) refers to lv_debug.o(i.lv_debug_check_null) for lv_debug_check_null
    lv_mbox.o(i.lv_mbox_set_text) refers to lv_obj.o(i.lv_obj_get_ext_attr) for lv_obj_get_ext_attr
    lv_mbox.o(i.lv_mbox_set_text) refers to lv_label.o(i.lv_label_set_text) for lv_label_set_text
    lv_mbox.o(i.lv_mbox_set_text) refers to lv_mbox.o(i.mbox_realign) for mbox_realign
    lv_mbox.o(i.lv_mbox_set_text) refers to lv_debug.o(i.lv_debug_log_error) for lv_debug_log_error
    lv_mbox.o(i.lv_mbox_signal) refers to lv_obj.o(i.lv_obj_get_ext_attr) for lv_obj_get_ext_attr
    lv_mbox.o(i.lv_mbox_signal) refers to lv_obj.o(i.lv_obj_handle_get_type_signal) for lv_obj_handle_get_type_signal
    lv_mbox.o(i.lv_mbox_signal) refers to lv_obj.o(i.lv_obj_get_width) for lv_obj_get_width
    lv_mbox.o(i.lv_mbox_signal) refers to lv_mbox.o(i.mbox_realign) for mbox_realign
    lv_mbox.o(i.lv_mbox_signal) refers to lv_btnm.o(i.lv_btnm_get_active_btn) for lv_btnm_get_active_btn
    lv_mbox.o(i.lv_mbox_signal) refers to lv_obj.o(i.lv_event_send) for lv_event_send
    lv_mbox.o(i.lv_mbox_signal) refers to lv_mbox.o(.data) for .data
    lv_mbox.o(i.lv_mbox_start_auto_close) refers to lv_debug.o(i.lv_debug_check_null) for lv_debug_check_null
    lv_mbox.o(i.lv_mbox_start_auto_close) refers to lv_obj.o(i.lv_obj_del) for lv_obj_del
    lv_mbox.o(i.lv_mbox_start_auto_close) refers to lv_debug.o(i.lv_debug_log_error) for lv_debug_log_error
    lv_mbox.o(i.lv_mbox_stop_auto_close) refers to lv_debug.o(i.lv_debug_check_null) for lv_debug_check_null
    lv_mbox.o(i.lv_mbox_stop_auto_close) refers to lv_debug.o(i.lv_debug_log_error) for lv_debug_log_error
    lv_mbox.o(i.mbox_realign) refers to lv_obj.o(i.lv_obj_get_ext_attr) for lv_obj_get_ext_attr
    lv_mbox.o(i.mbox_realign) refers to lv_mbox.o(i.lv_mbox_get_style) for lv_mbox_get_style
    lv_mbox.o(i.mbox_realign) refers to lv_obj.o(i.lv_obj_get_width) for lv_obj_get_width
    lv_mbox.o(i.mbox_realign) refers to lv_obj.o(i.lv_obj_set_width) for lv_obj_set_width
    lv_mbox.o(i.mbox_realign) refers to lv_obj.o(i.lv_obj_set_size) for lv_obj_set_size
    lv_page.o(i.lv_page_clean) refers to lv_debug.o(i.lv_debug_check_null) for lv_debug_check_null
    lv_page.o(i.lv_page_clean) refers to lv_page.o(i.lv_page_get_scrl) for lv_page_get_scrl
    lv_page.o(i.lv_page_clean) refers to lv_obj.o(i.lv_obj_clean) for lv_obj_clean
    lv_page.o(i.lv_page_clean) refers to lv_debug.o(i.lv_debug_log_error) for lv_debug_log_error
    lv_page.o(i.lv_page_create) refers to lv_cont.o(i.lv_cont_create) for lv_cont_create
    lv_page.o(i.lv_page_create) refers to lv_debug.o(i.lv_debug_check_null) for lv_debug_check_null
    lv_page.o(i.lv_page_create) refers to lv_debug.o(i.lv_debug_log_error) for lv_debug_log_error
    lv_page.o(i.lv_page_create) refers to lv_obj.o(i.lv_obj_get_signal_cb) for lv_obj_get_signal_cb
    lv_page.o(i.lv_page_create) refers to lv_obj.o(i.lv_obj_get_design_cb) for lv_obj_get_design_cb
    lv_page.o(i.lv_page_create) refers to lv_obj.o(i.lv_obj_allocate_ext_attr) for lv_obj_allocate_ext_attr
    lv_page.o(i.lv_page_create) refers to lv_obj.o(i.lv_obj_get_ext_attr) for lv_obj_get_ext_attr
    lv_page.o(i.lv_page_create) refers to lv_obj.o(i.lv_obj_set_signal_cb) for lv_obj_set_signal_cb
    lv_page.o(i.lv_page_create) refers to lv_page.o(i.lv_page_set_sb_mode) for lv_page_set_sb_mode
    lv_page.o(i.lv_page_create) refers to lv_page.o(i.lv_page_get_style) for lv_page_get_style
    lv_page.o(i.lv_page_create) refers to lv_page.o(i.lv_page_set_style) for lv_page_set_style
    lv_page.o(i.lv_page_create) refers to lv_obj.o(i.lv_obj_set_design_cb) for lv_obj_set_design_cb
    lv_page.o(i.lv_page_create) refers to lv_obj.o(i.lv_obj_refresh_style) for lv_obj_refresh_style
    lv_page.o(i.lv_page_create) refers to lv_page.o(i.lv_page_sb_refresh) for lv_page_sb_refresh
    lv_page.o(i.lv_page_create) refers to lv_obj.o(i.lv_obj_set_drag) for lv_obj_set_drag
    lv_page.o(i.lv_page_create) refers to lv_obj.o(i.lv_obj_set_drag_throw) for lv_obj_set_drag_throw
    lv_page.o(i.lv_page_create) refers to lv_obj.o(i.lv_obj_set_protect) for lv_obj_set_protect
    lv_page.o(i.lv_page_create) refers to lv_cont.o(i.lv_cont_set_fit4) for lv_cont_set_fit4
    lv_page.o(i.lv_page_create) refers to lv_obj.o(i.lv_obj_set_event_cb) for lv_obj_set_event_cb
    lv_page.o(i.lv_page_create) refers to lv_theme.o(i.lv_theme_get_current) for lv_theme_get_current
    lv_page.o(i.lv_page_create) refers to lv_page.o(.data) for .data
    lv_page.o(i.lv_page_create) refers to lv_style.o(.bss) for lv_style_pretty
    lv_page.o(i.lv_page_create) refers to lv_page.o(i.lv_page_scrollable_signal) for lv_page_scrollable_signal
    lv_page.o(i.lv_page_create) refers to lv_page.o(i.lv_page_signal) for lv_page_signal
    lv_page.o(i.lv_page_create) refers to lv_page.o(i.lv_page_design) for lv_page_design
    lv_page.o(i.lv_page_create) refers to lv_page.o(i.lv_scrl_design) for lv_scrl_design
    lv_page.o(i.lv_page_create) refers to lv_page.o(i.scrl_def_event_cb) for scrl_def_event_cb
    lv_page.o(i.lv_page_design) refers to lv_page.o(i.lv_page_get_style) for lv_page_get_style
    lv_page.o(i.lv_page_design) refers to lv_style.o(i.lv_style_copy) for lv_style_copy
    lv_page.o(i.lv_page_design) refers to lv_obj.o(i.lv_obj_get_opa_scale) for lv_obj_get_opa_scale
    lv_page.o(i.lv_page_design) refers to lv_draw_rect.o(i.lv_draw_rect) for lv_draw_rect
    lv_page.o(i.lv_page_design) refers to lv_obj.o(i.lv_obj_get_ext_attr) for lv_obj_get_ext_attr
    lv_page.o(i.lv_page_design) refers to lv_page.o(.data) for .data
    lv_page.o(i.lv_page_focus) refers to lv_obj.o(i.lv_obj_get_ext_attr) for lv_obj_get_ext_attr
    lv_page.o(i.lv_page_focus) refers to lv_page.o(i.lv_page_get_style) for lv_page_get_style
    lv_page.o(i.lv_page_focus) refers to lv_obj.o(i.lv_obj_get_height) for lv_obj_get_height
    lv_page.o(i.lv_page_focus) refers to lv_obj.o(i.lv_obj_get_y) for lv_obj_get_y
    lv_page.o(i.lv_page_focus) refers to lv_obj.o(i.lv_obj_get_width) for lv_obj_get_width
    lv_page.o(i.lv_page_focus) refers to lv_obj.o(i.lv_obj_get_x) for lv_obj_get_x
    lv_page.o(i.lv_page_focus) refers to lv_page.o(i.lv_page_get_anim_time) for lv_page_get_anim_time
    lv_page.o(i.lv_page_focus) refers to lv_obj.o(i.lv_obj_set_y) for lv_obj_set_y
    lv_page.o(i.lv_page_focus) refers to lv_obj.o(i.lv_obj_set_x) for lv_obj_set_x
    lv_page.o(i.lv_page_get_anim_time) refers to lv_debug.o(i.lv_debug_check_null) for lv_debug_check_null
    lv_page.o(i.lv_page_get_anim_time) refers to lv_debug.o(i.lv_debug_log_error) for lv_debug_log_error
    lv_page.o(i.lv_page_get_anim_time) refers to lv_page.o(i.lv_page_get_scrl) for i.lv_page_get_scrl
    lv_page.o(i.lv_page_get_edge_flash) refers to lv_debug.o(i.lv_debug_check_null) for lv_debug_check_null
    lv_page.o(i.lv_page_get_edge_flash) refers to lv_debug.o(i.lv_debug_log_error) for lv_debug_log_error
    lv_page.o(i.lv_page_get_fit_height) refers to lv_debug.o(i.lv_debug_check_null) for lv_debug_check_null
    lv_page.o(i.lv_page_get_fit_height) refers to lv_page.o(i.lv_page_get_style) for lv_page_get_style
    lv_page.o(i.lv_page_get_fit_height) refers to lv_obj.o(i.lv_obj_get_height) for lv_obj_get_height
    lv_page.o(i.lv_page_get_fit_height) refers to lv_debug.o(i.lv_debug_log_error) for lv_debug_log_error
    lv_page.o(i.lv_page_get_fit_width) refers to lv_debug.o(i.lv_debug_check_null) for lv_debug_check_null
    lv_page.o(i.lv_page_get_fit_width) refers to lv_page.o(i.lv_page_get_style) for lv_page_get_style
    lv_page.o(i.lv_page_get_fit_width) refers to lv_obj.o(i.lv_obj_get_width) for lv_obj_get_width
    lv_page.o(i.lv_page_get_fit_width) refers to lv_debug.o(i.lv_debug_log_error) for lv_debug_log_error
    lv_page.o(i.lv_page_get_sb_mode) refers to lv_debug.o(i.lv_debug_check_null) for lv_debug_check_null
    lv_page.o(i.lv_page_get_sb_mode) refers to lv_obj.o(i.lv_obj_get_ext_attr) for lv_obj_get_ext_attr
    lv_page.o(i.lv_page_get_sb_mode) refers to lv_debug.o(i.lv_debug_log_error) for lv_debug_log_error
    lv_page.o(i.lv_page_get_scrl) refers to lv_debug.o(i.lv_debug_check_null) for lv_debug_check_null
    lv_page.o(i.lv_page_get_scrl) refers to lv_obj.o(i.lv_obj_get_ext_attr) for lv_obj_get_ext_attr
    lv_page.o(i.lv_page_get_scrl) refers to lv_debug.o(i.lv_debug_log_error) for lv_debug_log_error
    lv_page.o(i.lv_page_get_scrl_width) refers to lv_page.o(i.lv_page_get_scrl) for lv_page_get_scrl
    lv_page.o(i.lv_page_get_scrl_width) refers to lv_obj.o(i.lv_obj_get_width) for lv_obj_get_width
    lv_page.o(i.lv_page_get_scroll_propagation) refers to lv_debug.o(i.lv_debug_check_null) for lv_debug_check_null
    lv_page.o(i.lv_page_get_scroll_propagation) refers to lv_obj.o(i.lv_obj_get_ext_attr) for lv_obj_get_ext_attr
    lv_page.o(i.lv_page_get_scroll_propagation) refers to lv_debug.o(i.lv_debug_log_error) for lv_debug_log_error
    lv_page.o(i.lv_page_get_style) refers to lv_debug.o(i.lv_debug_check_null) for lv_debug_check_null
    lv_page.o(i.lv_page_get_style) refers to lv_obj.o(i.lv_obj_get_ext_attr) for lv_obj_get_ext_attr
    lv_page.o(i.lv_page_get_style) refers to lv_debug.o(i.lv_debug_log_error) for lv_debug_log_error
    lv_page.o(i.lv_page_get_style) refers to lv_obj.o(i.lv_obj_get_style) for lv_obj_get_style
    lv_page.o(i.lv_page_glue_obj) refers to lv_obj.o(i.lv_obj_set_drag_parent) for lv_obj_set_drag_parent
    lv_page.o(i.lv_page_glue_obj) refers to lv_obj.o(i.lv_obj_set_drag) for lv_obj_set_drag
    lv_page.o(i.lv_page_on_edge) refers to lv_obj.o(i.lv_obj_get_style) for lv_obj_get_style
    lv_page.o(i.lv_page_on_edge) refers to lv_page.o(i.lv_page_get_scrl) for lv_page_get_scrl
    lv_page.o(i.lv_page_on_edge) refers to lv_obj.o(i.lv_obj_get_coords) for lv_obj_get_coords
    lv_page.o(i.lv_page_sb_refresh) refers to lv_obj.o(i.lv_obj_get_ext_attr) for lv_obj_get_ext_attr
    lv_page.o(i.lv_page_sb_refresh) refers to lv_obj.o(i.lv_obj_get_style) for lv_obj_get_style
    lv_page.o(i.lv_page_sb_refresh) refers to lv_obj.o(i.lv_obj_get_width) for lv_obj_get_width
    lv_page.o(i.lv_page_sb_refresh) refers to lv_obj.o(i.lv_obj_get_height) for lv_obj_get_height
    lv_page.o(i.lv_page_sb_refresh) refers to lv_obj.o(i.lv_obj_get_disp) for lv_obj_get_disp
    lv_page.o(i.lv_page_sb_refresh) refers to lv_refr.o(i.lv_inv_area) for lv_inv_area
    lv_page.o(i.lv_page_sb_refresh) refers to lv_indev.o(i.lv_indev_get_act) for lv_indev_get_act
    lv_page.o(i.lv_page_sb_refresh) refers to lv_indev.o(i.lv_indev_is_dragging) for lv_indev_is_dragging
    lv_page.o(i.lv_page_sb_refresh) refers to lv_area.o(i.lv_area_set_width) for lv_area_set_width
    lv_page.o(i.lv_page_sb_refresh) refers to lv_area.o(i.lv_area_set_pos) for lv_area_set_pos
    lv_page.o(i.lv_page_sb_refresh) refers to lv_obj.o(i.lv_obj_get_x) for lv_obj_get_x
    lv_page.o(i.lv_page_sb_refresh) refers to lv_area.o(i.lv_area_set_height) for lv_area_set_height
    lv_page.o(i.lv_page_sb_refresh) refers to lv_obj.o(i.lv_obj_get_y) for lv_obj_get_y
    lv_page.o(i.lv_page_scroll_hor) refers to lv_page.o(i.lv_page_get_scrl) for lv_page_get_scrl
    lv_page.o(i.lv_page_scroll_hor) refers to lv_obj.o(i.lv_obj_get_x) for lv_obj_get_x
    lv_page.o(i.lv_page_scroll_hor) refers to lv_obj.o(i.lv_obj_set_x) for lv_obj_set_x
    lv_page.o(i.lv_page_scroll_ver) refers to lv_page.o(i.lv_page_get_scrl) for lv_page_get_scrl
    lv_page.o(i.lv_page_scroll_ver) refers to lv_obj.o(i.lv_obj_get_y) for lv_obj_get_y
    lv_page.o(i.lv_page_scroll_ver) refers to lv_obj.o(i.lv_obj_set_y) for lv_obj_set_y
    lv_page.o(i.lv_page_scrollable_signal) refers to lv_obj.o(i.lv_obj_get_parent) for lv_obj_get_parent
    lv_page.o(i.lv_page_scrollable_signal) refers to lv_obj.o(i.lv_obj_get_style) for lv_obj_get_style
    lv_page.o(i.lv_page_scrollable_signal) refers to lv_obj.o(i.lv_obj_get_ext_attr) for lv_obj_get_ext_attr
    lv_page.o(i.lv_page_scrollable_signal) refers to lv_obj.o(i.lv_obj_handle_get_type_signal) for lv_obj_handle_get_type_signal
    lv_page.o(i.lv_page_scrollable_signal) refers to lv_obj.o(i.lv_obj_get_x) for lv_obj_get_x
    lv_page.o(i.lv_page_scrollable_signal) refers to lv_obj.o(i.lv_obj_get_y) for lv_obj_get_y
    lv_page.o(i.lv_page_scrollable_signal) refers to lv_obj.o(i.lv_obj_get_coords) for lv_obj_get_coords
    lv_page.o(i.lv_page_scrollable_signal) refers to lv_indev.o(i.lv_indev_get_act) for lv_indev_get_act
    lv_page.o(i.lv_page_scrollable_signal) refers to lv_indev.o(i.lv_indev_get_vect) for lv_indev_get_vect
    lv_page.o(i.lv_page_scrollable_signal) refers to lv_indev.o(i.lv_indev_is_dragging) for lv_indev_is_dragging
    lv_page.o(i.lv_page_scrollable_signal) refers to lv_page.o(i.lv_area_get_width) for lv_area_get_width
    lv_page.o(i.lv_page_scrollable_signal) refers to lv_page.o(i.lv_area_get_height) for lv_area_get_height
    lv_page.o(i.lv_page_scrollable_signal) refers to lv_obj.o(i.lv_obj_set_pos) for lv_obj_set_pos
    lv_page.o(i.lv_page_scrollable_signal) refers to lv_obj.o(i.lv_obj_set_y) for lv_obj_set_y
    lv_page.o(i.lv_page_scrollable_signal) refers to lv_obj.o(i.lv_obj_set_x) for lv_obj_set_x
    lv_page.o(i.lv_page_scrollable_signal) refers to lv_page.o(i.lv_page_sb_refresh) for lv_page_sb_refresh
    lv_page.o(i.lv_page_scrollable_signal) refers to lv_obj.o(i.lv_obj_get_disp) for lv_obj_get_disp
    lv_page.o(i.lv_page_scrollable_signal) refers to lv_refr.o(i.lv_inv_area) for lv_inv_area
    lv_page.o(i.lv_page_scrollable_signal) refers to lv_page.o(.data) for .data
    lv_page.o(i.lv_page_set_anim_time) refers to lv_debug.o(i.lv_debug_check_null) for lv_debug_check_null
    lv_page.o(i.lv_page_set_anim_time) refers to lv_debug.o(i.lv_debug_log_error) for lv_debug_log_error
    lv_page.o(i.lv_page_set_edge_flash) refers to lv_debug.o(i.lv_debug_check_null) for lv_debug_check_null
    lv_page.o(i.lv_page_set_edge_flash) refers to lv_debug.o(i.lv_debug_log_error) for lv_debug_log_error
    lv_page.o(i.lv_page_set_sb_mode) refers to lv_debug.o(i.lv_debug_check_null) for lv_debug_check_null
    lv_page.o(i.lv_page_set_sb_mode) refers to lv_obj.o(i.lv_obj_get_ext_attr) for lv_obj_get_ext_attr
    lv_page.o(i.lv_page_set_sb_mode) refers to lv_page.o(i.lv_page_sb_refresh) for lv_page_sb_refresh
    lv_page.o(i.lv_page_set_sb_mode) refers to lv_obj.o(i.lv_obj_invalidate) for lv_obj_invalidate
    lv_page.o(i.lv_page_set_sb_mode) refers to lv_debug.o(i.lv_debug_log_error) for lv_debug_log_error
    lv_page.o(i.lv_page_set_scroll_propagation) refers to lv_debug.o(i.lv_debug_check_null) for lv_debug_check_null
    lv_page.o(i.lv_page_set_scroll_propagation) refers to lv_obj.o(i.lv_obj_get_ext_attr) for lv_obj_get_ext_attr
    lv_page.o(i.lv_page_set_scroll_propagation) refers to lv_debug.o(i.lv_debug_log_error) for lv_debug_log_error
    lv_page.o(i.lv_page_set_style) refers to lv_debug.o(i.lv_debug_check_null) for lv_debug_check_null
    lv_page.o(i.lv_page_set_style) refers to lv_obj.o(i.lv_obj_get_ext_attr) for lv_obj_get_ext_attr
    lv_page.o(i.lv_page_set_style) refers to lv_area.o(i.lv_area_set_height) for lv_area_set_height
    lv_page.o(i.lv_page_set_style) refers to lv_area.o(i.lv_area_set_width) for lv_area_set_width
    lv_page.o(i.lv_page_set_style) refers to lv_page.o(i.lv_page_sb_refresh) for lv_page_sb_refresh
    lv_page.o(i.lv_page_set_style) refers to lv_obj.o(i.lv_obj_refresh_ext_draw_pad) for lv_obj_refresh_ext_draw_pad
    lv_page.o(i.lv_page_set_style) refers to lv_obj.o(i.lv_obj_invalidate) for lv_obj_invalidate
    lv_page.o(i.lv_page_set_style) refers to lv_debug.o(i.lv_debug_log_error) for lv_debug_log_error
    lv_page.o(i.lv_page_set_style) refers to lv_obj.o(i.lv_obj_set_style) for lv_obj_set_style
    lv_page.o(i.lv_page_signal) refers to lv_obj.o(i.lv_obj_get_ext_attr) for lv_obj_get_ext_attr
    lv_page.o(i.lv_page_signal) refers to lv_obj.o(i.lv_obj_handle_get_type_signal) for lv_obj_handle_get_type_signal
    lv_page.o(i.lv_page_signal) refers to lv_page.o(i.lv_page_get_style) for lv_page_get_style
    lv_page.o(i.lv_page_signal) refers to lv_page.o(i.lv_page_get_scrl) for lv_page_get_scrl
    lv_page.o(i.lv_page_signal) refers to lv_cont.o(i.lv_cont_get_fit_left) for lv_cont_get_fit_left
    lv_page.o(i.lv_page_signal) refers to lv_cont.o(i.lv_cont_get_fit_right) for lv_cont_get_fit_right
    lv_page.o(i.lv_page_signal) refers to lv_cont.o(i.lv_cont_get_fit_top) for lv_cont_get_fit_top
    lv_page.o(i.lv_page_signal) refers to lv_obj.o(i.lv_obj_is_protected) for lv_obj_is_protected
    lv_page.o(i.lv_page_signal) refers to lv_obj.o(i.lv_obj_get_child) for lv_obj_get_child
    lv_page.o(i.lv_page_signal) refers to lv_obj.o(i.lv_obj_set_parent) for lv_obj_set_parent
    lv_page.o(i.lv_page_signal) refers to lv_page.o(i.lv_page_sb_refresh) for lv_page_sb_refresh
    lv_page.o(i.lv_page_signal) refers to lv_obj.o(i.lv_obj_refresh_ext_draw_pad) for lv_obj_refresh_ext_draw_pad
    lv_page.o(i.lv_page_signal) refers to lv_obj.o(i.lv_obj_get_width) for lv_obj_get_width
    lv_page.o(i.lv_page_signal) refers to lv_page.o(i.lv_area_get_width) for lv_area_get_width
    lv_page.o(i.lv_page_signal) refers to lv_obj.o(i.lv_obj_get_height) for lv_obj_get_height
    lv_page.o(i.lv_page_signal) refers to lv_page.o(i.lv_area_get_height) for lv_area_get_height
    lv_page.o(i.lv_page_signal) refers to lv_page.o(i.lv_page_scroll_ver) for lv_page_scroll_ver
    lv_page.o(i.lv_page_signal) refers to lv_page.o(i.lv_page_get_scrl_width) for lv_page_get_scrl_width
    lv_page.o(i.lv_page_signal) refers to lv_page.o(i.lv_page_scroll_hor) for lv_page_scroll_hor
    lv_page.o(i.lv_page_signal) refers to lv_page.o(.data) for .data
    lv_page.o(i.lv_scrl_design) refers to lv_page.o(.data) for .data
    lv_page.o(i.scrl_def_event_cb) refers to lv_obj.o(i.lv_obj_get_parent) for lv_obj_get_parent
    lv_page.o(i.scrl_def_event_cb) refers to lv_obj.o(i.lv_event_get_data) for lv_event_get_data
    lv_page.o(i.scrl_def_event_cb) refers to lv_obj.o(i.lv_event_send) for lv_event_send
    lv_theme.o(i.lv_theme_get_current) refers to lv_theme.o(.data) for .data
    lv_theme.o(i.lv_theme_set_current) refers to lv_obj.o(i.lv_obj_report_style_mod) for lv_obj_report_style_mod
    lv_theme.o(i.lv_theme_set_current) refers to lv_theme.o(.data) for .data
    lv_theme_default.o(i.basic_init) refers to lv_style.o(i.lv_style_copy) for lv_style_copy
    lv_theme_default.o(i.basic_init) refers to lv_theme_default.o(i.lv_color_hex3) for lv_color_hex3
    lv_theme_default.o(i.basic_init) refers to lv_style.o(.bss) for lv_style_pretty
    lv_theme_default.o(i.basic_init) refers to lv_theme_default.o(.bss) for .bss
    lv_theme_default.o(i.label_init) refers to lv_style.o(i.lv_style_copy) for lv_style_copy
    lv_theme_default.o(i.label_init) refers to lv_theme_default.o(i.lv_color_hex3) for lv_color_hex3
    lv_theme_default.o(i.label_init) refers to lv_style.o(.bss) for lv_style_plain
    lv_theme_default.o(i.label_init) refers to lv_theme_default.o(.bss) for .bss
    lv_theme_default.o(i.lv_theme_default_init) refers to lv_theme_default.o(i.basic_init) for basic_init
    lv_theme_default.o(i.lv_theme_default_init) refers to lv_theme_default.o(i.label_init) for label_init
    lv_theme_default.o(i.lv_theme_default_init) refers to lv_font_roboto_16.o(.data) for lv_font_roboto_16
    lv_theme_default.o(i.lv_theme_default_init) refers to lv_theme_default.o(.data) for .data
    lv_theme_default.o(i.lv_theme_default_init) refers to lv_theme_default.o(.bss) for .bss
    lv_theme_default.o(i.lv_theme_default_init) refers to lv_style.o(.bss) for lv_style_btn_rel
    lv_theme_default.o(i.lv_theme_get_default) refers to lv_theme_default.o(.bss) for .bss
    lv_theme_night.o(i.bar_init) refers to lv_style.o(i.lv_style_copy) for lv_style_copy
    lv_theme_night.o(i.bar_init) refers to lv_color.o(i.lv_color_hsv_to_rgb) for lv_color_hsv_to_rgb
    lv_theme_night.o(i.bar_init) refers to lv_theme_night.o(.bss) for .bss
    lv_theme_night.o(i.bar_init) refers to lv_theme_night.o(.data) for .data
    lv_theme_night.o(i.basic_init) refers to lv_style.o(i.lv_style_copy) for lv_style_copy
    lv_theme_night.o(i.basic_init) refers to lv_color.o(i.lv_color_hsv_to_rgb) for lv_color_hsv_to_rgb
    lv_theme_night.o(i.basic_init) refers to lv_style.o(.bss) for lv_style_pretty
    lv_theme_night.o(i.basic_init) refers to lv_theme_night.o(.bss) for .bss
    lv_theme_night.o(i.basic_init) refers to lv_theme_night.o(.data) for .data
    lv_theme_night.o(i.btn_init) refers to lv_style.o(i.lv_style_copy) for lv_style_copy
    lv_theme_night.o(i.btn_init) refers to lv_color.o(i.lv_color_hsv_to_rgb) for lv_color_hsv_to_rgb
    lv_theme_night.o(i.btn_init) refers to lv_theme_night.o(i.lv_color_hex3) for lv_color_hex3
    lv_theme_night.o(i.btn_init) refers to lv_theme_night.o(.bss) for .bss
    lv_theme_night.o(i.btn_init) refers to lv_theme_night.o(.data) for .data
    lv_theme_night.o(i.btnm_init) refers to lv_style.o(i.lv_style_copy) for lv_style_copy
    lv_theme_night.o(i.btnm_init) refers to lv_theme_night.o(.bss) for .bss
    lv_theme_night.o(i.label_init) refers to lv_style.o(i.lv_style_copy) for lv_style_copy
    lv_theme_night.o(i.label_init) refers to lv_color.o(i.lv_color_hsv_to_rgb) for lv_color_hsv_to_rgb
    lv_theme_night.o(i.label_init) refers to lv_theme_night.o(.bss) for .bss
    lv_theme_night.o(i.label_init) refers to lv_theme_night.o(.data) for .data
    lv_theme_night.o(i.list_init) refers to lv_style.o(i.lv_style_copy) for lv_style_copy
    lv_theme_night.o(i.list_init) refers to lv_color.o(i.lv_color_hsv_to_rgb) for lv_color_hsv_to_rgb
    lv_theme_night.o(i.list_init) refers to lv_theme_night.o(.bss) for .bss
    lv_theme_night.o(i.list_init) refers to lv_theme_night.o(.data) for .data
    lv_theme_night.o(i.list_init) refers to lv_style.o(.bss) for lv_style_transp_tight
    lv_theme_night.o(i.lv_theme_get_night) refers to lv_theme_night.o(.bss) for .bss
    lv_theme_night.o(i.lv_theme_night_init) refers to lv_theme_night.o(i.basic_init) for basic_init
    lv_theme_night.o(i.lv_theme_night_init) refers to lv_theme_night.o(i.btn_init) for btn_init
    lv_theme_night.o(i.lv_theme_night_init) refers to lv_theme_night.o(i.label_init) for label_init
    lv_theme_night.o(i.lv_theme_night_init) refers to lv_theme_night.o(i.bar_init) for bar_init
    lv_theme_night.o(i.lv_theme_night_init) refers to lv_theme_night.o(i.btnm_init) for btnm_init
    lv_theme_night.o(i.lv_theme_night_init) refers to lv_theme_night.o(i.mbox_init) for mbox_init
    lv_theme_night.o(i.lv_theme_night_init) refers to lv_theme_night.o(i.page_init) for page_init
    lv_theme_night.o(i.lv_theme_night_init) refers to lv_theme_night.o(i.list_init) for list_init
    lv_theme_night.o(i.lv_theme_night_init) refers to lv_font_roboto_16.o(.data) for lv_font_roboto_16
    lv_theme_night.o(i.lv_theme_night_init) refers to lv_theme_night.o(.data) for .data
    lv_theme_night.o(i.lv_theme_night_init) refers to lv_theme_night.o(.bss) for .bss
    lv_theme_night.o(i.mbox_init) refers to lv_style.o(i.lv_style_copy) for lv_style_copy
    lv_theme_night.o(i.mbox_init) refers to lv_color.o(i.lv_color_hsv_to_rgb) for lv_color_hsv_to_rgb
    lv_theme_night.o(i.mbox_init) refers to lv_theme_night.o(i.lv_color_hex3) for lv_color_hex3
    lv_theme_night.o(i.mbox_init) refers to lv_theme_night.o(.bss) for .bss
    lv_theme_night.o(i.mbox_init) refers to lv_theme_night.o(.data) for .data
    lv_theme_night.o(i.mbox_init) refers to lv_style.o(.bss) for lv_style_transp
    lv_theme_night.o(i.page_init) refers to lv_style.o(i.lv_style_copy) for lv_style_copy
    lv_theme_night.o(i.page_init) refers to lv_color.o(i.lv_color_hsv_to_rgb) for lv_color_hsv_to_rgb
    lv_theme_night.o(i.page_init) refers to lv_theme_night.o(i.lv_color_hex3) for lv_color_hex3
    lv_theme_night.o(i.page_init) refers to lv_theme_night.o(.bss) for .bss
    lv_theme_night.o(i.page_init) refers to lv_theme_night.o(.data) for .data
    lv_port_disp.o(i.disp_flush) refers to lv_hal_disp.o(i.lv_disp_flush_ready) for lv_disp_flush_ready
    lv_port_disp.o(i.lv_port_disp_init) refers to fsmclcd.o(i.ILI9806G_Init) for ILI9806G_Init
    lv_port_disp.o(i.lv_port_disp_init) refers to lv_hal_disp.o(i.lv_disp_buf_init) for lv_disp_buf_init
    lv_port_disp.o(i.lv_port_disp_init) refers to lv_hal_disp.o(i.lv_disp_drv_init) for lv_disp_drv_init
    lv_port_disp.o(i.lv_port_disp_init) refers to lv_hal_disp.o(i.lv_disp_drv_register) for lv_disp_drv_register
    lv_port_disp.o(i.lv_port_disp_init) refers to lv_port_disp.o(.bss) for .bss
    lv_port_disp.o(i.lv_port_disp_init) refers to lv_port_disp.o(i.disp_flush) for disp_flush
    entry.o(.ARM.Collect$$$$00000000) refers (Special) to entry10a.o(.ARM.Collect$$$$0000000D) for __rt_final_cpp
    entry.o(.ARM.Collect$$$$00000000) refers (Special) to entry11a.o(.ARM.Collect$$$$0000000F) for __rt_final_exit
    entry.o(.ARM.Collect$$$$00000000) refers (Special) to entry7b.o(.ARM.Collect$$$$00000008) for _main_clock
    entry.o(.ARM.Collect$$$$00000000) refers (Special) to entry8b.o(.ARM.Collect$$$$0000000A) for _main_cpp_init
    entry.o(.ARM.Collect$$$$00000000) refers (Special) to entry9a.o(.ARM.Collect$$$$0000000B) for _main_init
    entry.o(.ARM.Collect$$$$00000000) refers (Special) to entry5.o(.ARM.Collect$$$$00000004) for _main_scatterload
    entry.o(.ARM.Collect$$$$00000000) refers (Special) to entry2.o(.ARM.Collect$$$$00000001) for _main_stk
    uldiv.o(.text) refers to llushr.o(.text) for __aeabi_llsr
    uldiv.o(.text) refers to llshl.o(.text) for __aeabi_llsl
    printfa.o(i.__0fprintf) refers (Special) to iusefp.o(.text) for __I$use$fp
    printfa.o(i.__0fprintf) refers to printfa.o(i._printf_core) for _printf_core
    printfa.o(i.__0fprintf) refers to usart.o(i.fputc) for fputc
    printfa.o(i.__0printf) refers (Special) to iusefp.o(.text) for __I$use$fp
    printfa.o(i.__0printf) refers to printfa.o(i._printf_core) for _printf_core
    printfa.o(i.__0printf) refers to usart.o(i.fputc) for fputc
    printfa.o(i.__0printf) refers to print.o(.data) for __stdout
    printfa.o(i.__0snprintf) refers (Special) to iusefp.o(.text) for __I$use$fp
    printfa.o(i.__0snprintf) refers to printfa.o(i._printf_core) for _printf_core
    printfa.o(i.__0snprintf) refers to printfa.o(i._snputc) for _snputc
    printfa.o(i.__0sprintf) refers (Special) to iusefp.o(.text) for __I$use$fp
    printfa.o(i.__0sprintf) refers to printfa.o(i._printf_core) for _printf_core
    printfa.o(i.__0sprintf) refers to printfa.o(i._sputc) for _sputc
    printfa.o(i.__0vfprintf) refers (Special) to iusefp.o(.text) for __I$use$fp
    printfa.o(i.__0vfprintf) refers to printfa.o(i._printf_core) for _printf_core
    printfa.o(i.__0vfprintf) refers to usart.o(i.fputc) for fputc
    printfa.o(i.__0vprintf) refers (Special) to iusefp.o(.text) for __I$use$fp
    printfa.o(i.__0vprintf) refers to printfa.o(i._printf_core) for _printf_core
    printfa.o(i.__0vprintf) refers to usart.o(i.fputc) for fputc
    printfa.o(i.__0vprintf) refers to print.o(.data) for __stdout
    printfa.o(i.__0vsnprintf) refers (Special) to iusefp.o(.text) for __I$use$fp
    printfa.o(i.__0vsnprintf) refers to printfa.o(i._printf_core) for _printf_core
    printfa.o(i.__0vsnprintf) refers to printfa.o(i._snputc) for _snputc
    printfa.o(i.__0vsprintf) refers (Special) to iusefp.o(.text) for __I$use$fp
    printfa.o(i.__0vsprintf) refers to printfa.o(i._printf_core) for _printf_core
    printfa.o(i.__0vsprintf) refers to printfa.o(i._sputc) for _sputc
    printfa.o(i._fp_digits) refers (Special) to iusefp.o(.text) for __I$use$fp
    printfa.o(i._fp_digits) refers to dmul.o(.text) for __aeabi_dmul
    printfa.o(i._fp_digits) refers to ddiv.o(.text) for __aeabi_ddiv
    printfa.o(i._fp_digits) refers to cdrcmple.o(.text) for __aeabi_cdrcmple
    printfa.o(i._fp_digits) refers to dadd.o(.text) for __aeabi_dadd
    printfa.o(i._fp_digits) refers to dfixul.o(.text) for __aeabi_d2ulz
    printfa.o(i._fp_digits) refers to uldiv.o(.text) for __aeabi_uldivmod
    printfa.o(i._printf_core) refers (Special) to iusefp.o(.text) for __I$use$fp
    printfa.o(i._printf_core) refers to printfa.o(i._printf_pre_padding) for _printf_pre_padding
    printfa.o(i._printf_core) refers to uldiv.o(.text) for __aeabi_uldivmod
    printfa.o(i._printf_core) refers to printfa.o(i._printf_post_padding) for _printf_post_padding
    printfa.o(i._printf_core) refers to printfa.o(i._fp_digits) for _fp_digits
    printfa.o(i._printf_core) refers to uidiv.o(.text) for __aeabi_uidivmod
    printfa.o(i._printf_post_padding) refers (Special) to iusefp.o(.text) for __I$use$fp
    printfa.o(i._printf_pre_padding) refers (Special) to iusefp.o(.text) for __I$use$fp
    printfa.o(i._snputc) refers (Special) to iusefp.o(.text) for __I$use$fp
    printfa.o(i._sputc) refers (Special) to iusefp.o(.text) for __I$use$fp
    dadd.o(.text) refers (Special) to iusefp.o(.text) for __I$use$fp
    dadd.o(.text) refers to llshl.o(.text) for __aeabi_llsl
    dadd.o(.text) refers to llsshr.o(.text) for __aeabi_lasr
    dadd.o(.text) refers to depilogue.o(.text) for _double_epilogue
    dmul.o(.text) refers (Special) to iusefp.o(.text) for __I$use$fp
    dmul.o(.text) refers to depilogue.o(.text) for _double_epilogue
    ddiv.o(.text) refers (Special) to iusefp.o(.text) for __I$use$fp
    ddiv.o(.text) refers to depilogue.o(.text) for _double_round
    dneg.o(.text) refers (Special) to iusefp.o(.text) for __I$use$fp
    dflti.o(.text) refers (Special) to iusefp.o(.text) for __I$use$fp
    dflti.o(.text) refers to depilogue.o(.text) for _double_epilogue
    dfltui.o(.text) refers (Special) to iusefp.o(.text) for __I$use$fp
    dfltui.o(.text) refers to depilogue.o(.text) for _double_epilogue
    dfixi.o(.text) refers (Special) to iusefp.o(.text) for __I$use$fp
    dfixi.o(.text) refers to llushr.o(.text) for __aeabi_llsr
    dfixui.o(.text) refers (Special) to iusefp.o(.text) for __I$use$fp
    dfixui.o(.text) refers to llushr.o(.text) for __aeabi_llsr
    cdcmple.o(.text) refers (Special) to iusefp.o(.text) for __I$use$fp
    cdrcmple.o(.text) refers (Special) to iusefp.o(.text) for __I$use$fp
    entry2.o(.ARM.Collect$$$$00000001) refers to entry2.o(.ARM.Collect$$$$00002712) for __lit__00000000
    entry2.o(.ARM.Collect$$$$00002712) refers to startup_stm32f40_41xxx.o(STACK) for __initial_sp
    entry2.o(__vectab_stack_and_reset_area) refers to startup_stm32f40_41xxx.o(STACK) for __initial_sp
    entry2.o(__vectab_stack_and_reset_area) refers to entry.o(.ARM.Collect$$$$00000000) for __main
    entry5.o(.ARM.Collect$$$$00000004) refers to init.o(.text) for __scatterload
    entry9a.o(.ARM.Collect$$$$0000000B) refers to main.o(i.main) for main
    entry9b.o(.ARM.Collect$$$$0000000C) refers to main.o(i.main) for main
    depilogue.o(.text) refers to llshl.o(.text) for __aeabi_llsl
    depilogue.o(.text) refers to llushr.o(.text) for __aeabi_llsr
    dfixul.o(.text) refers to llushr.o(.text) for __aeabi_llsr
    dfixul.o(.text) refers to llshl.o(.text) for __aeabi_llsl
    init.o(.text) refers to entry5.o(.ARM.Collect$$$$00000004) for __main_after_scatterload


==============================================================================

Removing Unused input sections from the image.

    Removing stm32f4xx_gpio.o(.rev16_text), (4 bytes).
    Removing stm32f4xx_gpio.o(.revsh_text), (4 bytes).
    Removing stm32f4xx_gpio.o(.rrx_text), (6 bytes).
    Removing stm32f4xx_gpio.o(i.GPIO_DeInit), (260 bytes).
    Removing stm32f4xx_gpio.o(i.GPIO_PinLockConfig), (24 bytes).
    Removing stm32f4xx_gpio.o(i.GPIO_ReadInputData), (6 bytes).
    Removing stm32f4xx_gpio.o(i.GPIO_ReadInputDataBit), (14 bytes).
    Removing stm32f4xx_gpio.o(i.GPIO_ReadOutputData), (6 bytes).
    Removing stm32f4xx_gpio.o(i.GPIO_ReadOutputDataBit), (14 bytes).
    Removing stm32f4xx_gpio.o(i.GPIO_StructInit), (18 bytes).
    Removing stm32f4xx_gpio.o(i.GPIO_ToggleBits), (8 bytes).
    Removing stm32f4xx_gpio.o(i.GPIO_Write), (4 bytes).
    Removing stm32f4xx_gpio.o(i.GPIO_WriteBit), (10 bytes).
    Removing stm32f4xx_usart.o(.rev16_text), (4 bytes).
    Removing stm32f4xx_usart.o(.revsh_text), (4 bytes).
    Removing stm32f4xx_usart.o(.rrx_text), (6 bytes).
    Removing stm32f4xx_usart.o(i.USART_ClearFlag), (6 bytes).
    Removing stm32f4xx_usart.o(i.USART_ClockInit), (28 bytes).
    Removing stm32f4xx_usart.o(i.USART_ClockStructInit), (12 bytes).
    Removing stm32f4xx_usart.o(i.USART_DMACmd), (16 bytes).
    Removing stm32f4xx_usart.o(i.USART_DeInit), (172 bytes).
    Removing stm32f4xx_usart.o(i.USART_GetFlagStatus), (14 bytes).
    Removing stm32f4xx_usart.o(i.USART_HalfDuplexCmd), (20 bytes).
    Removing stm32f4xx_usart.o(i.USART_ITConfig), (48 bytes).
    Removing stm32f4xx_usart.o(i.USART_IrDACmd), (20 bytes).
    Removing stm32f4xx_usart.o(i.USART_IrDAConfig), (16 bytes).
    Removing stm32f4xx_usart.o(i.USART_LINBreakDetectLengthConfig), (16 bytes).
    Removing stm32f4xx_usart.o(i.USART_LINCmd), (20 bytes).
    Removing stm32f4xx_usart.o(i.USART_OneBitMethodCmd), (20 bytes).
    Removing stm32f4xx_usart.o(i.USART_OverSampling8Cmd), (20 bytes).
    Removing stm32f4xx_usart.o(i.USART_ReceiveData), (8 bytes).
    Removing stm32f4xx_usart.o(i.USART_ReceiverWakeUpCmd), (20 bytes).
    Removing stm32f4xx_usart.o(i.USART_SendBreak), (10 bytes).
    Removing stm32f4xx_usart.o(i.USART_SendData), (8 bytes).
    Removing stm32f4xx_usart.o(i.USART_SetAddress), (16 bytes).
    Removing stm32f4xx_usart.o(i.USART_SetGuardTime), (16 bytes).
    Removing stm32f4xx_usart.o(i.USART_SetPrescaler), (16 bytes).
    Removing stm32f4xx_usart.o(i.USART_SmartCardCmd), (20 bytes).
    Removing stm32f4xx_usart.o(i.USART_SmartCardNACKCmd), (20 bytes).
    Removing stm32f4xx_usart.o(i.USART_StructInit), (22 bytes).
    Removing stm32f4xx_usart.o(i.USART_WakeUpConfig), (16 bytes).
    Removing stm32f4xx_rcc.o(.rev16_text), (4 bytes).
    Removing stm32f4xx_rcc.o(.revsh_text), (4 bytes).
    Removing stm32f4xx_rcc.o(.rrx_text), (6 bytes).
    Removing stm32f4xx_rcc.o(i.RCC_AHB1PeriphClockLPModeCmd), (24 bytes).
    Removing stm32f4xx_rcc.o(i.RCC_AHB1PeriphResetCmd), (24 bytes).
    Removing stm32f4xx_rcc.o(i.RCC_AHB2PeriphClockCmd), (24 bytes).
    Removing stm32f4xx_rcc.o(i.RCC_AHB2PeriphClockLPModeCmd), (24 bytes).
    Removing stm32f4xx_rcc.o(i.RCC_AHB2PeriphResetCmd), (24 bytes).
    Removing stm32f4xx_rcc.o(i.RCC_AHB3PeriphClockLPModeCmd), (24 bytes).
    Removing stm32f4xx_rcc.o(i.RCC_AHB3PeriphResetCmd), (24 bytes).
    Removing stm32f4xx_rcc.o(i.RCC_APB1PeriphClockCmd), (24 bytes).
    Removing stm32f4xx_rcc.o(i.RCC_APB1PeriphClockLPModeCmd), (24 bytes).
    Removing stm32f4xx_rcc.o(i.RCC_APB1PeriphResetCmd), (24 bytes).
    Removing stm32f4xx_rcc.o(i.RCC_APB2PeriphClockLPModeCmd), (24 bytes).
    Removing stm32f4xx_rcc.o(i.RCC_APB2PeriphResetCmd), (24 bytes).
    Removing stm32f4xx_rcc.o(i.RCC_AdjustHSICalibrationValue), (20 bytes).
    Removing stm32f4xx_rcc.o(i.RCC_BackupResetCmd), (12 bytes).
    Removing stm32f4xx_rcc.o(i.RCC_ClearFlag), (16 bytes).
    Removing stm32f4xx_rcc.o(i.RCC_ClearITPendingBit), (12 bytes).
    Removing stm32f4xx_rcc.o(i.RCC_ClockSecuritySystemCmd), (12 bytes).
    Removing stm32f4xx_rcc.o(i.RCC_DeInit), (84 bytes).
    Removing stm32f4xx_rcc.o(i.RCC_GetFlagStatus), (52 bytes).
    Removing stm32f4xx_rcc.o(i.RCC_GetITStatus), (20 bytes).
    Removing stm32f4xx_rcc.o(i.RCC_GetSYSCLKSource), (16 bytes).
    Removing stm32f4xx_rcc.o(i.RCC_HCLKConfig), (20 bytes).
    Removing stm32f4xx_rcc.o(i.RCC_HSEConfig), (16 bytes).
    Removing stm32f4xx_rcc.o(i.RCC_HSICmd), (12 bytes).
    Removing stm32f4xx_rcc.o(i.RCC_I2SCLKConfig), (12 bytes).
    Removing stm32f4xx_rcc.o(i.RCC_ITConfig), (24 bytes).
    Removing stm32f4xx_rcc.o(i.RCC_LSEConfig), (28 bytes).
    Removing stm32f4xx_rcc.o(i.RCC_LSEModeConfig), (28 bytes).
    Removing stm32f4xx_rcc.o(i.RCC_LSICmd), (12 bytes).
    Removing stm32f4xx_rcc.o(i.RCC_LTDCCLKDivConfig), (20 bytes).
    Removing stm32f4xx_rcc.o(i.RCC_MCO1Config), (20 bytes).
    Removing stm32f4xx_rcc.o(i.RCC_MCO2Config), (20 bytes).
    Removing stm32f4xx_rcc.o(i.RCC_PCLK1Config), (20 bytes).
    Removing stm32f4xx_rcc.o(i.RCC_PCLK2Config), (20 bytes).
    Removing stm32f4xx_rcc.o(i.RCC_PLLCmd), (12 bytes).
    Removing stm32f4xx_rcc.o(i.RCC_PLLConfig), (40 bytes).
    Removing stm32f4xx_rcc.o(i.RCC_PLLI2SCmd), (12 bytes).
    Removing stm32f4xx_rcc.o(i.RCC_PLLI2SConfig), (16 bytes).
    Removing stm32f4xx_rcc.o(i.RCC_PLLSAICmd), (12 bytes).
    Removing stm32f4xx_rcc.o(i.RCC_PLLSAIConfig), (20 bytes).
    Removing stm32f4xx_rcc.o(i.RCC_RTCCLKCmd), (12 bytes).
    Removing stm32f4xx_rcc.o(i.RCC_RTCCLKConfig), (48 bytes).
    Removing stm32f4xx_rcc.o(i.RCC_SAIBlockACLKConfig), (20 bytes).
    Removing stm32f4xx_rcc.o(i.RCC_SAIBlockBCLKConfig), (20 bytes).
    Removing stm32f4xx_rcc.o(i.RCC_SAIPLLI2SClkDivConfig), (20 bytes).
    Removing stm32f4xx_rcc.o(i.RCC_SAIPLLSAIClkDivConfig), (28 bytes).
    Removing stm32f4xx_rcc.o(i.RCC_SYSCLKConfig), (20 bytes).
    Removing stm32f4xx_rcc.o(i.RCC_TIMCLKPresConfig), (12 bytes).
    Removing stm32f4xx_rcc.o(i.RCC_WaitForHSEStartUp), (44 bytes).
    Removing stm32f4xx_fsmc.o(.rev16_text), (4 bytes).
    Removing stm32f4xx_fsmc.o(.revsh_text), (4 bytes).
    Removing stm32f4xx_fsmc.o(.rrx_text), (6 bytes).
    Removing stm32f4xx_fsmc.o(i.FSMC_ClearFlag), (38 bytes).
    Removing stm32f4xx_fsmc.o(i.FSMC_ClearITPendingBit), (44 bytes).
    Removing stm32f4xx_fsmc.o(i.FSMC_GetECC), (18 bytes).
    Removing stm32f4xx_fsmc.o(i.FSMC_GetFlagStatus), (40 bytes).
    Removing stm32f4xx_fsmc.o(i.FSMC_GetITStatus), (48 bytes).
    Removing stm32f4xx_fsmc.o(i.FSMC_ITConfig), (72 bytes).
    Removing stm32f4xx_fsmc.o(i.FSMC_NANDCmd), (56 bytes).
    Removing stm32f4xx_fsmc.o(i.FSMC_NANDDeInit), (40 bytes).
    Removing stm32f4xx_fsmc.o(i.FSMC_NANDECCCmd), (56 bytes).
    Removing stm32f4xx_fsmc.o(i.FSMC_NANDInit), (156 bytes).
    Removing stm32f4xx_fsmc.o(i.FSMC_NANDStructInit), (54 bytes).
    Removing stm32f4xx_fsmc.o(i.FSMC_NORSRAMDeInit), (40 bytes).
    Removing stm32f4xx_fsmc.o(i.FSMC_NORSRAMStructInit), (48 bytes).
    Removing stm32f4xx_fsmc.o(i.FSMC_PCCARDCmd), (32 bytes).
    Removing stm32f4xx_fsmc.o(i.FSMC_PCCARDDeInit), (26 bytes).
    Removing stm32f4xx_fsmc.o(i.FSMC_PCCARDInit), (120 bytes).
    Removing stm32f4xx_fsmc.o(i.FSMC_PCCARDStructInit), (60 bytes).
    Removing stm32f4xx_fsmc.o(.constdata), (28 bytes).
    Removing main.o(.rev16_text), (4 bytes).
    Removing main.o(.revsh_text), (4 bytes).
    Removing main.o(.rrx_text), (6 bytes).
    Removing stm32f4xx_it.o(.rev16_text), (4 bytes).
    Removing stm32f4xx_it.o(.revsh_text), (4 bytes).
    Removing stm32f4xx_it.o(.rrx_text), (6 bytes).
    Removing usart.o(.rev16_text), (4 bytes).
    Removing usart.o(.revsh_text), (4 bytes).
    Removing usart.o(.rrx_text), (6 bytes).
    Removing usart.o(i.fgetc), (32 bytes).
    Removing usart.o(i.fputc), (36 bytes).
    Removing print.o(.rev16_text), (4 bytes).
    Removing print.o(.revsh_text), (4 bytes).
    Removing print.o(.rrx_text), (6 bytes).
    Removing print.o(i._sys_exit), (2 bytes).
    Removing print.o(i.print), (70 bytes).
    Removing print.o(.data), (4 bytes).
    Removing fsmclcd.o(.rev16_text), (4 bytes).
    Removing fsmclcd.o(.revsh_text), (4 bytes).
    Removing fsmclcd.o(.rrx_text), (6 bytes).
    Removing fsmclcd.o(i.ILI9806G_ClearLine), (20 bytes).
    Removing fsmclcd.o(i.ILI9806G_DispChar_EN), (104 bytes).
    Removing fsmclcd.o(i.ILI9806G_DispStringLine_EN), (76 bytes).
    Removing fsmclcd.o(i.ILI9806G_DispString_EN), (76 bytes).
    Removing fsmclcd.o(i.ILI9806G_DispString_EN_YDir), (76 bytes).
    Removing fsmclcd.o(i.ILI9806G_DrawCircle), (328 bytes).
    Removing fsmclcd.o(i.ILI9806G_DrawLine), (156 bytes).
    Removing fsmclcd.o(i.ILI9806G_DrawRectangle), (100 bytes).
    Removing fsmclcd.o(i.ILI9806G_GetPointPixel), (38 bytes).
    Removing fsmclcd.o(i.ILI9806G_SetCursor), (8 bytes).
    Removing fsmclcd.o(i.ILI9806G_SetPointPixel), (40 bytes).
    Removing fsmclcd.o(i.LCD_GetColors), (16 bytes).
    Removing fsmclcd.o(i.LCD_GetFont), (12 bytes).
    Removing fsmclcd.o(i.LCD_SetBackColor), (12 bytes).
    Removing fsmclcd.o(i.LCD_SetColors), (12 bytes).
    Removing fsmclcd.o(i.LCD_SetFont), (12 bytes).
    Removing fsmclcd.o(i.LCD_SetTextColor), (12 bytes).
    Removing systick.o(.rev16_text), (4 bytes).
    Removing systick.o(.revsh_text), (4 bytes).
    Removing systick.o(.rrx_text), (6 bytes).
    Removing systick.o(i.Delay_us), (20 bytes).
    Removing systick.o(i.SysTick_Init), (56 bytes).
    Removing systick.o(i.TimingDelay_Decrement), (20 bytes).
    Removing systick.o(.data), (4 bytes).
    Removing fonts.o(.rev16_text), (4 bytes).
    Removing fonts.o(.revsh_text), (4 bytes).
    Removing fonts.o(.rrx_text), (6 bytes).
    Removing fonts.o(.constdata), (1520 bytes).
    Removing fonts.o(.constdata), (13680 bytes).
    Removing fonts.o(.data), (8 bytes).
    Removing fonts.o(.data), (8 bytes).
    Removing startup_stm32f40_41xxx.o(HEAP), (512 bytes).
    Removing system_stm32f4xx.o(.rev16_text), (4 bytes).
    Removing system_stm32f4xx.o(.revsh_text), (4 bytes).
    Removing system_stm32f4xx.o(.rrx_text), (6 bytes).
    Removing system_stm32f4xx.o(i.SystemCoreClockUpdate), (124 bytes).
    Removing system_stm32f4xx.o(.data), (20 bytes).
    Removing lv_debug.o(.rev16_text), (4 bytes).
    Removing lv_debug.o(.revsh_text), (4 bytes).
    Removing lv_debug.o(.rrx_text), (6 bytes).
    Removing lv_debug.o(i.lv_debug_check_obj_type), (50 bytes).
    Removing lv_debug.o(i.lv_debug_check_obj_valid), (66 bytes).
    Removing lv_debug.o(i.lv_debug_check_str), (56 bytes).
    Removing lv_debug.o(i.obj_valid_child), (44 bytes).
    Removing lv_disp.o(.rev16_text), (4 bytes).
    Removing lv_disp.o(.revsh_text), (4 bytes).
    Removing lv_disp.o(.rrx_text), (6 bytes).
    Removing lv_disp.o(i.lv_disp_assign_screen), (46 bytes).
    Removing lv_disp.o(i.lv_disp_get_inactive_time), (26 bytes).
    Removing lv_disp.o(i.lv_disp_get_refr_task), (16 bytes).
    Removing lv_disp.o(i.lv_disp_load_scr), (20 bytes).
    Removing lv_disp.o(i.lv_disp_trig_activity), (24 bytes).
    Removing lv_group.o(.rev16_text), (4 bytes).
    Removing lv_group.o(.revsh_text), (4 bytes).
    Removing lv_group.o(.rrx_text), (6 bytes).
    Removing lv_indev.o(.rev16_text), (4 bytes).
    Removing lv_indev.o(.revsh_text), (4 bytes).
    Removing lv_indev.o(.rrx_text), (6 bytes).
    Removing lv_indev.o(i.indev_drag), (476 bytes).
    Removing lv_indev.o(i.indev_drag_throw), (412 bytes).
    Removing lv_indev.o(i.indev_proc_press), (628 bytes).
    Removing lv_indev.o(i.indev_proc_release), (388 bytes).
    Removing lv_indev.o(i.indev_proc_reset_query_handler), (60 bytes).
    Removing lv_indev.o(i.indev_reset_check), (24 bytes).
    Removing lv_indev.o(i.indev_search_obj), (98 bytes).
    Removing lv_indev.o(i.lv_indev_enable), (18 bytes).
    Removing lv_indev.o(i.lv_indev_get_act), (12 bytes).
    Removing lv_indev.o(i.lv_indev_get_key), (14 bytes).
    Removing lv_indev.o(i.lv_indev_get_obj_act), (12 bytes).
    Removing lv_indev.o(i.lv_indev_get_point), (28 bytes).
    Removing lv_indev.o(i.lv_indev_get_read_task), (8 bytes).
    Removing lv_indev.o(i.lv_indev_get_type), (8 bytes).
    Removing lv_indev.o(i.lv_indev_get_vect), (30 bytes).
    Removing lv_indev.o(i.lv_indev_is_dragging), (28 bytes).
    Removing lv_indev.o(i.lv_indev_read_task), (264 bytes).
    Removing lv_indev.o(i.lv_indev_reset_long_press), (30 bytes).
    Removing lv_indev.o(i.lv_indev_set_button_points), (10 bytes).
    Removing lv_indev.o(i.lv_indev_set_cursor), (46 bytes).
    Removing lv_indev.o(i.lv_indev_wait_release), (12 bytes).
    Removing lv_indev.o(.data), (8 bytes).
    Removing lv_obj.o(.rev16_text), (4 bytes).
    Removing lv_obj.o(.revsh_text), (4 bytes).
    Removing lv_obj.o(.rrx_text), (6 bytes).
    Removing lv_obj.o(i.base_dir_refr_children), (50 bytes).
    Removing lv_obj.o(i.delete_children), (144 bytes).
    Removing lv_obj.o(i.lv_event_get_data), (12 bytes).
    Removing lv_obj.o(i.lv_event_mark_deleted), (28 bytes).
    Removing lv_obj.o(i.lv_event_send), (64 bytes).
    Removing lv_obj.o(i.lv_event_send_func), (160 bytes).
    Removing lv_obj.o(i.lv_obj_align), (600 bytes).
    Removing lv_obj.o(i.lv_obj_align_origo), (352 bytes).
    Removing lv_obj.o(i.lv_obj_allocate_ext_attr), (52 bytes).
    Removing lv_obj.o(i.lv_obj_clean), (76 bytes).
    Removing lv_obj.o(i.lv_obj_clear_protect), (52 bytes).
    Removing lv_obj.o(i.lv_obj_count_children), (68 bytes).
    Removing lv_obj.o(i.lv_obj_count_children_recursive), (76 bytes).
    Removing lv_obj.o(i.lv_obj_del), (208 bytes).
    Removing lv_obj.o(i.lv_obj_del_async), (56 bytes).
    Removing lv_obj.o(i.lv_obj_del_async_cb), (48 bytes).
    Removing lv_obj.o(i.lv_obj_get_auto_realign), (48 bytes).
    Removing lv_obj.o(i.lv_obj_get_base_dir), (4 bytes).
    Removing lv_obj.o(i.lv_obj_get_child_back), (64 bytes).
    Removing lv_obj.o(i.lv_obj_get_click), (48 bytes).
    Removing lv_obj.o(i.lv_obj_get_design_cb), (44 bytes).
    Removing lv_obj.o(i.lv_obj_get_drag), (48 bytes).
    Removing lv_obj.o(i.lv_obj_get_drag_dir), (48 bytes).
    Removing lv_obj.o(i.lv_obj_get_drag_parent), (10 bytes).
    Removing lv_obj.o(i.lv_obj_get_drag_throw), (48 bytes).
    Removing lv_obj.o(i.lv_obj_get_event_cb), (44 bytes).
    Removing lv_obj.o(i.lv_obj_get_ext_attr), (44 bytes).
    Removing lv_obj.o(i.lv_obj_get_ext_click_pad_bottom), (44 bytes).
    Removing lv_obj.o(i.lv_obj_get_ext_click_pad_left), (44 bytes).
    Removing lv_obj.o(i.lv_obj_get_ext_click_pad_right), (44 bytes).
    Removing lv_obj.o(i.lv_obj_get_ext_click_pad_top), (44 bytes).
    Removing lv_obj.o(i.lv_obj_get_ext_draw_pad), (44 bytes).
    Removing lv_obj.o(i.lv_obj_get_height), (40 bytes).
    Removing lv_obj.o(i.lv_obj_get_height_fit), (64 bytes).
    Removing lv_obj.o(i.lv_obj_get_inner_coords), (104 bytes).
    Removing lv_obj.o(i.lv_obj_get_opa_scale_enable), (48 bytes).
    Removing lv_obj.o(i.lv_obj_get_parent_event), (48 bytes).
    Removing lv_obj.o(i.lv_obj_get_protect), (44 bytes).
    Removing lv_obj.o(i.lv_obj_get_signal_cb), (44 bytes).
    Removing lv_obj.o(i.lv_obj_get_top), (48 bytes).
    Removing lv_obj.o(i.lv_obj_get_type), (140 bytes).
    Removing lv_obj.o(i.lv_obj_get_width), (40 bytes).
    Removing lv_obj.o(i.lv_obj_get_width_fit), (64 bytes).
    Removing lv_obj.o(i.lv_obj_move_background), (96 bytes).
    Removing lv_obj.o(i.lv_obj_move_foreground), (96 bytes).
    Removing lv_obj.o(i.lv_obj_realign), (76 bytes).
    Removing lv_obj.o(i.lv_obj_report_style_mod), (104 bytes).
    Removing lv_obj.o(i.lv_obj_set_auto_realign), (52 bytes).
    Removing lv_obj.o(i.lv_obj_set_base_dir), (52 bytes).
    Removing lv_obj.o(i.lv_obj_set_click), (40 bytes).
    Removing lv_obj.o(i.lv_obj_set_design_cb), (44 bytes).
    Removing lv_obj.o(i.lv_obj_set_drag), (64 bytes).
    Removing lv_obj.o(i.lv_obj_set_drag_dir), (72 bytes).
    Removing lv_obj.o(i.lv_obj_set_drag_parent), (52 bytes).
    Removing lv_obj.o(i.lv_obj_set_drag_throw), (52 bytes).
    Removing lv_obj.o(i.lv_obj_set_event_cb), (44 bytes).
    Removing lv_obj.o(i.lv_obj_set_ext_click_area), (44 bytes).
    Removing lv_obj.o(i.lv_obj_set_height), (60 bytes).
    Removing lv_obj.o(i.lv_obj_set_hidden), (96 bytes).
    Removing lv_obj.o(i.lv_obj_set_opa_scale), (56 bytes).
    Removing lv_obj.o(i.lv_obj_set_opa_scale_enable), (52 bytes).
    Removing lv_obj.o(i.lv_obj_set_parent), (156 bytes).
    Removing lv_obj.o(i.lv_obj_set_parent_event), (52 bytes).
    Removing lv_obj.o(i.lv_obj_set_protect), (52 bytes).
    Removing lv_obj.o(i.lv_obj_set_signal_cb), (44 bytes).
    Removing lv_obj.o(i.lv_obj_set_size), (168 bytes).
    Removing lv_obj.o(i.lv_obj_set_top), (52 bytes).
    Removing lv_obj.o(i.lv_obj_set_width), (60 bytes).
    Removing lv_obj.o(i.lv_obj_set_x), (60 bytes).
    Removing lv_obj.o(i.lv_obj_set_y), (60 bytes).
    Removing lv_obj.o(i.lv_signal_send), (64 bytes).
    Removing lv_obj.o(i.report_style_mod_core), (56 bytes).
    Removing lv_refr.o(.rev16_text), (4 bytes).
    Removing lv_refr.o(.revsh_text), (4 bytes).
    Removing lv_refr.o(.rrx_text), (6 bytes).
    Removing lv_refr.o(i.lv_refr_now), (32 bytes).
    Removing lv_refr.o(i.lv_refr_set_disp_refreshing), (12 bytes).
    Removing lv_style.o(.rev16_text), (4 bytes).
    Removing lv_style.o(.revsh_text), (4 bytes).
    Removing lv_style.o(.rrx_text), (6 bytes).
    Removing lv_style.o(i.lv_color_mix), (84 bytes).
    Removing lv_style.o(i.lv_style_mix), (620 bytes).
    Removing lv_draw.o(.rev16_text), (4 bytes).
    Removing lv_draw.o(.revsh_text), (4 bytes).
    Removing lv_draw.o(.rrx_text), (6 bytes).
    Removing lv_draw.o(i.lv_draw_aa_hor_seg), (78 bytes).
    Removing lv_draw.o(i.lv_draw_aa_ver_seg), (78 bytes).
    Removing lv_draw_arc.o(i.deg_test_inv), (16 bytes).
    Removing lv_draw_arc.o(i.deg_test_norm), (16 bytes).
    Removing lv_draw_arc.o(i.hor_line), (38 bytes).
    Removing lv_draw_arc.o(i.lv_draw_arc), (1172 bytes).
    Removing lv_draw_arc.o(i.ver_line), (40 bytes).
    Removing lv_draw_basic.o(.rev16_text), (4 bytes).
    Removing lv_draw_basic.o(.revsh_text), (4 bytes).
    Removing lv_draw_basic.o(.rrx_text), (6 bytes).
    Removing lv_draw_basic.o(i.lv_draw_letter), (1066 bytes).
    Removing lv_draw_basic.o(i.lv_draw_map), (670 bytes).
    Removing lv_draw_img.o(i.lv_draw_img), (88 bytes).
    Removing lv_draw_img.o(i.lv_img_buf_alloc), (92 bytes).
    Removing lv_draw_img.o(i.lv_img_buf_free), (26 bytes).
    Removing lv_draw_img.o(i.lv_img_buf_get_img_size), (118 bytes).
    Removing lv_draw_img.o(i.lv_img_buf_get_px_alpha), (228 bytes).
    Removing lv_draw_img.o(i.lv_img_buf_get_px_color), (246 bytes).
    Removing lv_draw_img.o(i.lv_img_buf_set_palette), (112 bytes).
    Removing lv_draw_img.o(i.lv_img_buf_set_px_alpha), (176 bytes).
    Removing lv_draw_img.o(i.lv_img_buf_set_px_color), (262 bytes).
    Removing lv_draw_img.o(i.lv_img_color_format_has_alpha), (32 bytes).
    Removing lv_draw_img.o(i.lv_img_color_format_is_chroma_keyed), (26 bytes).
    Removing lv_draw_img.o(i.lv_img_draw_core), (340 bytes).
    Removing lv_draw_label.o(i.hex_char_to_num), (64 bytes).
    Removing lv_draw_label.o(i.lv_area_get_width), (12 bytes).
    Removing lv_draw_label.o(i.lv_draw_label), (1136 bytes).
    Removing lv_draw_line.o(.rev16_text), (4 bytes).
    Removing lv_draw_line.o(.revsh_text), (4 bytes).
    Removing lv_draw_line.o(.rrx_text), (6 bytes).
    Removing lv_draw_line.o(i.line_draw_hor), (122 bytes).
    Removing lv_draw_line.o(i.line_draw_skew), (2314 bytes).
    Removing lv_draw_line.o(i.line_draw_ver), (114 bytes).
    Removing lv_draw_line.o(i.line_init), (120 bytes).
    Removing lv_draw_line.o(i.line_next), (84 bytes).
    Removing lv_draw_line.o(i.lv_draw_line), (500 bytes).
    Removing lv_draw_rect.o(.rev16_text), (4 bytes).
    Removing lv_draw_rect.o(.revsh_text), (4 bytes).
    Removing lv_draw_rect.o(.rrx_text), (6 bytes).
    Removing lv_draw_triangle.o(i.lv_draw_polygon), (92 bytes).
    Removing lv_draw_triangle.o(i.lv_draw_triangle), (262 bytes).
    Removing lv_draw_triangle.o(i.point_swap), (20 bytes).
    Removing lv_draw_triangle.o(i.tri_draw_flat), (728 bytes).
    Removing lv_draw_triangle.o(i.tri_draw_tall), (590 bytes).
    Removing lv_img_cache.o(.rev16_text), (4 bytes).
    Removing lv_img_cache.o(.revsh_text), (4 bytes).
    Removing lv_img_cache.o(.rrx_text), (6 bytes).
    Removing lv_img_cache.o(i.lv_img_cache_open), (284 bytes).
    Removing lv_img_decoder.o(.rev16_text), (4 bytes).
    Removing lv_img_decoder.o(.revsh_text), (4 bytes).
    Removing lv_img_decoder.o(.rrx_text), (6 bytes).
    Removing lv_img_decoder.o(i.lv_img_decoder_delete), (28 bytes).
    Removing lv_img_decoder.o(i.lv_img_decoder_get_info), (68 bytes).
    Removing lv_img_decoder.o(i.lv_img_decoder_open), (140 bytes).
    Removing lv_img_decoder.o(i.lv_img_decoder_read_line), (38 bytes).
    Removing lv_img_decoder.o(i.lv_img_decoder_set_close_cb), (4 bytes).
    Removing lv_img_decoder.o(i.lv_img_decoder_set_info_cb), (4 bytes).
    Removing lv_img_decoder.o(i.lv_img_decoder_set_open_cb), (4 bytes).
    Removing lv_img_decoder.o(i.lv_img_decoder_set_read_line_cb), (4 bytes).
    Removing lv_font.o(i.lv_font_get_glyph_bitmap), (4 bytes).
    Removing lv_font.o(i.lv_font_get_glyph_dsc), (10 bytes).
    Removing lv_font.o(i.lv_font_get_glyph_width), (22 bytes).
    Removing lv_font_fmt_txt.o(.rev16_text), (4 bytes).
    Removing lv_font_fmt_txt.o(.revsh_text), (4 bytes).
    Removing lv_font_fmt_txt.o(.rrx_text), (6 bytes).
    Removing lv_font_roboto_12.o(.rev16_text), (4 bytes).
    Removing lv_font_roboto_12.o(.revsh_text), (4 bytes).
    Removing lv_font_roboto_12.o(.rrx_text), (6 bytes).
    Removing lv_font_roboto_12_subpx.o(.rev16_text), (4 bytes).
    Removing lv_font_roboto_12_subpx.o(.revsh_text), (4 bytes).
    Removing lv_font_roboto_12_subpx.o(.rrx_text), (6 bytes).
    Removing lv_font_roboto_12_subpx.o(.constdata), (20429 bytes).
    Removing lv_font_roboto_12_subpx.o(.constdata), (1224 bytes).
    Removing lv_font_roboto_12_subpx.o(.constdata), (114 bytes).
    Removing lv_font_roboto_12_subpx.o(.constdata), (40 bytes).
    Removing lv_font_roboto_12_subpx.o(.constdata), (153 bytes).
    Removing lv_font_roboto_12_subpx.o(.constdata), (153 bytes).
    Removing lv_font_roboto_12_subpx.o(.constdata), (1400 bytes).
    Removing lv_font_roboto_12_subpx.o(.constdata), (16 bytes).
    Removing lv_font_roboto_12_subpx.o(.data), (28 bytes).
    Removing lv_font_roboto_12_subpx.o(.data), (16 bytes).
    Removing lv_font_roboto_16.o(.rev16_text), (4 bytes).
    Removing lv_font_roboto_16.o(.revsh_text), (4 bytes).
    Removing lv_font_roboto_16.o(.rrx_text), (6 bytes).
    Removing lv_font_roboto_22.o(.rev16_text), (4 bytes).
    Removing lv_font_roboto_22.o(.revsh_text), (4 bytes).
    Removing lv_font_roboto_22.o(.rrx_text), (6 bytes).
    Removing lv_font_roboto_28.o(.rev16_text), (4 bytes).
    Removing lv_font_roboto_28.o(.revsh_text), (4 bytes).
    Removing lv_font_roboto_28.o(.rrx_text), (6 bytes).
    Removing lv_font_roboto_28_compressed.o(.rev16_text), (4 bytes).
    Removing lv_font_roboto_28_compressed.o(.revsh_text), (4 bytes).
    Removing lv_font_roboto_28_compressed.o(.rrx_text), (6 bytes).
    Removing lv_font_roboto_28_compressed.o(.constdata), (12677 bytes).
    Removing lv_font_roboto_28_compressed.o(.constdata), (1224 bytes).
    Removing lv_font_roboto_28_compressed.o(.constdata), (114 bytes).
    Removing lv_font_roboto_28_compressed.o(.constdata), (40 bytes).
    Removing lv_font_roboto_28_compressed.o(.constdata), (153 bytes).
    Removing lv_font_roboto_28_compressed.o(.constdata), (153 bytes).
    Removing lv_font_roboto_28_compressed.o(.constdata), (1400 bytes).
    Removing lv_font_roboto_28_compressed.o(.constdata), (16 bytes).
    Removing lv_font_roboto_28_compressed.o(.data), (28 bytes).
    Removing lv_font_roboto_28_compressed.o(.data), (16 bytes).
    Removing lv_font_unscii_8.o(.rev16_text), (4 bytes).
    Removing lv_font_unscii_8.o(.revsh_text), (4 bytes).
    Removing lv_font_unscii_8.o(.rrx_text), (6 bytes).
    Removing lv_hal_disp.o(.rev16_text), (4 bytes).
    Removing lv_hal_disp.o(.revsh_text), (4 bytes).
    Removing lv_hal_disp.o(.rrx_text), (6 bytes).
    Removing lv_hal_disp.o(i.lv_disp_drv_update), (58 bytes).
    Removing lv_hal_disp.o(i.lv_disp_get_inv_buf_size), (10 bytes).
    Removing lv_hal_disp.o(i.lv_disp_get_next), (20 bytes).
    Removing lv_hal_disp.o(i.lv_disp_pop_from_inv_buf), (24 bytes).
    Removing lv_hal_disp.o(i.lv_disp_remove), (84 bytes).
    Removing lv_hal_disp.o(i.lv_disp_set_default), (12 bytes).
    Removing lv_hal_indev.o(.rev16_text), (4 bytes).
    Removing lv_hal_indev.o(.revsh_text), (4 bytes).
    Removing lv_hal_indev.o(.rrx_text), (6 bytes).
    Removing lv_hal_indev.o(i.lv_indev_drv_init), (34 bytes).
    Removing lv_hal_indev.o(i.lv_indev_drv_register), (132 bytes).
    Removing lv_hal_indev.o(i.lv_indev_drv_update), (6 bytes).
    Removing lv_hal_indev.o(i.lv_indev_read), (50 bytes).
    Removing lv_area.o(i.lv_area_increment), (26 bytes).
    Removing lv_area.o(i.lv_area_is_point_on), (50 bytes).
    Removing lv_area.o(i.lv_area_set_height), (10 bytes).
    Removing lv_area.o(i.lv_area_set_pos), (48 bytes).
    Removing lv_area.o(i.lv_area_set_width), (10 bytes).
    Removing lv_async.o(i.lv_async_call), (60 bytes).
    Removing lv_async.o(i.lv_async_task_cb), (20 bytes).
    Removing lv_color.o(i.lv_color_hsv_to_rgb), (178 bytes).
    Removing lv_color.o(i.lv_color_make), (48 bytes).
    Removing lv_color.o(i.lv_color_rgb_to_hsv), (228 bytes).
    Removing lv_color.o(i.lv_color_to_hsv), (80 bytes).
    Removing lv_gc.o(.bss), (12 bytes).
    Removing lv_gc.o(.bss), (12 bytes).
    Removing lv_gc.o(.bss), (12 bytes).
    Removing lv_gc.o(.bss), (12 bytes).
    Removing lv_ll.o(i.lv_ll_chg_list), (104 bytes).
    Removing lv_ll.o(i.lv_ll_clear), (44 bytes).
    Removing lv_ll.o(i.lv_ll_get_len), (28 bytes).
    Removing lv_ll.o(i.lv_ll_is_empty), (18 bytes).
    Removing lv_ll.o(i.lv_ll_swap), (2 bytes).
    Removing lv_math.o(i.lv_atan2), (146 bytes).
    Removing lv_math.o(i.lv_bezier3), (78 bytes).
    Removing lv_math.o(i.lv_sqrt), (40 bytes).
    Removing lv_math.o(i.lv_trigo_sin), (84 bytes).
    Removing lv_math.o(.constdata), (182 bytes).
    Removing lv_mem.o(i.lv_mem_defrag), (70 bytes).
    Removing lv_mem.o(i.lv_mem_monitor), (108 bytes).
    Removing lv_printf.o(i._atoi), (46 bytes).
    Removing lv_printf.o(i._etoa), (1012 bytes).
    Removing lv_printf.o(i._ftoa), (748 bytes).
    Removing lv_printf.o(i._is_digit), (14 bytes).
    Removing lv_printf.o(i._ntoa_format), (228 bytes).
    Removing lv_printf.o(i._ntoa_long), (128 bytes).
    Removing lv_printf.o(i._ntoa_long_long), (128 bytes).
    Removing lv_printf.o(i._out_buffer), (8 bytes).
    Removing lv_printf.o(i._out_null), (2 bytes).
    Removing lv_printf.o(i._out_rev), (108 bytes).
    Removing lv_printf.o(i._vsnprintf), (1172 bytes).
    Removing lv_printf.o(i.lv_snprintf), (32 bytes).
    Removing lv_printf.o(i.lv_vsnprintf), (24 bytes).
    Removing lv_printf.o(.constdata), (80 bytes).
    Removing lv_task.o(.rev16_text), (4 bytes).
    Removing lv_task.o(.revsh_text), (4 bytes).
    Removing lv_task.o(.rrx_text), (6 bytes).
    Removing lv_task.o(i.lv_task_enable), (12 bytes).
    Removing lv_task.o(i.lv_task_get_idle), (12 bytes).
    Removing lv_task.o(i.lv_task_once), (10 bytes).
    Removing lv_task.o(i.lv_task_reset), (12 bytes).
    Removing lv_task.o(i.lv_task_set_cb), (4 bytes).
    Removing lv_task.o(i.lv_task_set_period), (4 bytes).
    Removing lv_txt.o(i.lv_txt_cut), (64 bytes).
    Removing lv_txt.o(i.lv_txt_get_next_line), (184 bytes).
    Removing lv_txt.o(i.lv_txt_get_next_word), (340 bytes).
    Removing lv_txt.o(i.lv_txt_get_size), (176 bytes).
    Removing lv_txt.o(i.lv_txt_get_width), (136 bytes).
    Removing lv_txt.o(i.lv_txt_ins), (72 bytes).
    Removing lv_txt.o(i.lv_txt_is_cmd), (54 bytes).
    Removing lv_txt.o(i.lv_txt_unicode_to_utf8), (126 bytes).
    Removing lv_txt.o(i.lv_txt_utf8_conv_wc), (46 bytes).
    Removing lv_txt.o(i.lv_txt_utf8_get_byte_id), (48 bytes).
    Removing lv_txt.o(i.lv_txt_utf8_get_char_id), (40 bytes).
    Removing lv_txt.o(i.lv_txt_utf8_get_length), (40 bytes).
    Removing lv_txt.o(i.lv_txt_utf8_next), (138 bytes).
    Removing lv_txt.o(i.lv_txt_utf8_prev), (72 bytes).
    Removing lv_txt.o(i.lv_txt_utf8_size), (50 bytes).
    Removing lv_txt.o(.data), (16 bytes).
    Removing lv_txt.o(.data), (4 bytes).
    Removing lv_txt.o(.data), (4 bytes).
    Removing lv_txt.o(.data), (4 bytes).
    Removing lv_txt.o(.data), (4 bytes).
    Removing lv_utils.o(i.lv_utils_num_to_str), (114 bytes).
    Removing lv_bar.o(.rev16_text), (4 bytes).
    Removing lv_bar.o(.revsh_text), (4 bytes).
    Removing lv_bar.o(.rrx_text), (6 bytes).
    Removing lv_bar.o(i.lv_bar_create), (292 bytes).
    Removing lv_bar.o(i.lv_bar_design), (356 bytes).
    Removing lv_bar.o(i.lv_bar_get_anim_time), (44 bytes).
    Removing lv_bar.o(i.lv_bar_get_max_value), (52 bytes).
    Removing lv_bar.o(i.lv_bar_get_min_value), (52 bytes).
    Removing lv_bar.o(i.lv_bar_get_style), (72 bytes).
    Removing lv_bar.o(i.lv_bar_get_sym), (52 bytes).
    Removing lv_bar.o(i.lv_bar_get_value), (52 bytes).
    Removing lv_bar.o(i.lv_bar_set_anim_time), (44 bytes).
    Removing lv_bar.o(i.lv_bar_set_range), (128 bytes).
    Removing lv_bar.o(i.lv_bar_set_style), (80 bytes).
    Removing lv_bar.o(i.lv_bar_set_sym), (52 bytes).
    Removing lv_bar.o(i.lv_bar_set_value), (92 bytes).
    Removing lv_bar.o(i.lv_bar_signal), (84 bytes).
    Removing lv_bar.o(.data), (8 bytes).
    Removing lv_btn.o(.rev16_text), (4 bytes).
    Removing lv_btn.o(.revsh_text), (4 bytes).
    Removing lv_btn.o(.rrx_text), (6 bytes).
    Removing lv_btn.o(i.lv_btn_create), (332 bytes).
    Removing lv_btn.o(i.lv_btn_design), (32 bytes).
    Removing lv_btn.o(i.lv_btn_get_ink_in_time), (44 bytes).
    Removing lv_btn.o(i.lv_btn_get_ink_out_time), (44 bytes).
    Removing lv_btn.o(i.lv_btn_get_ink_wait_time), (44 bytes).
    Removing lv_btn.o(i.lv_btn_get_state), (52 bytes).
    Removing lv_btn.o(i.lv_btn_get_style), (152 bytes).
    Removing lv_btn.o(i.lv_btn_get_toggle), (52 bytes).
    Removing lv_btn.o(i.lv_btn_set_ink_in_time), (44 bytes).
    Removing lv_btn.o(i.lv_btn_set_ink_out_time), (44 bytes).
    Removing lv_btn.o(i.lv_btn_set_ink_wait_time), (44 bytes).
    Removing lv_btn.o(i.lv_btn_set_state), (80 bytes).
    Removing lv_btn.o(i.lv_btn_set_style), (104 bytes).
    Removing lv_btn.o(i.lv_btn_set_toggle), (56 bytes).
    Removing lv_btn.o(i.lv_btn_signal), (344 bytes).
    Removing lv_btn.o(i.lv_btn_toggle), (92 bytes).
    Removing lv_btn.o(.data), (8 bytes).
    Removing lv_btnm.o(.rev16_text), (4 bytes).
    Removing lv_btnm.o(.revsh_text), (4 bytes).
    Removing lv_btnm.o(.rrx_text), (6 bytes).
    Removing lv_btnm.o(i.allocate_btn_areas_and_controls), (176 bytes).
    Removing lv_btnm.o(i.get_button_from_point), (124 bytes).
    Removing lv_btnm.o(i.get_button_width), (10 bytes).
    Removing lv_btnm.o(i.invalidate_button_area), (108 bytes).
    Removing lv_btnm.o(i.lv_btnm_clear_btn_ctrl), (80 bytes).
    Removing lv_btnm.o(i.lv_btnm_clear_btn_ctrl_all), (80 bytes).
    Removing lv_btnm.o(i.lv_btnm_create), (364 bytes).
    Removing lv_btnm.o(i.lv_btnm_design), (616 bytes).
    Removing lv_btnm.o(i.lv_btnm_get_active_btn), (48 bytes).
    Removing lv_btnm.o(i.lv_btnm_get_active_btn_text), (68 bytes).
    Removing lv_btnm.o(i.lv_btnm_get_btn_ctrl), (72 bytes).
    Removing lv_btnm.o(i.lv_btnm_get_btn_text), (116 bytes).
    Removing lv_btnm.o(i.lv_btnm_get_map_array), (48 bytes).
    Removing lv_btnm.o(i.lv_btnm_get_one_toggle), (56 bytes).
    Removing lv_btnm.o(i.lv_btnm_get_pressed_btn), (48 bytes).
    Removing lv_btnm.o(i.lv_btnm_get_recolor), (56 bytes).
    Removing lv_btnm.o(i.lv_btnm_get_style), (96 bytes).
    Removing lv_btnm.o(i.lv_btnm_set_btn_ctrl), (80 bytes).
    Removing lv_btnm.o(i.lv_btnm_set_btn_ctrl_all), (80 bytes).
    Removing lv_btnm.o(i.lv_btnm_set_btn_width), (96 bytes).
    Removing lv_btnm.o(i.lv_btnm_set_ctrl_map), (72 bytes).
    Removing lv_btnm.o(i.lv_btnm_set_map), (644 bytes).
    Removing lv_btnm.o(i.lv_btnm_set_one_toggle), (68 bytes).
    Removing lv_btnm.o(i.lv_btnm_set_pressed), (80 bytes).
    Removing lv_btnm.o(i.lv_btnm_set_recolor), (68 bytes).
    Removing lv_btnm.o(i.lv_btnm_set_style), (104 bytes).
    Removing lv_btnm.o(i.lv_btnm_signal), (804 bytes).
    Removing lv_btnm.o(i.make_one_button_toggled), (42 bytes).
    Removing lv_btnm.o(.conststring), (45 bytes).
    Removing lv_btnm.o(.data), (36 bytes).
    Removing lv_canvas.o(.rev16_text), (4 bytes).
    Removing lv_canvas.o(.revsh_text), (4 bytes).
    Removing lv_canvas.o(.rrx_text), (6 bytes).
    Removing lv_chart.o(.rev16_text), (4 bytes).
    Removing lv_chart.o(.revsh_text), (4 bytes).
    Removing lv_chart.o(.rrx_text), (6 bytes).
    Removing lv_chart.o(i.lv_chart_add_series), (192 bytes).
    Removing lv_chart.o(i.lv_chart_clear_serie), (108 bytes).
    Removing lv_chart.o(i.lv_chart_create), (356 bytes).
    Removing lv_chart.o(i.lv_chart_create_label_iter), (66 bytes).
    Removing lv_chart.o(i.lv_chart_design), (196 bytes).
    Removing lv_chart.o(i.lv_chart_draw_areas), (356 bytes).
    Removing lv_chart.o(i.lv_chart_draw_cols), (344 bytes).
    Removing lv_chart.o(i.lv_chart_draw_div), (234 bytes).
    Removing lv_chart.o(i.lv_chart_draw_lines), (316 bytes).
    Removing lv_chart.o(i.lv_chart_draw_points), (292 bytes).
    Removing lv_chart.o(i.lv_chart_draw_vertical_lines), (336 bytes).
    Removing lv_chart.o(i.lv_chart_draw_x_ticks), (436 bytes).
    Removing lv_chart.o(i.lv_chart_draw_y_ticks), (542 bytes).
    Removing lv_chart.o(i.lv_chart_get_margin), (48 bytes).
    Removing lv_chart.o(i.lv_chart_get_next_label), (120 bytes).
    Removing lv_chart.o(i.lv_chart_get_point_cnt), (48 bytes).
    Removing lv_chart.o(i.lv_chart_get_series_darking), (52 bytes).
    Removing lv_chart.o(i.lv_chart_get_series_opa), (52 bytes).
    Removing lv_chart.o(i.lv_chart_get_series_width), (52 bytes).
    Removing lv_chart.o(i.lv_chart_get_type), (48 bytes).
    Removing lv_chart.o(i.lv_chart_init_points), (108 bytes).
    Removing lv_chart.o(i.lv_chart_inv_lines), (152 bytes).
    Removing lv_chart.o(i.lv_chart_is_tick_with_label), (22 bytes).
    Removing lv_chart.o(i.lv_chart_refresh), (48 bytes).
    Removing lv_chart.o(i.lv_chart_set_div_line_count), (76 bytes).
    Removing lv_chart.o(i.lv_chart_set_margin), (60 bytes).
    Removing lv_chart.o(i.lv_chart_set_next), (364 bytes).
    Removing lv_chart.o(i.lv_chart_set_point_count), (328 bytes).
    Removing lv_chart.o(i.lv_chart_set_points), (96 bytes).
    Removing lv_chart.o(i.lv_chart_set_range), (80 bytes).
    Removing lv_chart.o(i.lv_chart_set_secondary_y_tick_length), (56 bytes).
    Removing lv_chart.o(i.lv_chart_set_secondary_y_tick_texts), (88 bytes).
    Removing lv_chart.o(i.lv_chart_set_series_darking), (72 bytes).
    Removing lv_chart.o(i.lv_chart_set_series_opa), (72 bytes).
    Removing lv_chart.o(i.lv_chart_set_series_width), (68 bytes).
    Removing lv_chart.o(i.lv_chart_set_type), (68 bytes).
    Removing lv_chart.o(i.lv_chart_set_update_mode), (76 bytes).
    Removing lv_chart.o(i.lv_chart_set_x_tick_length), (56 bytes).
    Removing lv_chart.o(i.lv_chart_set_x_tick_texts), (88 bytes).
    Removing lv_chart.o(i.lv_chart_set_y_tick_length), (56 bytes).
    Removing lv_chart.o(i.lv_chart_set_y_tick_texts), (84 bytes).
    Removing lv_chart.o(i.lv_chart_signal), (112 bytes).
    Removing lv_chart.o(i.lv_color_mix), (84 bytes).
    Removing lv_chart.o(.data), (8 bytes).
    Removing lv_cont.o(.rev16_text), (4 bytes).
    Removing lv_cont.o(.revsh_text), (4 bytes).
    Removing lv_cont.o(.rrx_text), (6 bytes).
    Removing lv_cont.o(i.lv_cont_create), (244 bytes).
    Removing lv_cont.o(i.lv_cont_get_fit_bottom), (52 bytes).
    Removing lv_cont.o(i.lv_cont_get_fit_left), (52 bytes).
    Removing lv_cont.o(i.lv_cont_get_fit_right), (52 bytes).
    Removing lv_cont.o(i.lv_cont_get_fit_top), (52 bytes).
    Removing lv_cont.o(i.lv_cont_get_layout), (52 bytes).
    Removing lv_cont.o(i.lv_cont_layout_center), (198 bytes).
    Removing lv_cont.o(i.lv_cont_layout_col), (154 bytes).
    Removing lv_cont.o(i.lv_cont_layout_grid), (240 bytes).
    Removing lv_cont.o(i.lv_cont_layout_pretty), (528 bytes).
    Removing lv_cont.o(i.lv_cont_layout_row), (210 bytes).
    Removing lv_cont.o(i.lv_cont_refr_autofit), (676 bytes).
    Removing lv_cont.o(i.lv_cont_refr_layout), (114 bytes).
    Removing lv_cont.o(i.lv_cont_set_fit4), (136 bytes).
    Removing lv_cont.o(i.lv_cont_set_layout), (80 bytes).
    Removing lv_cont.o(i.lv_cont_signal), (128 bytes).
    Removing lv_cont.o(.data), (4 bytes).
    Removing lv_cpicker.o(.rev16_text), (4 bytes).
    Removing lv_cpicker.o(.revsh_text), (4 bytes).
    Removing lv_cpicker.o(.rrx_text), (6 bytes).
    Removing lv_cpicker.o(i.angle_to_mode_color), (96 bytes).
    Removing lv_cpicker.o(i.double_click_reset), (100 bytes).
    Removing lv_cpicker.o(i.draw_disc_grad), (784 bytes).
    Removing lv_cpicker.o(i.draw_rect_grad), (356 bytes).
    Removing lv_cpicker.o(i.get_indic_area), (130 bytes).
    Removing lv_cpicker.o(i.invalidate_indic), (26 bytes).
    Removing lv_cpicker.o(i.lv_cpicker_create), (308 bytes).
    Removing lv_cpicker.o(i.lv_cpicker_design), (132 bytes).
    Removing lv_cpicker.o(i.lv_cpicker_get_color), (64 bytes).
    Removing lv_cpicker.o(i.lv_cpicker_get_color_mode), (52 bytes).
    Removing lv_cpicker.o(i.lv_cpicker_get_color_mode_fixed), (52 bytes).
    Removing lv_cpicker.o(i.lv_cpicker_get_hsv), (48 bytes).
    Removing lv_cpicker.o(i.lv_cpicker_get_hue), (48 bytes).
    Removing lv_cpicker.o(i.lv_cpicker_get_indic_colored), (52 bytes).
    Removing lv_cpicker.o(i.lv_cpicker_get_preview), (52 bytes).
    Removing lv_cpicker.o(i.lv_cpicker_get_saturation), (48 bytes).
    Removing lv_cpicker.o(i.lv_cpicker_get_style), (72 bytes).
    Removing lv_cpicker.o(i.lv_cpicker_get_value), (48 bytes).
    Removing lv_cpicker.o(i.lv_cpicker_set_color), (96 bytes).
    Removing lv_cpicker.o(i.lv_cpicker_set_color_mode), (72 bytes).
    Removing lv_cpicker.o(i.lv_cpicker_set_color_mode_fixed), (56 bytes).
    Removing lv_cpicker.o(i.lv_cpicker_set_hsv), (152 bytes).
    Removing lv_cpicker.o(i.lv_cpicker_set_hue), (26 bytes).
    Removing lv_cpicker.o(i.lv_cpicker_set_indic_colored), (60 bytes).
    Removing lv_cpicker.o(i.lv_cpicker_set_preview), (64 bytes).
    Removing lv_cpicker.o(i.lv_cpicker_set_saturation), (26 bytes).
    Removing lv_cpicker.o(i.lv_cpicker_set_style), (80 bytes).
    Removing lv_cpicker.o(i.lv_cpicker_set_type), (88 bytes).
    Removing lv_cpicker.o(i.lv_cpicker_set_value), (26 bytes).
    Removing lv_cpicker.o(i.lv_cpicker_signal), (804 bytes).
    Removing lv_cpicker.o(i.next_color_mode), (48 bytes).
    Removing lv_cpicker.o(i.refr_indic_pos), (234 bytes).
    Removing lv_cpicker.o(.constdata), (4 bytes).
    Removing lv_cpicker.o(.data), (8 bytes).
    Removing lv_img.o(.rev16_text), (4 bytes).
    Removing lv_img.o(.revsh_text), (4 bytes).
    Removing lv_img.o(.rrx_text), (6 bytes).
    Removing lv_img.o(i.lv_img_create), (264 bytes).
    Removing lv_img.o(i.lv_img_design), (346 bytes).
    Removing lv_img.o(i.lv_img_get_auto_size), (52 bytes).
    Removing lv_img.o(i.lv_img_get_file_name), (68 bytes).
    Removing lv_img.o(i.lv_img_get_offset_x), (52 bytes).
    Removing lv_img.o(i.lv_img_get_offset_y), (52 bytes).
    Removing lv_img.o(i.lv_img_get_src), (48 bytes).
    Removing lv_img.o(i.lv_img_set_auto_size), (56 bytes).
    Removing lv_img.o(i.lv_img_set_offset_x), (72 bytes).
    Removing lv_img.o(i.lv_img_set_offset_y), (72 bytes).
    Removing lv_img.o(i.lv_img_set_src), (360 bytes).
    Removing lv_img.o(i.lv_img_signal), (124 bytes).
    Removing lv_img.o(.data), (4 bytes).
    Removing lv_imgbtn.o(.rev16_text), (4 bytes).
    Removing lv_imgbtn.o(.revsh_text), (4 bytes).
    Removing lv_imgbtn.o(.rrx_text), (6 bytes).
    Removing lv_label.o(.rev16_text), (4 bytes).
    Removing lv_label.o(.revsh_text), (4 bytes).
    Removing lv_label.o(.rrx_text), (6 bytes).
    Removing lv_label.o(i.lv_label_create), (448 bytes).
    Removing lv_label.o(i.lv_label_cut_text), (88 bytes).
    Removing lv_label.o(i.lv_label_design), (502 bytes).
    Removing lv_label.o(i.lv_label_dot_tmp_free), (36 bytes).
    Removing lv_label.o(i.lv_label_get_align), (60 bytes).
    Removing lv_label.o(i.lv_label_get_anim_speed), (44 bytes).
    Removing lv_label.o(i.lv_label_get_body_draw), (52 bytes).
    Removing lv_label.o(i.lv_label_get_letter_on), (516 bytes).
    Removing lv_label.o(i.lv_label_get_letter_pos), (440 bytes).
    Removing lv_label.o(i.lv_label_get_long_mode), (52 bytes).
    Removing lv_label.o(i.lv_label_get_recolor), (52 bytes).
    Removing lv_label.o(i.lv_label_get_text), (48 bytes).
    Removing lv_label.o(i.lv_label_get_text_sel_end), (32 bytes).
    Removing lv_label.o(i.lv_label_get_text_sel_start), (32 bytes).
    Removing lv_label.o(i.lv_label_ins_text), (200 bytes).
    Removing lv_label.o(i.lv_label_is_char_under_pos), (468 bytes).
    Removing lv_label.o(i.lv_label_refr_text), (392 bytes).
    Removing lv_label.o(i.lv_label_revert_dots), (108 bytes).
    Removing lv_label.o(i.lv_label_set_align), (76 bytes).
    Removing lv_label.o(i.lv_label_set_anim_speed), (44 bytes).
    Removing lv_label.o(i.lv_label_set_array_text), (164 bytes).
    Removing lv_label.o(i.lv_label_set_body_draw), (80 bytes).
    Removing lv_label.o(i.lv_label_set_dot_tmp), (86 bytes).
    Removing lv_label.o(i.lv_label_set_long_mode), (128 bytes).
    Removing lv_label.o(i.lv_label_set_recolor), (76 bytes).
    Removing lv_label.o(i.lv_label_set_static_text), (112 bytes).
    Removing lv_label.o(i.lv_label_set_text), (232 bytes).
    Removing lv_label.o(i.lv_label_set_text_fmt), (204 bytes).
    Removing lv_label.o(i.lv_label_set_text_sel_end), (44 bytes).
    Removing lv_label.o(i.lv_label_set_text_sel_start), (44 bytes).
    Removing lv_label.o(i.lv_label_signal), (236 bytes).
    Removing lv_label.o(.data), (4 bytes).
    Removing lv_list.o(.rev16_text), (4 bytes).
    Removing lv_list.o(.revsh_text), (4 bytes).
    Removing lv_list.o(.rrx_text), (6 bytes).
    Removing lv_list.o(i.lv_cont_set_fit2), (14 bytes).
    Removing lv_list.o(i.lv_list_add_btn), (332 bytes).
    Removing lv_list.o(i.lv_list_btn_signal), (180 bytes).
    Removing lv_list.o(i.lv_list_clean), (60 bytes).
    Removing lv_list.o(i.lv_list_create), (456 bytes).
    Removing lv_list.o(i.lv_list_down), (108 bytes).
    Removing lv_list.o(i.lv_list_focus), (64 bytes).
    Removing lv_list.o(i.lv_list_get_btn_img), (112 bytes).
    Removing lv_list.o(i.lv_list_get_btn_index), (108 bytes).
    Removing lv_list.o(i.lv_list_get_btn_label), (116 bytes).
    Removing lv_list.o(i.lv_list_get_btn_text), (60 bytes).
    Removing lv_list.o(i.lv_list_get_layout), (52 bytes).
    Removing lv_list.o(i.lv_list_get_next_btn), (88 bytes).
    Removing lv_list.o(i.lv_list_get_prev_btn), (88 bytes).
    Removing lv_list.o(i.lv_list_get_single_mode), (56 bytes).
    Removing lv_list.o(i.lv_list_get_size), (48 bytes).
    Removing lv_list.o(i.lv_list_get_style), (112 bytes).
    Removing lv_list.o(i.lv_list_is_list_btn), (56 bytes).
    Removing lv_list.o(i.lv_list_remove), (112 bytes).
    Removing lv_list.o(i.lv_list_set_layout), (132 bytes).
    Removing lv_list.o(i.lv_list_set_single_mode), (52 bytes).
    Removing lv_list.o(i.lv_list_set_style), (196 bytes).
    Removing lv_list.o(i.lv_list_signal), (84 bytes).
    Removing lv_list.o(i.lv_list_up), (140 bytes).
    Removing lv_list.o(i.lv_page_set_scrl_layout), (18 bytes).
    Removing lv_list.o(.data), (16 bytes).
    Removing lv_mbox.o(.rev16_text), (4 bytes).
    Removing lv_mbox.o(.revsh_text), (4 bytes).
    Removing lv_mbox.o(.rrx_text), (6 bytes).
    Removing lv_mbox.o(i.lv_mbox_add_btns), (180 bytes).
    Removing lv_mbox.o(i.lv_mbox_btnm_event_cb), (64 bytes).
    Removing lv_mbox.o(i.lv_mbox_create), (284 bytes).
    Removing lv_mbox.o(i.lv_mbox_default_event_cb), (34 bytes).
    Removing lv_mbox.o(i.lv_mbox_get_active_btn), (64 bytes).
    Removing lv_mbox.o(i.lv_mbox_get_active_btn_text), (60 bytes).
    Removing lv_mbox.o(i.lv_mbox_get_anim_time), (44 bytes).
    Removing lv_mbox.o(i.lv_mbox_get_btnm), (48 bytes).
    Removing lv_mbox.o(i.lv_mbox_get_recolor), (60 bytes).
    Removing lv_mbox.o(i.lv_mbox_get_style), (120 bytes).
    Removing lv_mbox.o(i.lv_mbox_get_text), (56 bytes).
    Removing lv_mbox.o(i.lv_mbox_set_anim_time), (44 bytes).
    Removing lv_mbox.o(i.lv_mbox_set_recolor), (64 bytes).
    Removing lv_mbox.o(i.lv_mbox_set_style), (136 bytes).
    Removing lv_mbox.o(i.lv_mbox_set_text), (84 bytes).
    Removing lv_mbox.o(i.lv_mbox_signal), (204 bytes).
    Removing lv_mbox.o(i.lv_mbox_start_auto_close), (48 bytes).
    Removing lv_mbox.o(i.lv_mbox_stop_auto_close), (44 bytes).
    Removing lv_mbox.o(i.mbox_realign), (110 bytes).
    Removing lv_mbox.o(.data), (4 bytes).
    Removing lv_objx_templ.o(.rev16_text), (4 bytes).
    Removing lv_objx_templ.o(.revsh_text), (4 bytes).
    Removing lv_objx_templ.o(.rrx_text), (6 bytes).
    Removing lv_page.o(.rev16_text), (4 bytes).
    Removing lv_page.o(.revsh_text), (4 bytes).
    Removing lv_page.o(.rrx_text), (6 bytes).
    Removing lv_page.o(i.lv_area_get_height), (12 bytes).
    Removing lv_page.o(i.lv_area_get_width), (12 bytes).
    Removing lv_page.o(i.lv_page_clean), (52 bytes).
    Removing lv_page.o(i.lv_page_create), (500 bytes).
    Removing lv_page.o(i.lv_page_design), (288 bytes).
    Removing lv_page.o(i.lv_page_focus), (314 bytes).
    Removing lv_page.o(i.lv_page_get_anim_time), (32 bytes).
    Removing lv_page.o(i.lv_page_get_edge_flash), (44 bytes).
    Removing lv_page.o(i.lv_page_get_fit_height), (84 bytes).
    Removing lv_page.o(i.lv_page_get_fit_width), (84 bytes).
    Removing lv_page.o(i.lv_page_get_sb_mode), (52 bytes).
    Removing lv_page.o(i.lv_page_get_scrl), (48 bytes).
    Removing lv_page.o(i.lv_page_get_scrl_width), (14 bytes).
    Removing lv_page.o(i.lv_page_get_scroll_propagation), (56 bytes).
    Removing lv_page.o(i.lv_page_get_style), (80 bytes).
    Removing lv_page.o(i.lv_page_glue_obj), (22 bytes).
    Removing lv_page.o(i.lv_page_on_edge), (130 bytes).
    Removing lv_page.o(i.lv_page_sb_refresh), (862 bytes).
    Removing lv_page.o(i.lv_page_scroll_hor), (28 bytes).
    Removing lv_page.o(i.lv_page_scroll_ver), (28 bytes).
    Removing lv_page.o(i.lv_page_scrollable_signal), (872 bytes).
    Removing lv_page.o(i.lv_page_set_anim_time), (44 bytes).
    Removing lv_page.o(i.lv_page_set_edge_flash), (44 bytes).
    Removing lv_page.o(i.lv_page_set_sb_mode), (112 bytes).
    Removing lv_page.o(i.lv_page_set_scroll_propagation), (60 bytes).
    Removing lv_page.o(i.lv_page_set_style), (136 bytes).
    Removing lv_page.o(i.lv_page_signal), (620 bytes).
    Removing lv_page.o(i.lv_page_start_edge_flash), (2 bytes).
    Removing lv_page.o(i.lv_scrl_design), (36 bytes).
    Removing lv_page.o(i.scrl_def_event_cb), (72 bytes).
    Removing lv_page.o(.data), (8 bytes).
    Removing lv_theme.o(.rev16_text), (4 bytes).
    Removing lv_theme.o(.revsh_text), (4 bytes).
    Removing lv_theme.o(.rrx_text), (6 bytes).
    Removing lv_theme.o(i.lv_theme_set_current), (16 bytes).
    Removing lv_theme_alien.o(.rev16_text), (4 bytes).
    Removing lv_theme_alien.o(.revsh_text), (4 bytes).
    Removing lv_theme_alien.o(.rrx_text), (6 bytes).
    Removing lv_theme_default.o(.rev16_text), (4 bytes).
    Removing lv_theme_default.o(.revsh_text), (4 bytes).
    Removing lv_theme_default.o(.rrx_text), (6 bytes).
    Removing lv_theme_default.o(i.basic_init), (148 bytes).
    Removing lv_theme_default.o(i.label_init), (116 bytes).
    Removing lv_theme_default.o(i.lv_color_hex3), (72 bytes).
    Removing lv_theme_default.o(i.lv_theme_default_init), (200 bytes).
    Removing lv_theme_default.o(i.lv_theme_get_default), (8 bytes).
    Removing lv_theme_default.o(.bss), (600 bytes).
    Removing lv_theme_default.o(.data), (8 bytes).
    Removing lv_theme_material.o(.rev16_text), (4 bytes).
    Removing lv_theme_material.o(.revsh_text), (4 bytes).
    Removing lv_theme_material.o(.rrx_text), (6 bytes).
    Removing lv_theme_mono.o(.rev16_text), (4 bytes).
    Removing lv_theme_mono.o(.revsh_text), (4 bytes).
    Removing lv_theme_mono.o(.rrx_text), (6 bytes).
    Removing lv_theme_nemo.o(.rev16_text), (4 bytes).
    Removing lv_theme_nemo.o(.revsh_text), (4 bytes).
    Removing lv_theme_nemo.o(.rrx_text), (6 bytes).
    Removing lv_theme_night.o(.rev16_text), (4 bytes).
    Removing lv_theme_night.o(.revsh_text), (4 bytes).
    Removing lv_theme_night.o(.rrx_text), (6 bytes).
    Removing lv_theme_night.o(i.bar_init), (144 bytes).
    Removing lv_theme_night.o(i.basic_init), (376 bytes).
    Removing lv_theme_night.o(i.btn_init), (500 bytes).
    Removing lv_theme_night.o(i.btnm_init), (204 bytes).
    Removing lv_theme_night.o(i.label_init), (128 bytes).
    Removing lv_theme_night.o(i.list_init), (468 bytes).
    Removing lv_theme_night.o(i.lv_color_hex3), (72 bytes).
    Removing lv_theme_night.o(i.lv_theme_get_night), (8 bytes).
    Removing lv_theme_night.o(i.lv_theme_night_init), (96 bytes).
    Removing lv_theme_night.o(i.mbox_init), (140 bytes).
    Removing lv_theme_night.o(i.page_init), (108 bytes).
    Removing lv_theme_night.o(.bss), (1944 bytes).
    Removing lv_theme_night.o(.data), (8 bytes).
    Removing lv_theme_templ.o(.rev16_text), (4 bytes).
    Removing lv_theme_templ.o(.revsh_text), (4 bytes).
    Removing lv_theme_templ.o(.rrx_text), (6 bytes).
    Removing lv_theme_zen.o(.rev16_text), (4 bytes).
    Removing lv_theme_zen.o(.revsh_text), (4 bytes).
    Removing lv_theme_zen.o(.rrx_text), (6 bytes).
    Removing lv_port_disp.o(.rev16_text), (4 bytes).
    Removing lv_port_disp.o(.revsh_text), (4 bytes).
    Removing lv_port_disp.o(.rrx_text), (6 bytes).
    Removing dadd.o(.text), (334 bytes).
    Removing dmul.o(.text), (228 bytes).
    Removing ddiv.o(.text), (222 bytes).
    Removing dneg.o(.text), (6 bytes).
    Removing dflti.o(.text), (34 bytes).
    Removing dfltui.o(.text), (26 bytes).
    Removing dfixi.o(.text), (62 bytes).
    Removing dfixui.o(.text), (50 bytes).
    Removing cdcmple.o(.text), (48 bytes).
    Removing cdrcmple.o(.text), (48 bytes).
    Removing depilogue.o(.text), (186 bytes).
    Removing dfixul.o(.text), (48 bytes).

879 unused section(s) (total 132837 bytes) removed from the image.
