Component: ARM Compiler 5.06 update 6 (build 750) Tool: armlink [4d35ed]

==============================================================================

Section Cross References

    stm32f4xx_gpio.o(i.GPIO_DeInit) refers to stm32f4xx_rcc.o(i.RCC_AHB1PeriphResetCmd) for RCC_AHB1PeriphResetCmd
    stm32f4xx_usart.o(i.USART_DeInit) refers to stm32f4xx_rcc.o(i.RCC_APB2PeriphResetCmd) for RCC_APB2PeriphResetCmd
    stm32f4xx_usart.o(i.USART_DeInit) refers to stm32f4xx_rcc.o(i.RCC_APB1PeriphResetCmd) for RCC_APB1PeriphResetCmd
    stm32f4xx_usart.o(i.USART_Init) refers to stm32f4xx_rcc.o(i.RCC_GetClocksFreq) for RCC_GetClocksFreq
    stm32f4xx_rcc.o(i.RCC_GetClocksFreq) refers to stm32f4xx_rcc.o(.data) for APBAHBPrescTable
    stm32f4xx_rcc.o(i.RCC_WaitForHSEStartUp) refers to stm32f4xx_rcc.o(i.RCC_GetFlagStatus) for RCC_GetFlagStatus
    main.o(i.main) refers to usart.o(i.USART_Config) for USART_Config
    main.o(i.main) refers to usbh_core.o(i.USBH_Init) for USBH_Init
    main.o(i.main) refers to usbh_core.o(i.USBH_Process) for USBH_Process
    main.o(i.main) refers to usbh_usr.o(.data) for USR_cb
    main.o(i.main) refers to usbh_hid_core.o(.data) for HID_cb
    main.o(i.main) refers to main.o(.bss) for USB_Host
    stm32f4xx_it.o(i.OTG_FS_IRQHandler) refers to usb_hcd_int.o(i.USBH_OTG_ISR_Handler) for USBH_OTG_ISR_Handler
    stm32f4xx_it.o(i.OTG_FS_IRQHandler) refers to main.o(.bss) for USB_OTG_Core
    stm32f4xx_it.o(i.USART1_IRQHandler) refers to stm32f4xx_usart.o(i.USART_GetITStatus) for USART_GetITStatus
    stm32f4xx_it.o(i.USART1_IRQHandler) refers to stm32f4xx_usart.o(i.USART_ClearITPendingBit) for USART_ClearITPendingBit
    usart.o(i.USART_Config) refers to stm32f4xx_rcc.o(i.RCC_AHB1PeriphClockCmd) for RCC_AHB1PeriphClockCmd
    usart.o(i.USART_Config) refers to stm32f4xx_rcc.o(i.RCC_APB2PeriphClockCmd) for RCC_APB2PeriphClockCmd
    usart.o(i.USART_Config) refers to stm32f4xx_gpio.o(i.GPIO_PinAFConfig) for GPIO_PinAFConfig
    usart.o(i.USART_Config) refers to stm32f4xx_gpio.o(i.GPIO_Init) for GPIO_Init
    usart.o(i.USART_Config) refers to stm32f4xx_usart.o(i.USART_Init) for USART_Init
    usart.o(i.USART_Config) refers to stm32f4xx_usart.o(i.USART_Cmd) for USART_Cmd
    usart.o(i.fgetc) refers to stm32f4xx_usart.o(i.USART_GetFlagStatus) for USART_GetFlagStatus
    usart.o(i.fgetc) refers to stm32f4xx_usart.o(i.USART_ReceiveData) for USART_ReceiveData
    usart.o(i.fputc) refers to stm32f4xx_usart.o(i.USART_SendData) for USART_SendData
    usart.o(i.fputc) refers to stm32f4xx_usart.o(i.USART_GetFlagStatus) for USART_GetFlagStatus
    print.o(.rev16_text) refers (Special) to use_no_semi_2.o(.text) for __use_no_semihosting
    print.o(.revsh_text) refers (Special) to use_no_semi_2.o(.text) for __use_no_semihosting
    print.o(.rrx_text) refers (Special) to use_no_semi_2.o(.text) for __use_no_semihosting
    print.o(i._sys_exit) refers (Special) to use_no_semi_2.o(.text) for __use_no_semihosting
    print.o(i.print) refers (Special) to use_no_semi_2.o(.text) for __use_no_semihosting
    print.o(i.print) refers to rt_memclr_w.o(.text) for __aeabi_memclr4
    print.o(i.print) refers to vsprintf.o(.text) for vsprintf
    print.o(i.print) refers to stm32f4xx_usart.o(i.USART_SendData) for USART_SendData
    print.o(i.print) refers to stm32f4xx_usart.o(i.USART_GetFlagStatus) for USART_GetFlagStatus
    print.o(.data) refers (Special) to use_no_semi_2.o(.text) for __use_no_semihosting
    startup_stm32f40_41xxx.o(STACK) refers (Special) to heapauxi.o(.text) for __use_two_region_memory
    startup_stm32f40_41xxx.o(HEAP) refers (Special) to heapauxi.o(.text) for __use_two_region_memory
    startup_stm32f40_41xxx.o(RESET) refers (Special) to heapauxi.o(.text) for __use_two_region_memory
    startup_stm32f40_41xxx.o(RESET) refers to startup_stm32f40_41xxx.o(STACK) for __initial_sp
    startup_stm32f40_41xxx.o(RESET) refers to startup_stm32f40_41xxx.o(.text) for Reset_Handler
    startup_stm32f40_41xxx.o(RESET) refers to stm32f4xx_it.o(i.NMI_Handler) for NMI_Handler
    startup_stm32f40_41xxx.o(RESET) refers to stm32f4xx_it.o(i.HardFault_Handler) for HardFault_Handler
    startup_stm32f40_41xxx.o(RESET) refers to stm32f4xx_it.o(i.MemManage_Handler) for MemManage_Handler
    startup_stm32f40_41xxx.o(RESET) refers to stm32f4xx_it.o(i.BusFault_Handler) for BusFault_Handler
    startup_stm32f40_41xxx.o(RESET) refers to stm32f4xx_it.o(i.UsageFault_Handler) for UsageFault_Handler
    startup_stm32f40_41xxx.o(RESET) refers to stm32f4xx_it.o(i.SVC_Handler) for SVC_Handler
    startup_stm32f40_41xxx.o(RESET) refers to stm32f4xx_it.o(i.DebugMon_Handler) for DebugMon_Handler
    startup_stm32f40_41xxx.o(RESET) refers to stm32f4xx_it.o(i.PendSV_Handler) for PendSV_Handler
    startup_stm32f40_41xxx.o(RESET) refers to stm32f4xx_it.o(i.SysTick_Handler) for SysTick_Handler
[...]
    i.USBH_Connected                         0x080010da   Section        0  usbh_core.o(i.USBH_Connected)
    i.USBH_CtlReceiveData                    0x080010e6   Section        0  usbh_ioreq.o(i.USBH_CtlReceiveData)
    i.USBH_CtlReq                            0x0800112c   Section        0  usbh_ioreq.o(i.USBH_CtlReq)
    i.USBH_CtlSendData                       0x08001190   Section        0  usbh_ioreq.o(i.USBH_CtlSendData)
    i.USBH_CtlSendSetup                      0x080011fe   Section        0  usbh_ioreq.o(i.USBH_CtlSendSetup)
    i.USBH_DeAllocate_AllChannel             0x08001240   Section        0  usbh_hcs.o(i.USBH_DeAllocate_AllChannel)
    i.USBH_DeInit                            0x0800125c   Section        0  usbh_core.o(i.USBH_DeInit)
    i.USBH_Disconnected                      0x08001296   Section        0  usbh_core.o(i.USBH_Disconnected)
    i.USBH_ErrorHandle                       0x080012be   Section        0  usbh_core.o(i.USBH_ErrorHandle)
    i.USBH_Free_Channel                      0x080012ec   Section        0  usbh_hcs.o(i.USBH_Free_Channel)
    i.USBH_GetDescriptor                     0x0800130a   Section        0  usbh_stdreq.o(i.USBH_GetDescriptor)
    i.USBH_GetFreeChannel                    0x0800134e   Section        0  usbh_hcs.o(i.USBH_GetFreeChannel)
    USBH_GetFreeChannel                      0x0800134f   Thumb Code    40  usbh_hcs.o(i.USBH_GetFreeChannel)
    i.USBH_GetNextDesc                       0x08001376   Section        0  usbh_stdreq.o(i.USBH_GetNextDesc)
    i.USBH_Get_CfgDesc                       0x08001388   Section        0  usbh_stdreq.o(i.USBH_Get_CfgDesc)
    i.USBH_Get_DevDesc                       0x080013f4   Section        0  usbh_stdreq.o(i.USBH_Get_DevDesc)
    i.USBH_Get_HID_Descriptor                0x0800142c   Section        0  usbh_hid_core.o(i.USBH_Get_HID_Descriptor)
    USBH_Get_HID_Descriptor                  0x0800142d   Thumb Code    40  usbh_hid_core.o(i.USBH_Get_HID_Descriptor)
    i.USBH_Get_HID_ReportDescriptor          0x08001454   Section        0  usbh_hid_core.o(i.USBH_Get_HID_ReportDescriptor)
    USBH_Get_HID_ReportDescriptor            0x08001455   Thumb Code    40  usbh_hid_core.o(i.USBH_Get_HID_ReportDescriptor)
    i.USBH_Get_StringDesc                    0x0800147c   Section        0  usbh_stdreq.o(i.USBH_Get_StringDesc)
    i.USBH_HID_ClassRequest                  0x080014b8   Section        0  usbh_hid_core.o(i.USBH_HID_ClassRequest)
    USBH_HID_ClassRequest                    0x080014b9   Thumb Code   168  usbh_hid_core.o(i.USBH_HID_ClassRequest)
    i.USBH_HID_Handle                        0x08001568   Section        0  usbh_hid_core.o(i.USBH_HID_Handle)
    USBH_HID_Handle                          0x08001569   Thumb Code   250  usbh_hid_core.o(i.USBH_HID_Handle)
    i.USBH_HID_InterfaceDeInit               0x0800166c   Section        0  usbh_hid_core.o(i.USBH_HID_InterfaceDeInit)
    USBH_HID_InterfaceDeInit                 0x0800166d   Thumb Code    94  usbh_hid_core.o(i.USBH_HID_InterfaceDeInit)
    i.USBH_HID_InterfaceInit                 0x080016d4   Section        0  usbh_hid_core.o(i.USBH_HID_InterfaceInit)
    USBH_HID_InterfaceInit                   0x080016d5   Thumb Code   446  usbh_hid_core.o(i.USBH_HID_InterfaceInit)
    i.USBH_HandleControl                     0x080019d8   Section        0  usbh_core.o(i.USBH_HandleControl)
    i.USBH_HandleEnum                        0x08001c04   Section        0  usbh_core.o(i.USBH_HandleEnum)
    USBH_HandleEnum                          0x08001c05   Thumb Code   474  usbh_core.o(i.USBH_HandleEnum)
    i.USBH_Init                              0x08001de4   Section        0  usbh_core.o(i.USBH_Init)
    i.USBH_InterruptReceiveData              0x08001e28   Section        0  usbh_ioreq.o(i.USBH_InterruptReceiveData)
    i.USBH_Modify_Channel                    0x08001ea0   Section        0  usbh_hcs.o(i.USBH_Modify_Channel)
    i.USBH_OTG_ISR_Handler                   0x08001f04   Section        0  usb_hcd_int.o(i.USBH_OTG_ISR_Handler)
    i.USBH_Open_Channel                      0x08001fac   Section        0  usbh_hcs.o(i.USBH_Open_Channel)
    i.USBH_ParseCfgDesc                      0x08002048   Section        0  usbh_stdreq.o(i.USBH_ParseCfgDesc)
    i.USBH_ParseDevDesc                      0x08002178   Section        0  usbh_stdreq.o(i.USBH_ParseDevDesc)
    USBH_ParseDevDesc                        0x08002179   Thumb Code    88  usbh_stdreq.o(i.USBH_ParseDevDesc)
    i.USBH_ParseEPDesc                       0x080021d0   Section        0  usbh_stdreq.o(i.USBH_ParseEPDesc)
    USBH_ParseEPDesc                         0x080021d1   Thumb Code    32  usbh_stdreq.o(i.USBH_ParseEPDesc)
    i.USBH_ParseHIDDesc                      0x080021f0   Section        0  usbh_hid_core.o(i.USBH_ParseHIDDesc)
    USBH_ParseHIDDesc                        0x080021f1   Thumb Code    42  usbh_hid_core.o(i.USBH_ParseHIDDesc)
    i.USBH_ParseInterfaceDesc                0x0800221a   Section        0  usbh_stdreq.o(i.USBH_ParseInterfaceDesc)
    USBH_ParseInterfaceDesc                  0x0800221b   Thumb Code    38  usbh_stdreq.o(i.USBH_ParseInterfaceDesc)
    i.USBH_ParseStringDesc                   0x08002240   Section        0  usbh_stdreq.o(i.USBH_ParseStringDesc)
    USBH_ParseStringDesc                     0x08002241   Thumb Code    54  usbh_stdreq.o(i.USBH_ParseStringDesc)
    i.USBH_PortDisabled                      0x08002276   Section        0  usbh_core.o(i.USBH_PortDisabled)
    i.USBH_PortEnabled                       0x08002282   Section        0  usbh_core.o(i.USBH_PortEnabled)
    i.USBH_Process                           0x0800228e   Section        0  usbh_core.o(i.USBH_Process)
    i.USBH_SOF                               0x08002458   Section        0  usbh_core.o(i.USBH_SOF)
    i.USBH_SetAddress                        0x0800245e   Section        0  usbh_stdreq.o(i.USBH_SetAddress)
    i.USBH_SetCfg                            0x08002484   Section        0  usbh_stdreq.o(i.USBH_SetCfg)
    i.USBH_Set_Idle                          0x080024aa   Section        0  usbh_hid_core.o(i.USBH_Set_Idle)
    USBH_Set_Idle                            0x080024ab   Thumb Code    48  usbh_hid_core.o(i.USBH_Set_Idle)
    i.USBH_Set_Protocol                      0x080024da   Section        0  usbh_hid_core.o(i.USBH_Set_Protocol)
    USBH_Set_Protocol                        0x080024db   Thumb Code    48  usbh_hid_core.o(i.USBH_Set_Protocol)
    i.USBH_SubmitSetupRequest                0x0800250a   Section        0  usbh_ioreq.o(i.USBH_SubmitSetupRequest)
    USBH_SubmitSetupRequest                  0x0800250b   Thumb Code    24  usbh_ioreq.o(i.USBH_SubmitSetupRequest)
    i.USBH_USR_Configuration_DescAvailable   0x08002524   Section        0  usbh_usr.o(i.USBH_USR_Configuration_DescAvailable)
    i.USBH_USR_DeInit                        0x0800255c   Section        0  usbh_usr.o(i.USBH_USR_DeInit)
    i.USBH_USR_DeviceAddressAssigned         0x0800257c   Section        0  usbh_usr.o(i.USBH_USR_DeviceAddressAssigned)
    i.USBH_USR_DeviceAttached                0x080025ac   Section        0  usbh_usr.o(i.USBH_USR_DeviceAttached)
    i.USBH_USR_DeviceDisconnected            0x080025d4   Section        0  usbh_usr.o(i.USBH_USR_DeviceDisconnected)
    i.USBH_USR_DeviceNotSupported            0x08002600   Section        0  usbh_usr.o(i.USBH_USR_DeviceNotSupported)
    i.USBH_USR_DeviceSpeedDetected           0x0800262c   Section        0  usbh_usr.o(i.USBH_USR_DeviceSpeedDetected)
    i.USBH_USR_Device_DescAvailable          0x08002658   Section        0  usbh_usr.o(i.USBH_USR_Device_DescAvailable)
    i.USBH_USR_EnumerationDone               0x080026a4   Section        0  usbh_usr.o(i.USBH_USR_EnumerationDone)
    i.USBH_USR_Init                          0x080026cc   Section        0  usbh_usr.o(i.USBH_USR_Init)
    i.USBH_USR_MSC_Application               0x080026e8   Section        0  usbh_usr.o(i.USBH_USR_MSC_Application)
    i.USBH_USR_Manufacturer_String           0x08002710   Section        0  usbh_usr.o(i.USBH_USR_Manufacturer_String)
    i.USBH_USR_OverCurrentDetected           0x08002744   Section        0  usbh_usr.o(i.USBH_USR_OverCurrentDetected)
    i.USBH_USR_Product_String                0x08002770   Section        0  usbh_usr.o(i.USBH_USR_Product_String)
    i.USBH_USR_ResetDevice                   0x080027a0   Section        0  usbh_usr.o(i.USBH_USR_ResetDevice)
    i.USBH_USR_SerialNum_String              0x080027c4   Section        0  usbh_usr.o(i.USBH_USR_SerialNum_String)
    i.USBH_USR_UnrecoveredError              0x080027f4   Section        0  usbh_usr.o(i.USBH_USR_UnrecoveredError)
    i.USBH_USR_UserInput                     0x0800281c   Section        0  usbh_usr.o(i.USBH_USR_UserInput)
    i.USB_OTG_BSP_ConfigVBUS                 0x08002840   Section        0  usb_bsp.o(i.USB_OTG_BSP_ConfigVBUS)
    i.USB_OTG_BSP_DriveVBUS                  0x08002842   Section        0  usb_bsp.o(i.USB_OTG_BSP_DriveVBUS)
    i.USB_OTG_BSP_EnableInterrupt            0x08002844   Section        0  usb_bsp.o(i.USB_OTG_BSP_EnableInterrupt)
    i.USB_OTG_BSP_Init                       0x08002870   Section        0  usb_bsp.o(i.USB_OTG_BSP_Init)
    i.USB_OTG_BSP_mDelay                     0x080028b8   Section        0  usb_bsp.o(i.USB_OTG_BSP_mDelay)
    i.USB_OTG_BSP_uDelay                     0x080028ca   Section        0  usb_bsp.o(i.USB_OTG_BSP_uDelay)
    i.USB_OTG_CoreInit                       0x080028e8   Section        0  usb_core.o(i.USB_OTG_CoreInit)
    i.USB_OTG_CoreInitHost                   0x08002a02   Section        0  usb_core.o(i.USB_OTG_CoreInitHost)
    i.USB_OTG_CoreReset                      0x08002ad8   Section        0  usb_core.o(i.USB_OTG_CoreReset)
    USB_OTG_CoreReset                        0x08002ad9   Thumb Code   108  usb_core.o(i.USB_OTG_CoreReset)
    i.USB_OTG_DisableGlobalInt               0x08002b48   Section        0  usb_core.o(i.USB_OTG_DisableGlobalInt)
    i.USB_OTG_DriveVbus                      0x08002b6a   Section        0  usb_core.o(i.USB_OTG_DriveVbus)
    i.USB_OTG_EnableCommonInt                0x08002bc6   Section        0  usb_core.o(i.USB_OTG_EnableCommonInt)
    USB_OTG_EnableCommonInt                  0x08002bc7   Thumb Code    52  usb_core.o(i.USB_OTG_EnableCommonInt)
    i.USB_OTG_EnableGlobalInt                0x08002bfa   Section        0  usb_core.o(i.USB_OTG_EnableGlobalInt)
    i.USB_OTG_EnableHostInt                  0x08002c1c   Section        0  usb_core.o(i.USB_OTG_EnableHostInt)
    i.USB_OTG_FlushRxFifo                    0x08002ca0   Section        0  usb_core.o(i.USB_OTG_FlushRxFifo)
    i.USB_OTG_FlushTxFifo                    0x08002cec   Section        0  usb_core.o(i.USB_OTG_FlushTxFifo)
    i.USB_OTG_GetMode                        0x08002d40   Section        0  usb_core.o(i.USB_OTG_GetMode)
    i.USB_OTG_HC_DoPing                      0x08002d4c   Section        0  usb_core.o(i.USB_OTG_HC_DoPing)
    i.USB_OTG_HC_Halt                        0x08002da6   Section        0  usb_core.o(i.USB_OTG_HC_Halt)
    i.USB_OTG_HC_Init                        0x08002e40   Section        0  usb_core.o(i.USB_OTG_HC_Init)
    i.USB_OTG_HC_StartXfer                   0x08003078   Section        0  usb_core.o(i.USB_OTG_HC_StartXfer)
    i.USB_OTG_InitFSLSPClkSel                0x0800326e   Section        0  usb_core.o(i.USB_OTG_InitFSLSPClkSel)
    i.USB_OTG_IsEvenFrame                    0x08003286   Section        0  usb_core.o(i.USB_OTG_IsEvenFrame)
    i.USB_OTG_IsHostMode                     0x08003296   Section        0  usb_core.o(i.USB_OTG_IsHostMode)
    i.USB_OTG_ReadCoreItr                    0x080032aa   Section        0  usb_core.o(i.USB_OTG_ReadCoreItr)
    i.USB_OTG_ReadHPRT0                      0x080032ba   Section        0  usb_core.o(i.USB_OTG_ReadHPRT0)
    i.USB_OTG_ReadHostAllChannels_intr       0x080032ea   Section        0  usb_core.o(i.USB_OTG_ReadHostAllChannels_intr)
    i.USB_OTG_ReadPacket                     0x080032f2   Section        0  usb_core.o(i.USB_OTG_ReadPacket)
    i.USB_OTG_ResetPort                      0x0800331a   Section        0  usb_core.o(i.USB_OTG_ResetPort)
    i.USB_OTG_SelectCore                     0x0800335c   Section        0  usb_core.o(i.USB_OTG_SelectCore)
    i.USB_OTG_SetCurrentMode                 0x0800342c   Section        0  usb_core.o(i.USB_OTG_SetCurrentMode)
    i.USB_OTG_USBH_handle_Disconnect_ISR     0x0800347c   Section        0  usb_hcd_int.o(i.USB_OTG_USBH_handle_Disconnect_ISR)
    USB_OTG_USBH_handle_Disconnect_ISR       0x0800347d   Thumb Code    40  usb_hcd_int.o(i.USB_OTG_USBH_handle_Disconnect_ISR)
    i.USB_OTG_USBH_handle_IncompletePeriodicXfer_ISR 0x080034a8   Section        0  usb_hcd_int.o(i.USB_OTG_USBH_handle_IncompletePeriodicXfer_ISR)
    USB_OTG_USBH_handle_IncompletePeriodicXfer_ISR 0x080034a9   Thumb Code    70  usb_hcd_int.o(i.USB_OTG_USBH_handle_IncompletePeriodicXfer_ISR)
    i.USB_OTG_USBH_handle_hc_ISR             0x080034ee   Section        0  usb_hcd_int.o(i.USB_OTG_USBH_handle_hc_ISR)
    USB_OTG_USBH_handle_hc_ISR               0x080034ef   Thumb Code    86  usb_hcd_int.o(i.USB_OTG_USBH_handle_hc_ISR)
    i.USB_OTG_USBH_handle_hc_n_In_ISR        0x08003544   Section        0  usb_hcd_int.o(i.USB_OTG_USBH_handle_hc_n_In_ISR)
    USB_OTG_USBH_handle_hc_n_In_ISR          0x08003545   Thumb Code  1054  usb_hcd_int.o(i.USB_OTG_USBH_handle_hc_n_In_ISR)
    i.USB_OTG_USBH_handle_hc_n_Out_ISR       0x08003962   Section        0  usb_hcd_int.o(i.USB_OTG_USBH_handle_hc_n_Out_ISR)
    USB_OTG_USBH_handle_hc_n_Out_ISR         0x08003963   Thumb Code   952  usb_hcd_int.o(i.USB_OTG_USBH_handle_hc_n_Out_ISR)
    i.USB_OTG_USBH_handle_nptxfempty_ISR     0x08003d1a   Section        0  usb_hcd_int.o(i.USB_OTG_USBH_handle_nptxfempty_ISR)
    USB_OTG_USBH_handle_nptxfempty_ISR       0x08003d1b   Thumb Code   310  usb_hcd_int.o(i.USB_OTG_USBH_handle_nptxfempty_ISR)
    i.USB_OTG_USBH_handle_port_ISR           0x08003e50   Section        0  usb_hcd_int.o(i.USB_OTG_USBH_handle_port_ISR)
    USB_OTG_USBH_handle_port_ISR             0x08003e51   Thumb Code   310  usb_hcd_int.o(i.USB_OTG_USBH_handle_port_ISR)
    i.USB_OTG_USBH_handle_ptxfempty_ISR      0x08003f8c   Section        0  usb_hcd_int.o(i.USB_OTG_USBH_handle_ptxfempty_ISR)
    USB_OTG_USBH_handle_ptxfempty_ISR        0x08003f8d   Thumb Code   310  usb_hcd_int.o(i.USB_OTG_USBH_handle_ptxfempty_ISR)
    i.USB_OTG_USBH_handle_rx_qlvl_ISR        0x080040c2   Section        0  usb_hcd_int.o(i.USB_OTG_USBH_handle_rx_qlvl_ISR)
    USB_OTG_USBH_handle_rx_qlvl_ISR          0x080040c3   Thumb Code   318  usb_hcd_int.o(i.USB_OTG_USBH_handle_rx_qlvl_ISR)
    i.USB_OTG_USBH_handle_sof_ISR            0x08004200   Section        0  usb_hcd_int.o(i.USB_OTG_USBH_handle_sof_ISR)
    USB_OTG_USBH_handle_sof_ISR              0x08004201   Thumb Code    38  usb_hcd_int.o(i.USB_OTG_USBH_handle_sof_ISR)
    i.USB_OTG_WritePacket                    0x0800422c   Section        0  usb_core.o(i.USB_OTG_WritePacket)
    i.USR_KEYBRD_Init                        0x0800426c   Section        0  usbh_hid_keybd.o(i.USR_KEYBRD_Init)
    i.USR_KEYBRD_ProcessData                 0x08004280   Section        0  usbh_hid_keybd.o(i.USR_KEYBRD_ProcessData)
    i.USR_MOUSE_Init                         0x080042ac   Section        0  usbh_hid_mouse.o(i.USR_MOUSE_Init)
    i.USR_MOUSE_ProcessData                  0x080042c8   Section        0  usbh_hid_mouse.o(i.USR_MOUSE_ProcessData)
    i.UsageFault_Handler                     0x080042f0   Section        0  stm32f4xx_it.o(i.UsageFault_Handler)
    i._is_digit                              0x080042f4   Section        0  __printf_wp.o(i._is_digit)
    i._sys_exit                              0x08004302   Section        0  print.o(i._sys_exit)
    i.fputc                                  0x08004308   Section        0  usart.o(i.fputc)
    i.main                                   0x0800432c   Section        0  main.o(i.main)
    x$fpl$fpinit                             0x08004360   Section       10  fpinit.o(x$fpl$fpinit)
    $v0                                      0x08004360   Number         0  fpinit.o(x$fpl$fpinit)
    .constdata                               0x0800436a   Section      492  usbh_hid_keybd.o(.constdata)
    HID_KEYBRD_Codes                         0x0800436a   Data         232  usbh_hid_keybd.o(.constdata)
    HID_KEYBRD_Key                           0x08004452   Data         130  usbh_hid_keybd.o(.constdata)
    HID_KEYBRD_ShiftKey                      0x080044d4   Data         130  usbh_hid_keybd.o(.constdata)
    .constdata                               0x08004556   Section       40  _printf_hex_int_ll_ptr.o(.constdata)
    uc_hextab                                0x08004556   Data          20  _printf_hex_int_ll_ptr.o(.constdata)
    lc_hextab                                0x0800456a   Data          20  _printf_hex_int_ll_ptr.o(.constdata)
    .constdata                               0x0800457e   Section       17  __printf_flags_ss_wp.o(.constdata)
    maptable                                 0x0800457e   Data          17  __printf_flags_ss_wp.o(.constdata)
    .data                                    0x20000000   Section       16  stm32f4xx_rcc.o(.data)
    APBAHBPrescTable                         0x20000000   Data          16  stm32f4xx_rcc.o(.data)
    .data                                    0x20000010   Section        4  print.o(.data)
    .data                                    0x20000014   Section       30  usbh_core.o(.data)
    timeout                                  0x20000030   Data           2  usbh_core.o(.data)
    .data                                    0x20000032   Section        3  usbh_stdreq.o(.data)
    prev_ep_size                             0x20000032   Data           2  usbh_stdreq.o(.data)
    prev_itf                                 0x20000034   Data           1  usbh_stdreq.o(.data)
    .data                                    0x20000038   Section       28  usbh_hid_core.o(.data)
    .data                                    0x20000054   Section       16  usbh_hid_mouse.o(.data)
    .data                                    0x20000064   Section       31  usbh_hid_keybd.o(.data)
    shift                                    0x2000006c   Data           1  usbh_hid_keybd.o(.data)
    keys                                     0x2000006d   Data           6  usbh_hid_keybd.o(.data)
    keys_new                                 0x20000073   Data           6  usbh_hid_keybd.o(.data)
    keys_last                                0x20000079   Data           6  usbh_hid_keybd.o(.data)
    key_newest                               0x2000007f   Data           1  usbh_hid_keybd.o(.data)
    nbr_keys                                 0x20000080   Data           1  usbh_hid_keybd.o(.data)
    nbr_keys_new                             0x20000081   Data           1  usbh_hid_keybd.o(.data)
    nbr_keys_last                            0x20000082   Data           1  usbh_hid_keybd.o(.data)
    .data                                    0x20000084   Section      486  usbh_usr.o(.data)
    .bss                                     0x2000026c   Section     1588  main.o(.bss)
    .bss                                     0x200008a0   Section      512  usbh_stdreq.o(.bss)
    .bss                                     0x20000aa0   Section      166  usbh_hid_core.o(.bss)
    .bss                                     0x20000b48   Section       96  libspace.o(.bss)
    HEAP                                     0x20000ba8   Section      512  startup_stm32f40_41xxx.o(HEAP)
    Heap_Mem                                 0x20000ba8   Data         512  startup_stm32f40_41xxx.o(HEAP)
    STACK                                    0x20000da8   Section     1024  startup_stm32f40_41xxx.o(STACK)
    Stack_Mem                                0x20000da8   Data        1024  startup_stm32f40_41xxx.o(STACK)
    __initial_sp                             0x200011a8   Data           0  startup_stm32f40_41xxx.o(STACK)

    Global Symbols

    Symbol Name                              Value     Ov Type        Size  Object(Section)

    BuildAttributes$$THM_ISAv4$E$P$D$K$B$S$7EM$VFPi3$EXTD16$VFPS$VFMA$PE$A:L22UL41UL21$X:L11$S22US41US21$IEEE1$IW$USESV6$~STKCKD$USESV7$~SHL$OTIME$ROPI$IEEEJ$EBA8$UX$STANDARDLIB$REQ8$PRES8$EABIv2 0x00000000   Number         0  anon$$obj.o ABSOLUTE
    __ARM_use_no_argv                        0x00000000   Number         0  main.o ABSOLUTE
    _printf_flags                            0x00000000   Number         0  printf_stubs.o ABSOLUTE
    _printf_return_value                     0x00000000   Number         0  printf_stubs.o ABSOLUTE
    _printf_sizespec                         0x00000000   Number         0  printf_stubs.o ABSOLUTE
    _printf_widthprec                        0x00000000   Number         0  printf_stubs.o ABSOLUTE
    __ARM_exceptions_init                     - Undefined Weak Reference
    __alloca_initialize                       - Undefined Weak Reference
    __arm_preinit_                            - Undefined Weak Reference
    __cpp_initialize__aeabi_                  - Undefined Weak Reference
    __cxa_finalize                            - Undefined Weak Reference
    __sigvec_lookup                           - Undefined Weak Reference
    _atexit_init                              - Undefined Weak Reference
    _call_atexit_fns                          - Undefined Weak Reference
    _clock_init                               - Undefined Weak Reference
    _fp_trap_init                             - Undefined Weak Reference
    _fp_trap_shutdown                         - Undefined Weak Reference
    _get_lc_collate                           - Undefined Weak Reference
    _get_lc_monetary                          - Undefined Weak Reference
    _get_lc_time                              - Undefined Weak Reference
    _getenv_init                              - Undefined Weak Reference
    _handle_redirection                       - Undefined Weak Reference
    _init_alloc                               - Undefined Weak Reference
    _init_user_alloc                          - Undefined Weak Reference
    _initio                                   - Undefined Weak Reference
    _mutex_acquire                            - Undefined Weak Reference
    _mutex_release                            - Undefined Weak Reference
    _printf_mbtowc                            - Undefined Weak Reference
    _printf_wc                                - Undefined Weak Reference
    _rand_init                                - Undefined Weak Reference
    _signal_finish                            - Undefined Weak Reference
    _signal_init                              - Undefined Weak Reference
    _terminate_alloc                          - Undefined Weak Reference
    _terminate_user_alloc                     - Undefined Weak Reference
    _terminateio                              - Undefined Weak Reference
    __Vectors_Size                           0x00000188   Number         0  startup_stm32f40_41xxx.o ABSOLUTE
    __Vectors                                0x08000000   Data           4  startup_stm32f40_41xxx.o(RESET)
    __Vectors_End                            0x08000188   Data           0  startup_stm32f40_41xxx.o(RESET)
    __main                                   0x08000189   Thumb Code     8  __main.o(!!!main)
    __scatterload                            0x08000191   Thumb Code     0  __scatter.o(!!!scatter)
    __scatterload_rt2                        0x08000191   Thumb Code    44  __scatter.o(!!!scatter)
    __scatterload_rt2_thumb_only             0x08000191   Thumb Code     0  __scatter.o(!!!scatter)
    __scatterload_null                       0x0800019f   Thumb Code     0  __scatter.o(!!!scatter)
    __decompress                             0x080001c5   Thumb Code    90  __dczerorl2.o(!!dczerorl2)
    __decompress1                            0x080001c5   Thumb Code     0  __dczerorl2.o(!!dczerorl2)
    __scatterload_zeroinit                   0x08000221   Thumb Code    28  __scatter_zi.o(!!handler_zi)
    _printf_d                                0x0800023d   Thumb Code     0  _printf_d.o(.ARM.Collect$$_printf_percent$$00000009)
    _printf_percent                          0x0800023d   Thumb Code     0  _printf_percent.o(.ARM.Collect$$_printf_percent$$00000000)
    _printf_x                                0x08000243   Thumb Code     0  _printf_x.o(.ARM.Collect$$_printf_percent$$0000000C)
    _printf_s                                0x08000249   Thumb Code     0  _printf_s.o(.ARM.Collect$$_printf_percent$$00000014)
    _printf_percent_end                      0x0800024f   Thumb Code     0  _printf_percent_end.o(.ARM.Collect$$_printf_percent$$00000017)
    __rt_lib_init                            0x08000253   Thumb Code     0  libinit.o(.ARM.Collect$$libinit$$00000000)
    __rt_lib_init_fp_1                       0x08000255   Thumb Code     0  libinit2.o(.ARM.Collect$$libinit$$00000001)
    __rt_lib_init_alloca_1                   0x08000259   Thumb Code     0  libinit2.o(.ARM.Collect$$libinit$$0000002E)
    __rt_lib_init_argv_1                     0x08000259   Thumb Code     0  libinit2.o(.ARM.Collect$$libinit$$0000002C)
    __rt_lib_init_atexit_1                   0x08000259   Thumb Code     0  libinit2.o(.ARM.Collect$$libinit$$0000001B)
    __rt_lib_init_clock_1                    0x08000259   Thumb Code     0  libinit2.o(.ARM.Collect$$libinit$$00000021)
    __rt_lib_init_cpp_1                      0x08000259   Thumb Code     0  libinit2.o(.ARM.Collect$$libinit$$00000032)
    __rt_lib_init_exceptions_1               0x08000259   Thumb Code     0  libinit2.o(.ARM.Collect$$libinit$$00000030)
    __rt_lib_init_fp_trap_1                  0x08000259   Thumb Code     0  libinit2.o(.ARM.Collect$$libinit$$0000001F)
    __rt_lib_init_getenv_1                   0x08000259   Thumb Code     0  libinit2.o(.ARM.Collect$$libinit$$00000023)
    __rt_lib_init_heap_1                     0x08000259   Thumb Code     0  libinit2.o(.ARM.Collect$$libinit$$0000000A)
    __rt_lib_init_lc_collate_1               0x08000259   Thumb Code     0  libinit2.o(.ARM.Collect$$libinit$$00000011)
    __rt_lib_init_lc_ctype_1                 0x08000259   Thumb Code     0  libinit2.o(.ARM.Collect$$libinit$$00000013)
    __rt_lib_init_lc_monetary_1              0x08000259   Thumb Code     0  libinit2.o(.ARM.Collect$$libinit$$00000015)
    __rt_lib_init_lc_numeric_1               0x08000259   Thumb Code     0  libinit2.o(.ARM.Collect$$libinit$$00000017)
    __rt_lib_init_lc_time_1                  0x08000259   Thumb Code     0  libinit2.o(.ARM.Collect$$libinit$$00000019)
    __rt_lib_init_preinit_1                  0x08000259   Thumb Code     0  libinit2.o(.ARM.Collect$$libinit$$00000004)
    __rt_lib_init_rand_1                     0x08000259   Thumb Code     0  libinit2.o(.ARM.Collect$$libinit$$0000000E)
    __rt_lib_init_return                     0x08000259   Thumb Code     0  libinit2.o(.ARM.Collect$$libinit$$00000033)
    __rt_lib_init_signal_1                   0x08000259   Thumb Code     0  libinit2.o(.ARM.Collect$$libinit$$0000001D)
    __rt_lib_init_stdio_1                    0x08000259   Thumb Code     0  libinit2.o(.ARM.Collect$$libinit$$00000025)
    __rt_lib_init_user_alloc_1               0x08000259   Thumb Code     0  libinit2.o(.ARM.Collect$$libinit$$0000000C)
    __rt_lib_shutdown                        0x0800025b   Thumb Code     0  libshutdown.o(.ARM.Collect$$libshutdown$$00000000)
    __rt_lib_shutdown_cpp_1                  0x0800025d   Thumb Code     0  libshutdown2.o(.ARM.Collect$$libshutdown$$00000002)
    __rt_lib_shutdown_fp_trap_1              0x0800025d   Thumb Code     0  libshutdown2.o(.ARM.Collect$$libshutdown$$00000007)
    __rt_lib_shutdown_heap_1                 0x0800025d   Thumb Code     0  libshutdown2.o(.ARM.Collect$$libshutdown$$0000000F)
    __rt_lib_shutdown_return                 0x0800025d   Thumb Code     0  libshutdown2.o(.ARM.Collect$$libshutdown$$00000010)
    __rt_lib_shutdown_signal_1               0x0800025d   Thumb Code     0  libshutdown2.o(.ARM.Collect$$libshutdown$$0000000A)
    __rt_lib_shutdown_stdio_1                0x0800025d   Thumb Code     0  libshutdown2.o(.ARM.Collect$$libshutdown$$00000004)
    __rt_lib_shutdown_user_alloc_1           0x0800025d   Thumb Code     0  libshutdown2.o(.ARM.Collect$$libshutdown$$0000000C)
    __rt_entry                               0x0800025f   Thumb Code     0  __rtentry.o(.ARM.Collect$$rtentry$$00000000)
    __rt_entry_presh_1                       0x0800025f   Thumb Code     0  __rtentry2.o(.ARM.Collect$$rtentry$$00000002)
    __rt_entry_sh                            0x0800025f   Thumb Code     0  __rtentry4.o(.ARM.Collect$$rtentry$$00000004)
    __rt_entry_li                            0x08000265   Thumb Code     0  __rtentry2.o(.ARM.Collect$$rtentry$$0000000A)
    __rt_entry_postsh_1                      0x08000265   Thumb Code     0  __rtentry2.o(.ARM.Collect$$rtentry$$00000009)
    __rt_entry_main                          0x08000269   Thumb Code     0  __rtentry2.o(.ARM.Collect$$rtentry$$0000000D)
    __rt_entry_postli_1                      0x08000269   Thumb Code     0  __rtentry2.o(.ARM.Collect$$rtentry$$0000000C)
    __rt_exit                                0x08000271   Thumb Code     0  rtexit.o(.ARM.Collect$$rtexit$$00000000)
    __rt_exit_ls                             0x08000273   Thumb Code     0  rtexit2.o(.ARM.Collect$$rtexit$$00000003)
    __rt_exit_prels_1                        0x08000273   Thumb Code     0  rtexit2.o(.ARM.Collect$$rtexit$$00000002)
    __rt_exit_exit                           0x08000277   Thumb Code     0  rtexit2.o(.ARM.Collect$$rtexit$$00000004)
    Reset_Handler                            0x0800027d   Thumb Code     8  startup_stm32f40_41xxx.o(.text)
    ADC_IRQHandler                           0x08000297   Thumb Code     0  startup_stm32f40_41xxx.o(.text)
    CAN1_RX0_IRQHandler                      0x08000297   Thumb Code     0  startup_stm32f40_41xxx.o(.text)
    CAN1_RX1_IRQHandler                      0x08000297   Thumb Code     0  startup_stm32f40_41xxx.o(.text)
    CAN1_SCE_IRQHandler                      0x08000297   Thumb Code     0  startup_stm32f40_41xxx.o(.text)
    CAN1_TX_IRQHandler                       0x08000297   Thumb Code     0  startup_stm32f40_41xxx.o(.text)
    CAN2_RX0_IRQHandler                      0x08000297   Thumb Code     0  startup_stm32f40_41xxx.o(.text)
    CAN2_RX1_IRQHandler                      0x08000297   Thumb Code     0  startup_stm32f40_41xxx.o(.text)
    CAN2_SCE_IRQHandler                      0x08000297   Thumb Code     0  startup_stm32f40_41xxx.o(.text)
    CAN2_TX_IRQHandler                       0x08000297   Thumb Code     0  startup_stm32f40_41xxx.o(.text)
    CRYP_IRQHandler                          0x08000297   Thumb Code     0  startup_stm32f40_41xxx.o(.text)
    DCMI_IRQHandler                          0x08000297   Thumb Code     0  startup_stm32f40_41xxx.o(.text)
    DMA1_Stream0_IRQHandler                  0x08000297   Thumb Code     0  startup_stm32f40_41xxx.o(.text)
    DMA1_Stream1_IRQHandler                  0x08000297   Thumb Code     0  startup_stm32f40_41xxx.o(.text)
    DMA1_Stream2_IRQHandler                  0x08000297   Thumb Code     0  startup_stm32f40_41xxx.o(.text)
    DMA1_Stream3_IRQHandler                  0x08000297   Thumb Code     0  startup_stm32f40_41xxx.o(.text)
    DMA1_Stream4_IRQHandler                  0x08000297   Thumb Code     0  startup_stm32f40_41xxx.o(.text)
    DMA1_Stream5_IRQHandler                  0x08000297   Thumb Code     0  startup_stm32f40_41xxx.o(.text)
    DMA1_Stream6_IRQHandler                  0x08000297   Thumb Code     0  startup_stm32f40_41xxx.o(.text)
    DMA1_Stream7_IRQHandler                  0x08000297   Thumb Code     0  startup_stm32f40_41xxx.o(.text)
    DMA2_Stream0_IRQHandler                  0x08000297   Thumb Code     0  startup_stm32f40_41xxx.o(.text)
    DMA2_Stream1_IRQHandler                  0x08000297   Thumb Code     0  startup_stm32f40_41xxx.o(.text)
    DMA2_Stream2_IRQHandler                  0x08000297   Thumb Code     0  startup_stm32f40_41xxx.o(.text)
    DMA2_Stream3_IRQHandler                  0x08000297   Thumb Code     0  startup_stm32f40_41xxx.o(.text)
    DMA2_Stream4_IRQHandler                  0x08000297   Thumb Code     0  startup_stm32f40_41xxx.o(.text)
    DMA2_Stream5_IRQHandler                  0x08000297   Thumb Code     0  startup_stm32f40_41xxx.o(.text)
    DMA2_Stream6_IRQHandler                  0x08000297   Thumb Code     0  startup_stm32f40_41xxx.o(.text)
    DMA2_Stream7_IRQHandler                  0x08000297   Thumb Code     0  startup_stm32f40_41xxx.o(.text)
    ETH_IRQHandler                           0x08000297   Thumb Code     0  startup_stm32f40_41xxx.o(.text)
    ETH_WKUP_IRQHandler                      0x08000297   Thumb Code     0  startup_stm32f40_41xxx.o(.text)
    EXTI0_IRQHandler                         0x08000297   Thumb Code     0  startup_stm32f40_41xxx.o(.text)
    EXTI15_10_IRQHandler                     0x08000297   Thumb Code     0  startup_stm32f40_41xxx.o(.text)
    EXTI1_IRQHandler                         0x08000297   Thumb Code     0  startup_stm32f40_41xxx.o(.text)
    EXTI2_IRQHandler                         0x08000297   Thumb Code     0  startup_stm32f40_41xxx.o(.text)
    EXTI3_IRQHandler                         0x08000297   Thumb Code     0  startup_stm32f40_41xxx.o(.text)
    EXTI4_IRQHandler                         0x08000297   Thumb Code     0  startup_stm32f40_41xxx.o(.text)
    EXTI9_5_IRQHandler                       0x08000297   Thumb Code     0  startup_stm32f40_41xxx.o(.text)
    FLASH_IRQHandler                         0x08000297   Thumb Code     0  startup_stm32f40_41xxx.o(.text)
    FPU_IRQHandler                           0x08000297   Thumb Code     0  startup_stm32f40_41xxx.o(.text)
    FSMC_IRQHandler                          0x08000297   Thumb Code     0  startup_stm32f40_41xxx.o(.text)
    HASH_RNG_IRQHandler                      0x08000297   Thumb Code     0  startup_stm32f40_41xxx.o(.text)
    I2C1_ER_IRQHandler                       0x08000297   Thumb Code     0  startup_stm32f40_41xxx.o(.text)
    I2C1_EV_IRQHandler                       0x08000297   Thumb Code     0  startup_stm32f40_41xxx.o(.text)
    I2C2_ER_IRQHandler                       0x08000297   Thumb Code     0  startup_stm32f40_41xxx.o(.text)
    I2C2_EV_IRQHandler                       0x08000297   Thumb Code     0  startup_stm32f40_41xxx.o(.text)
    I2C3_ER_IRQHandler                       0x08000297   Thumb Code     0  startup_stm32f40_41xxx.o(.text)
    I2C3_EV_IRQHandler                       0x08000297   Thumb Code     0  startup_stm32f40_41xxx.o(.text)
    OTG_FS_WKUP_IRQHandler                   0x08000297   Thumb Code     0  startup_stm32f40_41xxx.o(.text)
    OTG_HS_EP1_IN_IRQHandler                 0x08000297   Thumb Code     0  startup_stm32f40_41xxx.o(.text)
    OTG_HS_EP1_OUT_IRQHandler                0x08000297   Thumb Code     0  startup_stm32f40_41xxx.o(.text)
    OTG_HS_IRQHandler                        0x08000297   Thumb Code     0  startup_stm32f40_41xxx.o(.text)
    OTG_HS_WKUP_IRQHandler                   0x08000297   Thumb Code     0  startup_stm32f40_41xxx.o(.text)
    PVD_IRQHandler                           0x08000297   Thumb Code     0  startup_stm32f40_41xxx.o(.text)
    RCC_IRQHandler                           0x08000297   Thumb Code     0  startup_stm32f40_41xxx.o(.text)
    RTC_Alarm_IRQHandler                     0x08000297   Thumb Code     0  startup_stm32f40_41xxx.o(.text)
    RTC_WKUP_IRQHandler                      0x08000297   Thumb Code     0  startup_stm32f40_41xxx.o(.text)
    SDIO_IRQHandler                          0x08000297   Thumb Code     0  startup_stm32f40_41xxx.o(.text)
    SPI1_IRQHandler                          0x08000297   Thumb Code     0  startup_stm32f40_41xxx.o(.text)
    SPI2_IRQHandler                          0x08000297   Thumb Code     0  startup_stm32f40_41xxx.o(.text)
    SPI3_IRQHandler                          0x08000297   Thumb Code     0  startup_stm32f40_41xxx.o(.text)
    TAMP_STAMP_IRQHandler                    0x08000297   Thumb Code     0  startup_stm32f40_41xxx.o(.text)
    TIM1_BRK_TIM9_IRQHandler                 0x08000297   Thumb Code     0  startup_stm32f40_41xxx.o(.text)
    TIM1_CC_IRQHandler                       0x08000297   Thumb Code     0  startup_stm32f40_41xxx.o(.text)
    TIM1_TRG_COM_TIM11_IRQHandler            0x08000297   Thumb Code     0  startup_stm32f40_41xxx.o(.text)
    TIM1_UP_TIM10_IRQHandler                 0x08000297   Thumb Code     0  startup_stm32f40_41xxx.o(.text)
    TIM2_IRQHandler                          0x08000297   Thumb Code     0  startup_stm32f40_41xxx.o(.text)
    TIM3_IRQHandler                          0x08000297   Thumb Code     0  startup_stm32f40_41xxx.o(.text)
    TIM4_IRQHandler                          0x08000297   Thumb Code     0  startup_stm32f40_41xxx.o(.text)
    TIM5_IRQHandler                          0x08000297   Thumb Code     0  startup_stm32f40_41xxx.o(.text)
    TIM6_DAC_IRQHandler                      0x08000297   Thumb Code     0  startup_stm32f40_41xxx.o(.text)
    TIM7_IRQHandler                          0x08000297   Thumb Code     0  startup_stm32f40_41xxx.o(.text)
    TIM8_BRK_TIM12_IRQHandler                0x08000297   Thumb Code     0  startup_stm32f40_41xxx.o(.text)
    TIM8_CC_IRQHandler                       0x08000297   Thumb Code     0  startup_stm32f40_41xxx.o(.text)
    TIM8_TRG_COM_TIM14_IRQHandler            0x08000297   Thumb Code     0  startup_stm32f40_41xxx.o(.text)
    TIM8_UP_TIM13_IRQHandler                 0x08000297   Thumb Code     0  startup_stm32f40_41xxx.o(.text)
    UART4_IRQHandler                         0x08000297   Thumb Code     0  startup_stm32f40_41xxx.o(.text)
    UART5_IRQHandler                         0x08000297   Thumb Code     0  startup_stm32f40_41xxx.o(.text)
    USART2_IRQHandler                        0x08000297   Thumb Code     0  startup_stm32f40_41xxx.o(.text)
    USART3_IRQHandler                        0x08000297   Thumb Code     0  startup_stm32f40_41xxx.o(.text)
    USART6_IRQHandler                        0x08000297   Thumb Code     0  startup_stm32f40_41xxx.o(.text)
    WWDG_IRQHandler                          0x08000297   Thumb Code     0  startup_stm32f40_41xxx.o(.text)
    __user_initial_stackheap                 0x08000299   Thumb Code     0  startup_stm32f40_41xxx.o(.text)
    __use_no_semihosting                     0x080002bd   Thumb Code     2  use_no_semi_2.o(.text)
    __2printf                                0x080002c1   Thumb Code    20  __2printf.o(.text)
    _printf_pre_padding                      0x080002d9   Thumb Code    44  _printf_pad.o(.text)
    _printf_post_padding                     0x08000305   Thumb Code    34  _printf_pad.o(.text)
    _printf_str                              0x08000327   Thumb Code    82  _printf_str.o(.text)
    _printf_int_dec                          0x08000379   Thumb Code   104  _printf_dec.o(.text)
    _printf_longlong_hex                     0x080003f1   Thumb Code    86  _printf_hex_int_ll_ptr.o(.text)
    _printf_int_hex                          0x08000447   Thumb Code    28  _printf_hex_int_ll_ptr.o(.text)
    _printf_ll_hex                           0x08000463   Thumb Code    12  _printf_hex_int_ll_ptr.o(.text)
    _printf_hex_ptr                          0x0800046f   Thumb Code    18  _printf_hex_int_ll_ptr.o(.text)
    __printf                                 0x08000485   Thumb Code   388  __printf_flags_ss_wp.o(.text)
    __use_two_region_memory                  0x0800060d   Thumb Code     2  heapauxi.o(.text)
    __rt_heap_escrow$2region                 0x0800060f   Thumb Code     2  heapauxi.o(.text)
    __rt_heap_expand$2region                 0x08000611   Thumb Code     2  heapauxi.o(.text)
    __I$use$semihosting                      0x08000613   Thumb Code     0  use_no_semi.o(.text)
    __use_no_semihosting_swi                 0x08000613   Thumb Code     2  use_no_semi.o(.text)
    _printf_int_common                       0x08000615   Thumb Code   178  _printf_intcommon.o(.text)
    _printf_char_common                      0x080006d3   Thumb Code    32  _printf_char_common.o(.text)
    _printf_cs_common                        0x080006f9   Thumb Code    20  _printf_char.o(.text)
    _printf_char                             0x0800070d   Thumb Code    16  _printf_char.o(.text)
    _printf_string                           0x0800071d   Thumb Code     8  _printf_char.o(.text)
    _printf_char_file                        0x08000725   Thumb Code    32  _printf_char_file.o(.text)
    ferror                                   0x08000749   Thumb Code     8  ferror.o(.text)
    __user_setup_stackheap                   0x08000751   Thumb Code    74  sys_stackheap_outer.o(.text)
    exit                                     0x0800079b   Thumb Code    18  exit.o(.text)
    __user_libspace                          0x080007ad   Thumb Code     8  libspace.o(.text)
    __user_perproc_libspace                  0x080007ad   Thumb Code     0  libspace.o(.text)
    __user_perthread_libspace                0x080007ad   Thumb Code     0  libspace.o(.text)
    BusFault_Handler                         0x080007b5   Thumb Code     4  stm32f4xx_it.o(i.BusFault_Handler)
    DebugMon_Handler                         0x080007b9   Thumb Code     2  stm32f4xx_it.o(i.DebugMon_Handler)
    GPIO_Init                                0x080007bb   Thumb Code   144  stm32f4xx_gpio.o(i.GPIO_Init)
    GPIO_PinAFConfig                         0x0800084b   Thumb Code    70  stm32f4xx_gpio.o(i.GPIO_PinAFConfig)
    HCD_GetCurrentFrame                      0x08000891   Thumb Code    10  usb_hcd.o(i.HCD_GetCurrentFrame)
    HCD_GetCurrentSpeed                      0x0800089b   Thumb Code    20  usb_hcd.o(i.HCD_GetCurrentSpeed)
    HCD_GetURB_State                         0x080008af   Thumb Code    10  usb_hcd.o(i.HCD_GetURB_State)
    HCD_Init                                 0x080008b9   Thumb Code    96  usb_hcd.o(i.HCD_Init)
    HCD_IsDeviceConnected                    0x08000919   Thumb Code     8  usb_hcd.o(i.HCD_IsDeviceConnected)
    HCD_IsPortEnabled                        0x08000921   Thumb Code     8  usb_hcd.o(i.HCD_IsPortEnabled)
    HCD_ResetPort                            0x08000929   Thumb Code    14  usb_hcd.o(i.HCD_ResetPort)
    HCD_SubmitRequest                        0x08000937   Thumb Code    32  usb_hcd.o(i.HCD_SubmitRequest)
    HardFault_Handler                        0x08000957   Thumb Code     4  stm32f4xx_it.o(i.HardFault_Handler)
    MemManage_Handler                        0x08000ae1   Thumb Code     4  stm32f4xx_it.o(i.MemManage_Handler)
    NMI_Handler                              0x08000ae5   Thumb Code     2  stm32f4xx_it.o(i.NMI_Handler)
    NVIC_Init                                0x08000ae9   Thumb Code   106  misc.o(i.NVIC_Init)
    NVIC_PriorityGroupConfig                 0x08000b61   Thumb Code    10  misc.o(i.NVIC_PriorityGroupConfig)
    OTG_FS_IRQHandler                        0x08000b75   Thumb Code    10  stm32f4xx_it.o(i.OTG_FS_IRQHandler)
    PendSV_Handler                           0x08000b85   Thumb Code     2  stm32f4xx_it.o(i.PendSV_Handler)
    RCC_AHB1PeriphClockCmd                   0x08000b89   Thumb Code    26  stm32f4xx_rcc.o(i.RCC_AHB1PeriphClockCmd)
    RCC_AHB2PeriphClockCmd                   0x08000ba9   Thumb Code    26  stm32f4xx_rcc.o(i.RCC_AHB2PeriphClockCmd)
    RCC_APB2PeriphClockCmd                   0x08000bc9   Thumb Code    26  stm32f4xx_rcc.o(i.RCC_APB2PeriphClockCmd)
    RCC_GetClocksFreq                        0x08000be9   Thumb Code   214  stm32f4xx_rcc.o(i.RCC_GetClocksFreq)
    SVC_Handler                              0x08000cd1   Thumb Code     2  stm32f4xx_it.o(i.SVC_Handler)
    SysTick_Handler                          0x08000dc1   Thumb Code     2  stm32f4xx_it.o(i.SysTick_Handler)
    SystemInit                               0x08000dc5   Thumb Code    88  system_stm32f4xx.o(i.SystemInit)
    USART1_IRQHandler                        0x08000e2d   Thumb Code    26  stm32f4xx_it.o(i.USART1_IRQHandler)
    USART_ClearITPendingBit                  0x08000e4d   Thumb Code    30  stm32f4xx_usart.o(i.USART_ClearITPendingBit)
    USART_Cmd                                0x08000e6b   Thumb Code    24  stm32f4xx_usart.o(i.USART_Cmd)
    USART_Config                             0x08000e85   Thumb Code   144  usart.o(i.USART_Config)
    USART_GetFlagStatus                      0x08000f1d   Thumb Code    26  stm32f4xx_usart.o(i.USART_GetFlagStatus)
    USART_GetITStatus                        0x08000f37   Thumb Code    84  stm32f4xx_usart.o(i.USART_GetITStatus)
    USART_Init                               0x08000f8d   Thumb Code   204  stm32f4xx_usart.o(i.USART_Init)
    USART_SendData                           0x08001061   Thumb Code     8  stm32f4xx_usart.o(i.USART_SendData)
    USBH_Alloc_Channel                       0x08001069   Thumb Code    38  usbh_hcs.o(i.USBH_Alloc_Channel)
    USBH_ClrFeature                          0x0800108f   Thumb Code    76  usbh_stdreq.o(i.USBH_ClrFeature)
    USBH_Connected                           0x080010db   Thumb Code    12  usbh_core.o(i.USBH_Connected)
    USBH_CtlReceiveData                      0x080010e7   Thumb Code    70  usbh_ioreq.o(i.USBH_CtlReceiveData)
    USBH_CtlReq                              0x0800112d   Thumb Code   100  usbh_ioreq.o(i.USBH_CtlReq)
    USBH_CtlSendData                         0x08001191   Thumb Code   110  usbh_ioreq.o(i.USBH_CtlSendData)
    USBH_CtlSendSetup                        0x080011ff   Thumb Code    66  usbh_ioreq.o(i.USBH_CtlSendSetup)
    USBH_DeAllocate_AllChannel               0x08001241   Thumb Code    28  usbh_hcs.o(i.USBH_DeAllocate_AllChannel)
    USBH_DeInit                              0x0800125d   Thumb Code    58  usbh_core.o(i.USBH_DeInit)
    USBH_Disconnected                        0x08001297   Thumb Code    40  usbh_core.o(i.USBH_Disconnected)
    USBH_ErrorHandle                         0x080012bf   Thumb Code    46  usbh_core.o(i.USBH_ErrorHandle)
    USBH_Free_Channel                        0x080012ed   Thumb Code    30  usbh_hcs.o(i.USBH_Free_Channel)
    USBH_GetDescriptor                       0x0800130b   Thumb Code    68  usbh_stdreq.o(i.USBH_GetDescriptor)
    USBH_GetNextDesc                         0x08001377   Thumb Code    18  usbh_stdreq.o(i.USBH_GetNextDesc)
    USBH_Get_CfgDesc                         0x08001389   Thumb Code   104  usbh_stdreq.o(i.USBH_Get_CfgDesc)
    USBH_Get_DevDesc                         0x080013f5   Thumb Code    56  usbh_stdreq.o(i.USBH_Get_DevDesc)
    USBH_Get_StringDesc                      0x0800147d   Thumb Code    60  usbh_stdreq.o(i.USBH_Get_StringDesc)
    USBH_HandleControl                       0x080019d9   Thumb Code   550  usbh_core.o(i.USBH_HandleControl)
    USBH_Init                                0x08001de5   Thumb Code    68  usbh_core.o(i.USBH_Init)
    USBH_InterruptReceiveData                0x08001e29   Thumb Code   120  usbh_ioreq.o(i.USBH_InterruptReceiveData)
    USBH_Modify_Channel                      0x08001ea1   Thumb Code   100  usbh_hcs.o(i.USBH_Modify_Channel)
    USBH_OTG_ISR_Handler                     0x08001f05   Thumb Code   168  usb_hcd_int.o(i.USBH_OTG_ISR_Handler)
    USBH_Open_Channel                        0x08001fad   Thumb Code   154  usbh_hcs.o(i.USBH_Open_Channel)
    USBH_ParseCfgDesc                        0x08002049   Thumb Code   296  usbh_stdreq.o(i.USBH_ParseCfgDesc)
    USBH_PortDisabled                        0x08002277   Thumb Code    12  usbh_core.o(i.USBH_PortDisabled)
    USBH_PortEnabled                         0x08002283   Thumb Code    12  usbh_core.o(i.USBH_PortEnabled)
    USBH_Process                             0x0800228f   Thumb Code   458  usbh_core.o(i.USBH_Process)
    USBH_SOF                                 0x08002459   Thumb Code     6  usbh_core.o(i.USBH_SOF)
    USBH_SetAddress                          0x0800245f   Thumb Code    38  usbh_stdreq.o(i.USBH_SetAddress)
    USBH_SetCfg                              0x08002485   Thumb Code    38  usbh_stdreq.o(i.USBH_SetCfg)
    USBH_USR_Configuration_DescAvailable     0x08002525   Thumb Code    16  usbh_usr.o(i.USBH_USR_Configuration_DescAvailable)
    USBH_USR_DeInit                          0x0800255d   Thumb Code    10  usbh_usr.o(i.USBH_USR_DeInit)
    USBH_USR_DeviceAddressAssigned           0x0800257d   Thumb Code    10  usbh_usr.o(i.USBH_USR_DeviceAddressAssigned)
    USBH_USR_DeviceAttached                  0x080025ad   Thumb Code    10  usbh_usr.o(i.USBH_USR_DeviceAttached)
    USBH_USR_DeviceDisconnected              0x080025d5   Thumb Code    10  usbh_usr.o(i.USBH_USR_DeviceDisconnected)
    USBH_USR_DeviceNotSupported              0x08002601   Thumb Code    10  usbh_usr.o(i.USBH_USR_DeviceNotSupported)
    USBH_USR_DeviceSpeedDetected             0x0800262d   Thumb Code    12  usbh_usr.o(i.USBH_USR_DeviceSpeedDetected)
    USBH_USR_Device_DescAvailable            0x08002659   Thumb Code    28  usbh_usr.o(i.USBH_USR_Device_DescAvailable)
    USBH_USR_EnumerationDone                 0x080026a5   Thumb Code    10  usbh_usr.o(i.USBH_USR_EnumerationDone)
    USBH_USR_Init                            0x080026cd   Thumb Code    10  usbh_usr.o(i.USBH_USR_Init)
    USBH_USR_MSC_Application                 0x080026e9   Thumb Code    12  usbh_usr.o(i.USBH_USR_MSC_Application)
    USBH_USR_Manufacturer_String             0x08002711   Thumb Code    14  usbh_usr.o(i.USBH_USR_Manufacturer_String)
    USBH_USR_OverCurrentDetected             0x08002745   Thumb Code    10  usbh_usr.o(i.USBH_USR_OverCurrentDetected)
    USBH_USR_Product_String                  0x08002771   Thumb Code    14  usbh_usr.o(i.USBH_USR_Product_String)
    USBH_USR_ResetDevice                     0x080027a1   Thumb Code    10  usbh_usr.o(i.USBH_USR_ResetDevice)
    USBH_USR_SerialNum_String                0x080027c5   Thumb Code    14  usbh_usr.o(i.USBH_USR_SerialNum_String)
    USBH_USR_UnrecoveredError                0x080027f5   Thumb Code    10  usbh_usr.o(i.USBH_USR_UnrecoveredError)
    USBH_USR_UserInput                       0x0800281d   Thumb Code    12  usbh_usr.o(i.USBH_USR_UserInput)
    USB_OTG_BSP_ConfigVBUS                   0x08002841   Thumb Code     2  usb_bsp.o(i.USB_OTG_BSP_ConfigVBUS)
    USB_OTG_BSP_DriveVBUS                    0x08002843   Thumb Code     2  usb_bsp.o(i.USB_OTG_BSP_DriveVBUS)
    USB_OTG_BSP_EnableInterrupt              0x08002845   Thumb Code    44  usb_bsp.o(i.USB_OTG_BSP_EnableInterrupt)
    USB_OTG_BSP_Init                         0x08002871   Thumb Code    68  usb_bsp.o(i.USB_OTG_BSP_Init)
    USB_OTG_BSP_mDelay                       0x080028b9   Thumb Code    18  usb_bsp.o(i.USB_OTG_BSP_mDelay)
    USB_OTG_BSP_uDelay                       0x080028cb   Thumb Code    30  usb_bsp.o(i.USB_OTG_BSP_uDelay)
    USB_OTG_CoreInit                         0x080028e9   Thumb Code   282  usb_core.o(i.USB_OTG_CoreInit)
    USB_OTG_CoreInitHost                     0x08002a03   Thumb Code   214  usb_core.o(i.USB_OTG_CoreInitHost)
    USB_OTG_DisableGlobalInt                 0x08002b49   Thumb Code    34  usb_core.o(i.USB_OTG_DisableGlobalInt)
    USB_OTG_DriveVbus                        0x08002b6b   Thumb Code    92  usb_core.o(i.USB_OTG_DriveVbus)
    USB_OTG_EnableGlobalInt                  0x08002bfb   Thumb Code    34  usb_core.o(i.USB_OTG_EnableGlobalInt)
    USB_OTG_EnableHostInt                    0x08002c1d   Thumb Code   132  usb_core.o(i.USB_OTG_EnableHostInt)
    USB_OTG_FlushRxFifo                      0x08002ca1   Thumb Code    70  usb_core.o(i.USB_OTG_FlushRxFifo)
    USB_OTG_FlushTxFifo                      0x08002ced   Thumb Code    80  usb_core.o(i.USB_OTG_FlushTxFifo)
    USB_OTG_GetMode                          0x08002d41   Thumb Code    12  usb_core.o(i.USB_OTG_GetMode)
    USB_OTG_HC_DoPing                        0x08002d4d   Thumb Code    90  usb_core.o(i.USB_OTG_HC_DoPing)
    USB_OTG_HC_Halt                          0x08002da7   Thumb Code   154  usb_core.o(i.USB_OTG_HC_Halt)
    USB_OTG_HC_Init                          0x08002e41   Thumb Code   568  usb_core.o(i.USB_OTG_HC_Init)
    USB_OTG_HC_StartXfer                     0x08003079   Thumb Code   502  usb_core.o(i.USB_OTG_HC_StartXfer)
    USB_OTG_InitFSLSPClkSel                  0x0800326f   Thumb Code    24  usb_core.o(i.USB_OTG_InitFSLSPClkSel)
    USB_OTG_IsEvenFrame                      0x08003287   Thumb Code    16  usb_core.o(i.USB_OTG_IsEvenFrame)
    USB_OTG_IsHostMode                       0x08003297   Thumb Code    20  usb_core.o(i.USB_OTG_IsHostMode)
    USB_OTG_ReadCoreItr                      0x080032ab   Thumb Code    16  usb_core.o(i.USB_OTG_ReadCoreItr)
    USB_OTG_ReadHPRT0                        0x080032bb   Thumb Code    48  usb_core.o(i.USB_OTG_ReadHPRT0)
    USB_OTG_ReadHostAllChannels_intr         0x080032eb   Thumb Code     8  usb_core.o(i.USB_OTG_ReadHostAllChannels_intr)
    USB_OTG_ReadPacket                       0x080032f3   Thumb Code    40  usb_core.o(i.USB_OTG_ReadPacket)
    USB_OTG_ResetPort                        0x0800331b   Thumb Code    64  usb_core.o(i.USB_OTG_ResetPort)
    USB_OTG_SelectCore                       0x0800335d   Thumb Code   204  usb_core.o(i.USB_OTG_SelectCore)
    USB_OTG_SetCurrentMode                   0x0800342d   Thumb Code    78  usb_core.o(i.USB_OTG_SetCurrentMode)
    USB_OTG_WritePacket                      0x0800422d   Thumb Code    62  usb_core.o(i.USB_OTG_WritePacket)
    USR_KEYBRD_Init                          0x0800426d   Thumb Code    10  usbh_hid_keybd.o(i.USR_KEYBRD_Init)
    USR_KEYBRD_ProcessData                   0x08004281   Thumb Code    14  usbh_hid_keybd.o(i.USR_KEYBRD_ProcessData)
    USR_MOUSE_Init                           0x080042ad   Thumb Code    10  usbh_hid_mouse.o(i.USR_MOUSE_Init)
    USR_MOUSE_ProcessData                    0x080042c9   Thumb Code    18  usbh_hid_mouse.o(i.USR_MOUSE_ProcessData)
    UsageFault_Handler                       0x080042f1   Thumb Code     4  stm32f4xx_it.o(i.UsageFault_Handler)
    _is_digit                                0x080042f5   Thumb Code    14  __printf_wp.o(i._is_digit)
    _sys_exit                                0x08004303   Thumb Code     4  print.o(i._sys_exit)
    fputc                                    0x08004309   Thumb Code    32  usart.o(i.fputc)
    main                                     0x0800432d   Thumb Code    34  main.o(i.main)
    _fp_init                                 0x08004361   Thumb Code    10  fpinit.o(x$fpl$fpinit)
    __fplib_config_fpu_vfp                   0x08004369   Thumb Code     0  fpinit.o(x$fpl$fpinit)
    __fplib_config_pureend_doubles           0x08004369   Thumb Code     0  fpinit.o(x$fpl$fpinit)
    Region$$Table$$Base                      0x08004590   Number         0  anon$$obj.o(Region$$Table)
    Region$$Table$$Limit                     0x080045b0   Number         0  anon$$obj.o(Region$$Table)
    __stdout                                 0x20000010   Data           4  print.o(.data)
    USBH_HCD_INT_cb                          0x20000014   Data          20  usbh_core.o(.data)
    USBH_HCD_INT_fops                        0x20000028   Data           4  usbh_core.o(.data)
    suspend_flag                             0x2000002c   Data           4  usbh_core.o(.data)
    HID_Setup                                0x20000038   Data           8  usbh_hid_core.o(.data)
    start_toggle                             0x20000040   Data           1  usbh_hid_core.o(.data)
    HID_cb                                   0x20000044   Data          16  usbh_hid_core.o(.data)
    HID_MOUSE_Data                           0x20000054   Data           8  usbh_hid_mouse.o(.data)
    HID_MOUSE_cb                             0x2000005c   Data           8  usbh_hid_mouse.o(.data)
    HID_KEYBRD_cb                            0x20000064   Data           8  usbh_hid_keybd.o(.data)
    USBH_USR_ApplicationState                0x20000084   Data           1  usbh_usr.o(.data)
    USR_cb                                   0x20000088   Data          72  usbh_usr.o(.data)
    MSG_HOST_INIT                            0x200000d0   Data          28  usbh_usr.o(.data)
    MSG_DEV_ATTACHED                         0x200000ec   Data          20  usbh_usr.o(.data)
    MSG_DEV_DISCONNECTED                     0x20000100   Data          23  usbh_usr.o(.data)
    MSG_DEV_ENUMERATED                       0x20000117   Data          26  usbh_usr.o(.data)
    MSG_DEV_HIGHSPEED                        0x20000131   Data          30  usbh_usr.o(.data)
    MSG_DEV_FULLSPEED                        0x2000014f   Data          30  usbh_usr.o(.data)
    MSG_DEV_LOWSPEED                         0x2000016d   Data          29  usbh_usr.o(.data)
    MSG_DEV_ERROR                            0x2000018a   Data          17  usbh_usr.o(.data)
    MSG_MSC_CLASS                            0x2000019b   Data          33  usbh_usr.o(.data)
    MSG_HID_CLASS                            0x200001bc   Data          24  usbh_usr.o(.data)
    MSG_DISK_SIZE                            0x200001d4   Data          32  usbh_usr.o(.data)
    MSG_LUN                                  0x200001f4   Data          32  usbh_usr.o(.data)
    MSG_ROOT_CONT                            0x20000214   Data          28  usbh_usr.o(.data)
    MSG_WR_PROTECT                           0x20000230   Data          31  usbh_usr.o(.data)
    MSG_UNREC_ERROR                          0x2000024f   Data          27  usbh_usr.o(.data)
    USB_OTG_Core                             0x2000026c   Data        1456  main.o(.bss)
    USB_Host                                 0x2000081c   Data         132  main.o(.bss)
    USBH_CfgDesc                             0x200008a0   Data         512  usbh_stdreq.o(.bss)
    HID_Machine                              0x20000aa0   Data          84  usbh_hid_core.o(.bss)
    HID_Report                               0x20000af4   Data          72  usbh_hid_core.o(.bss)
    HID_Desc                                 0x20000b3c   Data          10  usbh_hid_core.o(.bss)
    __libspace_start                         0x20000b48   Data          96  libspace.o(.bss)
    __temporary_stack_top$libspace           0x20000ba8   Data           0  libspace.o(.bss)



==============================================================================

Memory Map of the image

  Image Entry point : 0x08000189

  Load Region LR_IROM1 (Base: 0x08000000, Size: 0x0000481c, Max: 0x00100000, ABSOLUTE, COMPRESSED[0x00004738])

    Execution Region ER_IROM1 (Exec base: 0x08000000, Load base: 0x08000000, Size: 0x000045b0, Max: 0x00100000, ABSOLUTE)

    Exec Addr    Load Addr    Size         Type   Attr      Idx    E Section Name        Object

    0x08000000   0x08000000   0x00000188   Data   RO         1066    RESET               startup_stm32f40_41xxx.o
    0x08000188   0x08000188   0x00000008   Code   RO         2280  * !!!main             c_w.l(__main.o)
    0x08000190   0x08000190   0x00000034   Code   RO         2554    !!!scatter          c_w.l(__scatter.o)
    0x080001c4   0x080001c4   0x0000005a   Code   RO         2552    !!dczerorl2         c_w.l(__dczerorl2.o)
    0x0800021e   0x0800021e   0x00000002   PAD
    0x08000220   0x08000220   0x0000001c   Code   RO         2556    !!handler_zi        c_w.l(__scatter_zi.o)
    0x0800023c   0x0800023c   0x00000000   Code   RO         2275    .ARM.Collect$$_printf_percent$$00000000  c_w.l(_printf_percent.o)
    0x0800023c   0x0800023c   0x00000006   Code   RO         2274    .ARM.Collect$$_printf_percent$$00000009  c_w.l(_printf_d.o)
    0x08000242   0x08000242   0x00000006   Code   RO         2273    .ARM.Collect$$_printf_percent$$0000000C  c_w.l(_printf_x.o)
    0x08000248   0x08000248   0x00000006   Code   RO         2272    .ARM.Collect$$_printf_percent$$00000014  c_w.l(_printf_s.o)
    0x0800024e   0x0800024e   0x00000004   Code   RO         2320    .ARM.Collect$$_printf_percent$$00000017  c_w.l(_printf_percent_end.o)
    0x08000252   0x08000252   0x00000002   Code   RO         2416    .ARM.Collect$$libinit$$00000000  c_w.l(libinit.o)
    0x08000254   0x08000254   0x00000004   Code   RO         2432    .ARM.Collect$$libinit$$00000001  c_w.l(libinit2.o)
    0x08000258   0x08000258   0x00000000   Code   RO         2435    .ARM.Collect$$libinit$$00000004  c_w.l(libinit2.o)
    0x08000258   0x08000258   0x00000000   Code   RO         2438    .ARM.Collect$$libinit$$0000000A  c_w.l(libinit2.o)
    0x08000258   0x08000258   0x00000000   Code   RO         2440    .ARM.Collect$$libinit$$0000000C  c_w.l(libinit2.o)
    0x08000258   0x08000258   0x00000000   Code   RO         2442    .ARM.Collect$$libinit$$0000000E  c_w.l(libinit2.o)
    0x08000258   0x08000258   0x00000000   Code   RO         2445    .ARM.Collect$$libinit$$00000011  c_w.l(libinit2.o)
    0x08000258   0x08000258   0x00000000   Code   RO         2447    .ARM.Collect$$libinit$$00000013  c_w.l(libinit2.o)
    0x08000258   0x08000258   0x00000000   Code   RO         2449    .ARM.Collect$$libinit$$00000015  c_w.l(libinit2.o)
    0x08000258   0x08000258   0x00000000   Code   RO         2451    .ARM.Collect$$libinit$$00000017  c_w.l(libinit2.o)
    0x08000258   0x08000258   0x00000000   Code   RO         2453    .ARM.Collect$$libinit$$00000019  c_w.l(libinit2.o)
    0x08000258   0x08000258   0x00000000   Code   RO         2455    .ARM.Collect$$libinit$$0000001B  c_w.l(libinit2.o)
    0x08000258   0x08000258   0x00000000   Code   RO         2457    .ARM.Collect$$libinit$$0000001D  c_w.l(libinit2.o)
    0x08000258   0x08000258   0x00000000   Code   RO         2459    .ARM.Collect$$libinit$$0000001F  c_w.l(libinit2.o)
    0x08000258   0x08000258   0x00000000   Code   RO         2461    .ARM.Collect$$libinit$$00000021  c_w.l(libinit2.o)
    0x08000258   0x08000258   0x00000000   Code   RO         2463    .ARM.Collect$$libinit$$00000023  c_w.l(libinit2.o)
    0x08000258   0x08000258   0x00000000   Code   RO         2465    .ARM.Collect$$libinit$$00000025  c_w.l(libinit2.o)
    0x08000258   0x08000258   0x00000000   Code   RO         2469    .ARM.Collect$$libinit$$0000002C  c_w.l(libinit2.o)
    0x08000258   0x08000258   0x00000000   Code   RO         2471    .ARM.Collect$$libinit$$0000002E  c_w.l(libinit2.o)
    0x08000258   0x08000258   0x00000000   Code   RO         2473    .ARM.Collect$$libinit$$00000030  c_w.l(libinit2.o)
    0x08000258   0x08000258   0x00000000   Code   RO         2475    .ARM.Collect$$libinit$$00000032  c_w.l(libinit2.o)
    0x08000258   0x08000258   0x00000002   Code   RO         2476    .ARM.Collect$$libinit$$00000033  c_w.l(libinit2.o)
    0x0800025a   0x0800025a   0x00000002   Code   RO         2494    .ARM.Collect$$libshutdown$$00000000  c_w.l(libshutdown.o)
    0x0800025c   0x0800025c   0x00000000   Code   RO         2504    .ARM.Collect$$libshutdown$$00000002  c_w.l(libshutdown2.o)
    0x0800025c   0x0800025c   0x00000000   Code   RO         2506    .ARM.Collect$$libshutdown$$00000004  c_w.l(libshutdown2.o)
    0x0800025c   0x0800025c   0x00000000   Code   RO         2509    .ARM.Collect$$libshutdown$$00000007  c_w.l(libshutdown2.o)
    0x0800025c   0x0800025c   0x00000000   Code   RO         2512    .ARM.Collect$$libshutdown$$0000000A  c_w.l(libshutdown2.o)
    0x0800025c   0x0800025c   0x00000000   Code   RO         2514    .ARM.Collect$$libshutdown$$0000000C  c_w.l(libshutdown2.o)
    0x0800025c   0x0800025c   0x00000000   Code   RO         2517    .ARM.Collect$$libshutdown$$0000000F  c_w.l(libshutdown2.o)
    0x0800025c   0x0800025c   0x00000002   Code   RO         2518    .ARM.Collect$$libshutdown$$00000010  c_w.l(libshutdown2.o)
    0x0800025e   0x0800025e   0x00000000   Code   RO         2284    .ARM.Collect$$rtentry$$00000000  c_w.l(__rtentry.o)
    0x0800025e   0x0800025e   0x00000000   Code   RO         2339    .ARM.Collect$$rtentry$$00000002  c_w.l(__rtentry2.o)
    0x0800025e   0x0800025e   0x00000006   Code   RO         2351    .ARM.Collect$$rtentry$$00000004  c_w.l(__rtentry4.o)
    0x08000264   0x08000264   0x00000000   Code   RO         2341    .ARM.Collect$$rtentry$$00000009  c_w.l(__rtentry2.o)
    0x08000264   0x08000264   0x00000004   Code   RO         2342    .ARM.Collect$$rtentry$$0000000A  c_w.l(__rtentry2.o)
    0x08000268   0x08000268   0x00000000   Code   RO         2344    .ARM.Collect$$rtentry$$0000000C  c_w.l(__rtentry2.o)
    0x08000268   0x08000268   0x00000008   Code   RO         2345    .ARM.Collect$$rtentry$$0000000D  c_w.l(__rtentry2.o)
    0x08000270   0x08000270   0x00000002   Code   RO         2425    .ARM.Collect$$rtexit$$00000000  c_w.l(rtexit.o)
    0x08000272   0x08000272   0x00000000   Code   RO         2478    .ARM.Collect$$rtexit$$00000002  c_w.l(rtexit2.o)
    0x08000272   0x08000272   0x00000004   Code   RO         2479    .ARM.Collect$$rtexit$$00000003  c_w.l(rtexit2.o)
    0x08000276   0x08000276   0x00000006   Code   RO         2480    .ARM.Collect$$rtexit$$00000004  c_w.l(rtexit2.o)
    0x0800027c   0x0800027c   0x00000040   Code   RO         1067    .text               startup_stm32f40_41xxx.o
    0x080002bc   0x080002bc   0x00000002   Code   RO         2215    .text               c_w.l(use_no_semi_2.o)
    0x080002be   0x080002be   0x00000002   PAD
    0x080002c0   0x080002c0   0x00000018   Code   RO         2219    .text               c_w.l(__2printf.o)
    0x080002d8   0x080002d8   0x0000004e   Code   RO         2225    .text               c_w.l(_printf_pad.o)
    0x08000326   0x08000326   0x00000052   Code   RO         2227    .text               c_w.l(_printf_str.o)
    0x08000378   0x08000378   0x00000078   Code   RO         2229    .text               c_w.l(_printf_dec.o)
    0x080003f0   0x080003f0   0x00000094   Code   RO         2249    .text               c_w.l(_printf_hex_int_ll_ptr.o)
    0x08000484   0x08000484   0x00000188   Code   RO         2269    .text               c_w.l(__printf_flags_ss_wp.o)
    0x0800060c   0x0800060c   0x00000006   Code   RO         2278    .text               c_w.l(heapauxi.o)
    0x08000612   0x08000612   0x00000002   Code   RO         2282    .text               c_w.l(use_no_semi.o)
    0x08000614   0x08000614   0x000000b2   Code   RO         2287    .text               c_w.l(_printf_intcommon.o)
    0x080006c6   0x080006c6   0x00000002   PAD
    0x080006c8   0x080006c8   0x00000030   Code   RO         2291    .text               c_w.l(_printf_char_common.o)
    0x080006f8   0x080006f8   0x0000002c   Code   RO         2295    .text               c_w.l(_printf_char.o)
    0x08000724   0x08000724   0x00000024   Code   RO         2297    .text               c_w.l(_printf_char_file.o)
    0x08000748   0x08000748   0x00000008   Code   RO         2364    .text               c_w.l(ferror.o)
    0x08000750   0x08000750   0x0000004a   Code   RO         2370    .text               c_w.l(sys_stackheap_outer.o)
    0x0800079a   0x0800079a   0x00000012   Code   RO         2409    .text               c_w.l(exit.o)
    0x080007ac   0x080007ac   0x00000008   Code   RO         2422    .text               c_w.l(libspace.o)
    0x080007b4   0x080007b4   0x00000004   Code   RO          886    i.BusFault_Handler  stm32f4xx_it.o
    0x080007b8   0x080007b8   0x00000002   Code   RO          887    i.DebugMon_Handler  stm32f4xx_it.o
    0x080007ba   0x080007ba   0x00000090   Code   RO            5    i.GPIO_Init         stm32f4xx_gpio.o
    0x0800084a   0x0800084a   0x00000046   Code   RO            6    i.GPIO_PinAFConfig  stm32f4xx_gpio.o
    0x08000890   0x08000890   0x0000000a   Code   RO         1324    i.HCD_GetCurrentFrame  usb_hcd.o
    0x0800089a   0x0800089a   0x00000014   Code   RO         1325    i.HCD_GetCurrentSpeed  usb_hcd.o
    0x080008ae   0x080008ae   0x0000000a   Code   RO         1327    i.HCD_GetURB_State  usb_hcd.o
    0x080008b8   0x080008b8   0x00000060   Code   RO         1330    i.HCD_Init          usb_hcd.o
    0x08000918   0x08000918   0x00000008   Code   RO         1331    i.HCD_IsDeviceConnected  usb_hcd.o
    0x08000920   0x08000920   0x00000008   Code   RO         1332    i.HCD_IsPortEnabled  usb_hcd.o
    0x08000928   0x08000928   0x0000000e   Code   RO         1333    i.HCD_ResetPort     usb_hcd.o
    0x08000936   0x08000936   0x00000020   Code   RO         1334    i.HCD_SubmitRequest  usb_hcd.o
    0x08000956   0x08000956   0x00000004   Code   RO          888    i.HardFault_Handler  stm32f4xx_it.o
    0x0800095a   0x0800095a   0x00000002   PAD
    0x0800095c   0x0800095c   0x00000154   Code   RO         1932    i.KEYBRD_Decode     usbh_hid_keybd.o
    0x08000ab0   0x08000ab0   0x00000008   Code   RO         1933    i.KEYBRD_Init       usbh_hid_keybd.o
    0x08000ab8   0x08000ab8   0x00000020   Code   RO         1878    i.MOUSE_Decode      usbh_hid_mouse.o
    0x08000ad8   0x08000ad8   0x00000008   Code   RO         1879    i.MOUSE_Init        usbh_hid_mouse.o
    0x08000ae0   0x08000ae0   0x00000004   Code   RO          889    i.MemManage_Handler  stm32f4xx_it.o
    0x08000ae4   0x08000ae4   0x00000002   Code   RO          890    i.NMI_Handler       stm32f4xx_it.o
    0x08000ae6   0x08000ae6   0x00000002   PAD
    0x08000ae8   0x08000ae8   0x00000078   Code   RO          743    i.NVIC_Init         misc.o
    0x08000b60   0x08000b60   0x00000014   Code   RO          744    i.NVIC_PriorityGroupConfig  misc.o
    0x08000b74   0x08000b74   0x00000010   Code   RO          891    i.OTG_FS_IRQHandler  stm32f4xx_it.o
    0x08000b84   0x08000b84   0x00000002   Code   RO          892    i.PendSV_Handler    stm32f4xx_it.o
    0x08000b86   0x08000b86   0x00000002   PAD
    0x08000b88   0x08000b88   0x00000020   Code   RO          405    i.RCC_AHB1PeriphClockCmd  stm32f4xx_rcc.o
    0x08000ba8   0x08000ba8   0x00000020   Code   RO          408    i.RCC_AHB2PeriphClockCmd  stm32f4xx_rcc.o
    0x08000bc8   0x08000bc8   0x00000020   Code   RO          417    i.RCC_APB2PeriphClockCmd  stm32f4xx_rcc.o
    0x08000be8   0x08000be8   0x000000e8   Code   RO          426    i.RCC_GetClocksFreq  stm32f4xx_rcc.o
    0x08000cd0   0x08000cd0   0x00000002   Code   RO          893    i.SVC_Handler       stm32f4xx_it.o
    0x08000cd2   0x08000cd2   0x00000002   PAD
    0x08000cd4   0x08000cd4   0x000000ec   Code   RO         1074    i.SetSysClock       system_stm32f4xx.o
    0x08000dc0   0x08000dc0   0x00000002   Code   RO          894    i.SysTick_Handler   stm32f4xx_it.o
    0x08000dc2   0x08000dc2   0x00000002   PAD
    0x08000dc4   0x08000dc4   0x00000068   Code   RO         1076    i.SystemInit        system_stm32f4xx.o
    0x08000e2c   0x08000e2c   0x00000020   Code   RO          895    i.USART1_IRQHandler  stm32f4xx_it.o
    0x08000e4c   0x08000e4c   0x0000001e   Code   RO          214    i.USART_ClearITPendingBit  stm32f4xx_usart.o
    0x08000e6a   0x08000e6a   0x00000018   Code   RO          217    i.USART_Cmd         stm32f4xx_usart.o
    0x08000e82   0x08000e82   0x00000002   PAD
    0x08000e84   0x08000e84   0x00000098   Code   RO          984    i.USART_Config      usart.o
    0x08000f1c   0x08000f1c   0x0000001a   Code   RO          220    i.USART_GetFlagStatus  stm32f4xx_usart.o
    0x08000f36   0x08000f36   0x00000054   Code   RO          221    i.USART_GetITStatus  stm32f4xx_usart.o
    0x08000f8a   0x08000f8a   0x00000002   PAD
    0x08000f8c   0x08000f8c   0x000000d4   Code   RO          224    i.USART_Init        stm32f4xx_usart.o
    0x08001060   0x08001060   0x00000008   Code   RO          234    i.USART_SendData    stm32f4xx_usart.o
    0x08001068   0x08001068   0x00000026   Code   RO         1568    i.USBH_Alloc_Channel  usbh_hcs.o
    0x0800108e   0x0800108e   0x0000004c   Code   RO         1687    i.USBH_ClrFeature   usbh_stdreq.o
    0x080010da   0x080010da   0x0000000c   Code   RO         1470    i.USBH_Connected    usbh_core.o
    0x080010e6   0x080010e6   0x00000046   Code   RO         1611    i.USBH_CtlReceiveData  usbh_ioreq.o
    0x0800112c   0x0800112c   0x00000064   Code   RO         1612    i.USBH_CtlReq       usbh_ioreq.o
    0x08001190   0x08001190   0x0000006e   Code   RO         1613    i.USBH_CtlSendData  usbh_ioreq.o
    0x080011fe   0x080011fe   0x00000042   Code   RO         1614    i.USBH_CtlSendSetup  usbh_ioreq.o
    0x08001240   0x08001240   0x0000001c   Code   RO         1569    i.USBH_DeAllocate_AllChannel  usbh_hcs.o
    0x0800125c   0x0800125c   0x0000003a   Code   RO         1471    i.USBH_DeInit       usbh_core.o
    0x08001296   0x08001296   0x00000028   Code   RO         1472    i.USBH_Disconnected  usbh_core.o
    0x080012be   0x080012be   0x0000002e   Code   RO         1473    i.USBH_ErrorHandle  usbh_core.o
    0x080012ec   0x080012ec   0x0000001e   Code   RO         1570    i.USBH_Free_Channel  usbh_hcs.o
    0x0800130a   0x0800130a   0x00000044   Code   RO         1688    i.USBH_GetDescriptor  usbh_stdreq.o
    0x0800134e   0x0800134e   0x00000028   Code   RO         1571    i.USBH_GetFreeChannel  usbh_hcs.o
    0x08001376   0x08001376   0x00000012   Code   RO         1689    i.USBH_GetNextDesc  usbh_stdreq.o
    0x08001388   0x08001388   0x0000006c   Code   RO         1690    i.USBH_Get_CfgDesc  usbh_stdreq.o
    0x080013f4   0x080013f4   0x00000038   Code   RO         1691    i.USBH_Get_DevDesc  usbh_stdreq.o
    0x0800142c   0x0800142c   0x00000028   Code   RO         1794    i.USBH_Get_HID_Descriptor  usbh_hid_core.o
    0x08001454   0x08001454   0x00000028   Code   RO         1795    i.USBH_Get_HID_ReportDescriptor  usbh_hid_core.o
    0x0800147c   0x0800147c   0x0000003c   Code   RO         1692    i.USBH_Get_StringDesc  usbh_stdreq.o
    0x080014b8   0x080014b8   0x000000b0   Code   RO         1796    i.USBH_HID_ClassRequest  usbh_hid_core.o
    0x08001568   0x08001568   0x00000104   Code   RO         1797    i.USBH_HID_Handle   usbh_hid_core.o
    0x0800166c   0x0800166c   0x00000068   Code   RO         1798    i.USBH_HID_InterfaceDeInit  usbh_hid_core.o
    0x080016d4   0x080016d4   0x00000304   Code   RO         1799    i.USBH_HID_InterfaceInit  usbh_hid_core.o
    0x080019d8   0x080019d8   0x0000022c   Code   RO         1474    i.USBH_HandleControl  usbh_core.o
    0x08001c04   0x08001c04   0x000001e0   Code   RO         1475    i.USBH_HandleEnum   usbh_core.o
    0x08001de4   0x08001de4   0x00000044   Code   RO         1476    i.USBH_Init         usbh_core.o
    0x08001e28   0x08001e28   0x00000078   Code   RO         1615    i.USBH_InterruptReceiveData  usbh_ioreq.o
    0x08001ea0   0x08001ea0   0x00000064   Code   RO         1572    i.USBH_Modify_Channel  usbh_hcs.o
    0x08001f04   0x08001f04   0x000000a8   Code   RO         1405    i.USBH_OTG_ISR_Handler  usb_hcd_int.o
    0x08001fac   0x08001fac   0x0000009a   Code   RO         1573    i.USBH_Open_Channel  usbh_hcs.o
    0x08002046   0x08002046   0x00000002   PAD
    0x08002048   0x08002048   0x00000130   Code   RO         1693    i.USBH_ParseCfgDesc  usbh_stdreq.o
    0x08002178   0x08002178   0x00000058   Code   RO         1694    i.USBH_ParseDevDesc  usbh_stdreq.o
    0x080021d0   0x080021d0   0x00000020   Code   RO         1695    i.USBH_ParseEPDesc  usbh_stdreq.o
    0x080021f0   0x080021f0   0x0000002a   Code   RO         1800    i.USBH_ParseHIDDesc  usbh_hid_core.o
    0x0800221a   0x0800221a   0x00000026   Code   RO         1696    i.USBH_ParseInterfaceDesc  usbh_stdreq.o
    0x08002240   0x08002240   0x00000036   Code   RO         1697    i.USBH_ParseStringDesc  usbh_stdreq.o
    0x08002276   0x08002276   0x0000000c   Code   RO         1477    i.USBH_PortDisabled  usbh_core.o
    0x08002282   0x08002282   0x0000000c   Code   RO         1478    i.USBH_PortEnabled  usbh_core.o
    0x0800228e   0x0800228e   0x000001ca   Code   RO         1479    i.USBH_Process      usbh_core.o
    0x08002458   0x08002458   0x00000006   Code   RO         1480    i.USBH_SOF          usbh_core.o
    0x0800245e   0x0800245e   0x00000026   Code   RO         1698    i.USBH_SetAddress   usbh_stdreq.o
    0x08002484   0x08002484   0x00000026   Code   RO         1699    i.USBH_SetCfg       usbh_stdreq.o
    0x080024aa   0x080024aa   0x00000030   Code   RO         1801    i.USBH_Set_Idle     usbh_hid_core.o
    0x080024da   0x080024da   0x00000030   Code   RO         1802    i.USBH_Set_Protocol  usbh_hid_core.o
    0x0800250a   0x0800250a   0x00000018   Code   RO         1619    i.USBH_SubmitSetupRequest  usbh_ioreq.o
    0x08002522   0x08002522   0x00000002   PAD
    0x08002524   0x08002524   0x00000038   Code   RO         2053    i.USBH_USR_Configuration_DescAvailable  usbh_usr.o
    0x0800255c   0x0800255c   0x00000020   Code   RO         2054    i.USBH_USR_DeInit   usbh_usr.o
    0x0800257c   0x0800257c   0x00000030   Code   RO         2055    i.USBH_USR_DeviceAddressAssigned  usbh_usr.o
    0x080025ac   0x080025ac   0x00000028   Code   RO         2056    i.USBH_USR_DeviceAttached  usbh_usr.o
    0x080025d4   0x080025d4   0x0000002c   Code   RO         2057    i.USBH_USR_DeviceDisconnected  usbh_usr.o
    0x08002600   0x08002600   0x0000002c   Code   RO         2058    i.USBH_USR_DeviceNotSupported  usbh_usr.o
    0x0800262c   0x0800262c   0x0000002c   Code   RO         2059    i.USBH_USR_DeviceSpeedDetected  usbh_usr.o
    0x08002658   0x08002658   0x0000004c   Code   RO         2060    i.USBH_USR_Device_DescAvailable  usbh_usr.o
    0x080026a4   0x080026a4   0x00000028   Code   RO         2061    i.USBH_USR_EnumerationDone  usbh_usr.o
    0x080026cc   0x080026cc   0x0000001c   Code   RO         2062    i.USBH_USR_Init     usbh_usr.o
    0x080026e8   0x080026e8   0x00000028   Code   RO         2063    i.USBH_USR_MSC_Application  usbh_usr.o
    0x08002710   0x08002710   0x00000034   Code   RO         2064    i.USBH_USR_Manufacturer_String  usbh_usr.o
    0x08002744   0x08002744   0x0000002c   Code   RO         2065    i.USBH_USR_OverCurrentDetected  usbh_usr.o
    0x08002770   0x08002770   0x00000030   Code   RO         2066    i.USBH_USR_Product_String  usbh_usr.o
    0x080027a0   0x080027a0   0x00000024   Code   RO         2067    i.USBH_USR_ResetDevice  usbh_usr.o
    0x080027c4   0x080027c4   0x00000030   Code   RO         2068    i.USBH_USR_SerialNum_String  usbh_usr.o
    0x080027f4   0x080027f4   0x00000028   Code   RO         2069    i.USBH_USR_UnrecoveredError  usbh_usr.o
    0x0800281c   0x0800281c   0x00000024   Code   RO         2070    i.USBH_USR_UserInput  usbh_usr.o
    0x08002840   0x08002840   0x00000002   Code   RO         1983    i.USB_OTG_BSP_ConfigVBUS  usb_bsp.o
    0x08002842   0x08002842   0x00000002   Code   RO         1984    i.USB_OTG_BSP_DriveVBUS  usb_bsp.o
    0x08002844   0x08002844   0x0000002c   Code   RO         1985    i.USB_OTG_BSP_EnableInterrupt  usb_bsp.o
    0x08002870   0x08002870   0x00000048   Code   RO         1986    i.USB_OTG_BSP_Init  usb_bsp.o
    0x080028b8   0x080028b8   0x00000012   Code   RO         1989    i.USB_OTG_BSP_mDelay  usb_bsp.o
    0x080028ca   0x080028ca   0x0000001e   Code   RO         1990    i.USB_OTG_BSP_uDelay  usb_bsp.o
    0x080028e8   0x080028e8   0x0000011a   Code   RO         1134    i.USB_OTG_CoreInit  usb_core.o
    0x08002a02   0x08002a02   0x000000d6   Code   RO         1135    i.USB_OTG_CoreInitHost  usb_core.o
    0x08002ad8   0x08002ad8   0x00000070   Code   RO         1136    i.USB_OTG_CoreReset  usb_core.o
    0x08002b48   0x08002b48   0x00000022   Code   RO         1137    i.USB_OTG_DisableGlobalInt  usb_core.o
    0x08002b6a   0x08002b6a   0x0000005c   Code   RO         1138    i.USB_OTG_DriveVbus  usb_core.o
    0x08002bc6   0x08002bc6   0x00000034   Code   RO         1139    i.USB_OTG_EnableCommonInt  usb_core.o
    0x08002bfa   0x08002bfa   0x00000022   Code   RO         1140    i.USB_OTG_EnableGlobalInt  usb_core.o
    0x08002c1c   0x08002c1c   0x00000084   Code   RO         1141    i.USB_OTG_EnableHostInt  usb_core.o
    0x08002ca0   0x08002ca0   0x0000004c   Code   RO         1142    i.USB_OTG_FlushRxFifo  usb_core.o
    0x08002cec   0x08002cec   0x00000054   Code   RO         1143    i.USB_OTG_FlushTxFifo  usb_core.o
    0x08002d40   0x08002d40   0x0000000c   Code   RO         1144    i.USB_OTG_GetMode   usb_core.o
    0x08002d4c   0x08002d4c   0x0000005a   Code   RO         1145    i.USB_OTG_HC_DoPing  usb_core.o
    0x08002da6   0x08002da6   0x0000009a   Code   RO         1146    i.USB_OTG_HC_Halt   usb_core.o
    0x08002e40   0x08002e40   0x00000238   Code   RO         1147    i.USB_OTG_HC_Init   usb_core.o
    0x08003078   0x08003078   0x000001f6   Code   RO         1148    i.USB_OTG_HC_StartXfer  usb_core.o
    0x0800326e   0x0800326e   0x00000018   Code   RO         1149    i.USB_OTG_InitFSLSPClkSel  usb_core.o
    0x08003286   0x08003286   0x00000010   Code   RO         1151    i.USB_OTG_IsEvenFrame  usb_core.o
    0x08003296   0x08003296   0x00000014   Code   RO         1152    i.USB_OTG_IsHostMode  usb_core.o
    0x080032aa   0x080032aa   0x00000010   Code   RO         1153    i.USB_OTG_ReadCoreItr  usb_core.o
    0x080032ba   0x080032ba   0x00000030   Code   RO         1154    i.USB_OTG_ReadHPRT0  usb_core.o
    0x080032ea   0x080032ea   0x00000008   Code   RO         1155    i.USB_OTG_ReadHostAllChannels_intr  usb_core.o
    0x080032f2   0x080032f2   0x00000028   Code   RO         1157    i.USB_OTG_ReadPacket  usb_core.o
    0x0800331a   0x0800331a   0x00000040   Code   RO         1158    i.USB_OTG_ResetPort  usb_core.o
    0x0800335a   0x0800335a   0x00000002   PAD
    0x0800335c   0x0800335c   0x000000d0   Code   RO         1159    i.USB_OTG_SelectCore  usb_core.o
    0x0800342c   0x0800342c   0x0000004e   Code   RO         1160    i.USB_OTG_SetCurrentMode  usb_core.o
    0x0800347a   0x0800347a   0x00000002   PAD
    0x0800347c   0x0800347c   0x0000002c   Code   RO         1406    i.USB_OTG_USBH_handle_Disconnect_ISR  usb_hcd_int.o
    0x080034a8   0x080034a8   0x00000046   Code   RO         1407    i.USB_OTG_USBH_handle_IncompletePeriodicXfer_ISR  usb_hcd_int.o
    0x080034ee   0x080034ee   0x00000056   Code   RO         1408    i.USB_OTG_USBH_handle_hc_ISR  usb_hcd_int.o
    0x08003544   0x08003544   0x0000041e   Code   RO         1409    i.USB_OTG_USBH_handle_hc_n_In_ISR  usb_hcd_int.o
    0x08003962   0x08003962   0x000003b8   Code   RO         1410    i.USB_OTG_USBH_handle_hc_n_Out_ISR  usb_hcd_int.o
    0x08003d1a   0x08003d1a   0x00000136   Code   RO         1411    i.USB_OTG_USBH_handle_nptxfempty_ISR  usb_hcd_int.o
    0x08003e50   0x08003e50   0x0000013c   Code   RO         1412    i.USB_OTG_USBH_handle_port_ISR  usb_hcd_int.o
    0x08003f8c   0x08003f8c   0x00000136   Code   RO         1413    i.USB_OTG_USBH_handle_ptxfempty_ISR  usb_hcd_int.o
    0x080040c2   0x080040c2   0x0000013e   Code   RO         1414    i.USB_OTG_USBH_handle_rx_qlvl_ISR  usb_hcd_int.o
    0x08004200   0x08004200   0x0000002c   Code   RO         1415    i.USB_OTG_USBH_handle_sof_ISR  usb_hcd_int.o
    0x0800422c   0x0800422c   0x0000003e   Code   RO         1162    i.USB_OTG_WritePacket  usb_core.o
    0x0800426a   0x0800426a   0x00000002   PAD
    0x0800426c   0x0800426c   0x00000014   Code   RO         1934    i.USR_KEYBRD_Init   usbh_hid_keybd.o
    0x08004280   0x08004280   0x0000002c   Code   RO         1935    i.USR_KEYBRD_ProcessData  usbh_hid_keybd.o
    0x080042ac   0x080042ac   0x0000001c   Code   RO         1880    i.USR_MOUSE_Init    usbh_hid_mouse.o
    0x080042c8   0x080042c8   0x00000028   Code   RO         1881    i.USR_MOUSE_ProcessData  usbh_hid_mouse.o
    0x080042f0   0x080042f0   0x00000004   Code   RO          896    i.UsageFault_Handler  stm32f4xx_it.o
    0x080042f4   0x080042f4   0x0000000e   Code   RO         2262    i._is_digit         c_w.l(__printf_wp.o)
    0x08004302   0x08004302   0x00000004   Code   RO         1024    i._sys_exit         print.o
    0x08004306   0x08004306   0x00000002   PAD
    0x08004308   0x08004308   0x00000024   Code   RO          986    i.fputc             usart.o
    0x0800432c   0x0800432c   0x00000034   Code   RO          791    i.main              main.o
    0x08004360   0x08004360   0x0000000a   Code   RO         2486    x$fpl$fpinit        fz_wm.l(fpinit.o)
    0x0800436a   0x0800436a   0x000001ec   Data   RO         1936    .constdata          usbh_hid_keybd.o
    0x08004556   0x08004556   0x00000028   Data   RO         2250    .constdata          c_w.l(_printf_hex_int_ll_ptr.o)
    0x0800457e   0x0800457e   0x00000011   Data   RO         2270    .constdata          c_w.l(__printf_flags_ss_wp.o)
    0x0800458f   0x0800458f   0x00000001   PAD
    0x08004590   0x08004590   0x00000020   Data   RO         2550    Region$$Table       anon$$obj.o


    Execution Region RW_IRAM1 (Exec base: 0x20000000, Load base: 0x080045b0, Size: 0x000011a8, Max: 0x00020000, ABSOLUTE, COMPRESSED[0x00000188])

    Exec Addr    Load Addr    Size         Type   Attr      Idx    E Section Name        Object

    0x20000000   COMPRESSED   0x00000010   Data   RW          458    .data               stm32f4xx_rcc.o
    0x20000010   COMPRESSED   0x00000004   Data   RW         1026    .data               print.o
    0x20000014   COMPRESSED   0x0000001e   Data   RW         1483    .data               usbh_core.o
    0x20000032   COMPRESSED   0x00000003   Data   RW         1703    .data               usbh_stdreq.o
    0x20000035   COMPRESSED   0x00000003   PAD
    0x20000038   COMPRESSED   0x0000001c   Data   RW         1805    .data               usbh_hid_core.o
    0x20000054   COMPRESSED   0x00000010   Data   RW         1882    .data               usbh_hid_mouse.o
    0x20000064   COMPRESSED   0x0000001f   Data   RW         1937    .data               usbh_hid_keybd.o
    0x20000083   COMPRESSED   0x00000001   PAD
    0x20000084   COMPRESSED   0x000001e6   Data   RW         2073    .data               usbh_usr.o
    0x2000026a   COMPRESSED   0x00000002   PAD
    0x2000026c        -       0x00000634   Zero   RW          792    .bss                main.o
    0x200008a0        -       0x00000200   Zero   RW         1702    .bss                usbh_stdreq.o
    0x20000aa0        -       0x000000a6   Zero   RW         1804    .bss                usbh_hid_core.o
    0x20000b46   COMPRESSED   0x00000002   PAD
    0x20000b48        -       0x00000060   Zero   RW         2423    .bss                c_w.l(libspace.o)
    0x20000ba8        -       0x00000200   Zero   RW         1065    HEAP                startup_stm32f40_41xxx.o
    0x20000da8        -       0x00000400   Zero   RW         1064    STACK               startup_stm32f40_41xxx.o


==============================================================================

Image component sizes


      Code (inc. data)   RO Data    RW Data    ZI Data      Debug   Object Name

        52         18          0          0       1588      27971   main.o
       140         24          0          0          0       1619   misc.o
         4          0          0          4          0       2894   print.o
        64         26        392          0       1536        840   startup_stm32f40_41xxx.o
       214          0          0          0          0     273159   stm32f4xx_gpio.o
        74         12          0          0          0       5118   stm32f4xx_it.o
       328         36          0         16          0       4707   stm32f4xx_rcc.o
       384          8          0          0          0       4726   stm32f4xx_usart.o
       340         32          0          0          0       1641   system_stm32f4xx.o
       188         12          0          0          0       2799   usart.o
       168          4          0          0          0       3792   usb_bsp.o
      3022         18          0          0          0      18287   usb_core.o
       198          0          0          0          0       5066   usb_hcd.o
      3672         16          0          0          0      10275   usb_hcd_int.o
      1748         48          0         30          0      10217   usbh_core.o
       390          0          0          0          0       4560   usbh_hcs.o
      1530        360          0         28        166       8988   usbh_hid_core.o
       412         84        492         31          0       3583   usbh_hid_keybd.o
       108         46          0         16          0       4940   usbh_hid_mouse.o
       490          0          0          0          0      12811   usbh_ioreq.o
       978         12          0          3        512      10517   usbh_stdreq.o
       796        574          0        486          0      11607   usbh_usr.o

    ----------------------------------------------------------------------
     15326       1330        916        620       3804     430117   Object Totals
         0          0         32          0          0          0   (incl. Generated)
        26          0          0          6          2          0   (incl. Padding)

    ----------------------------------------------------------------------

      Code (inc. data)   RO Data    RW Data    ZI Data      Debug   Library Member Name

        24          4          0          0          0         84   __2printf.o
        90          0          0          0          0          0   __dczerorl2.o
         8          0          0          0          0         68   __main.o
       392          4         17          0          0         92   __printf_flags_ss_wp.o
        14          0          0          0          0         68   __printf_wp.o
         0          0          0          0          0          0   __rtentry.o
        12          0          0          0          0          0   __rtentry2.o
         6          0          0          0          0          0   __rtentry4.o
        52          8          0          0          0          0   __scatter.o
        28          0          0          0          0          0   __scatter_zi.o
        44          0          0          0          0        108   _printf_char.o
        48          6          0          0          0         96   _printf_char_common.o
        36          4          0          0          0         80   _printf_char_file.o
         6          0          0          0          0          0   _printf_d.o
       120         16          0          0          0         92   _printf_dec.o
       148          4         40          0          0        160   _printf_hex_int_ll_ptr.o
       178          0          0          0          0         88   _printf_intcommon.o
        78          0          0          0          0        108   _printf_pad.o
         0          0          0          0          0          0   _printf_percent.o
         4          0          0          0          0          0   _printf_percent_end.o
         6          0          0          0          0          0   _printf_s.o
        82          0          0          0          0         80   _printf_str.o
         6          0          0          0          0          0   _printf_x.o
        18          0          0          0          0         80   exit.o
         8          0          0          0          0         68   ferror.o
         6          0          0          0          0        152   heapauxi.o
         2          0          0          0          0          0   libinit.o
         6          0          0          0          0          0   libinit2.o
         2          0          0          0          0          0   libshutdown.o
         2          0          0          0          0          0   libshutdown2.o
         8          4          0          0         96         68   libspace.o
         2          0          0          0          0          0   rtexit.o
        10          0          0          0          0          0   rtexit2.o
        74          0          0          0          0         80   sys_stackheap_outer.o
         2          0          0          0          0         68   use_no_semi.o
         2          0          0          0          0         68   use_no_semi_2.o
        10          0          0          0          0        116   fpinit.o

    ----------------------------------------------------------------------
      1540         50         58          0         96       1824   Library Totals
         6          0          1          0          0          0   (incl. Padding)

    ----------------------------------------------------------------------

      Code (inc. data)   RO Data    RW Data    ZI Data      Debug   Library Name

      1524         50         57          0         96       1708   c_w.l
        10          0          0          0          0        116   fz_wm.l

    ----------------------------------------------------------------------
      1540         50         58          0         96       1824   Library Totals

    ----------------------------------------------------------------------

==============================================================================


      Code (inc. data)   RO Data    RW Data    ZI Data      Debug   

     16866       1380        974        620       3900     416561   Grand Totals
     16866       1380        974        392       3900     416561   ELF Image Totals (compressed)
     16866       1380        974        392          0          0   ROM Totals

==============================================================================

    Total RO  Size (Code + RO Data)                17840 (  17.42kB)
    Total RW  Size (RW Data + ZI Data)              4520 (   4.41kB)
    Total ROM Size (Code + RO Data + RW Data)      18232 (  17.80kB)

==============================================================================

