Component: ARM Compiler 5.06 update 6 (build 750) Tool: armlink [4d35ed]

==============================================================================

Section Cross References

    stm32f4xx_fsmc.o(i.FSMC_NORSRAMStructInit) refers to stm32f4xx_fsmc.o(.constdata) for FSMC_DefaultTimingStruct
    stm32f4xx_gpio.o(i.GPIO_DeInit) refers to stm32f4xx_rcc.o(i.RCC_AHB1PeriphResetCmd) for RCC_AHB1PeriphResetCmd
    stm32f4xx_rcc.o(i.RCC_GetClocksFreq) refers to stm32f4xx_rcc.o(.data) for APBAHBPrescTable
    stm32f4xx_rcc.o(i.RCC_WaitForHSEStartUp) refers to stm32f4xx_rcc.o(i.RCC_GetFlagStatus) for RCC_GetFlagStatus
    stm32f4xx_tim.o(i.TIM_DeInit) refers to stm32f4xx_rcc.o(i.RCC_APB2PeriphResetCmd) for RCC_APB2PeriphResetCmd
    stm32f4xx_tim.o(i.TIM_DeInit) refers to stm32f4xx_rcc.o(i.RCC_APB1PeriphResetCmd) for RCC_APB1PeriphResetCmd
    stm32f4xx_tim.o(i.TIM_ETRClockMode1Config) refers to stm32f4xx_tim.o(i.TIM_ETRConfig) for TIM_ETRConfig
    stm32f4xx_tim.o(i.TIM_ETRClockMode2Config) refers to stm32f4xx_tim.o(i.TIM_ETRConfig) for TIM_ETRConfig
    stm32f4xx_tim.o(i.TIM_ICInit) refers to stm32f4xx_tim.o(i.TI1_Config) for TI1_Config
    stm32f4xx_tim.o(i.TIM_ICInit) refers to stm32f4xx_tim.o(i.TIM_SetIC1Prescaler) for TIM_SetIC1Prescaler
    stm32f4xx_tim.o(i.TIM_ICInit) refers to stm32f4xx_tim.o(i.TI2_Config) for TI2_Config
    stm32f4xx_tim.o(i.TIM_ICInit) refers to stm32f4xx_tim.o(i.TIM_SetIC2Prescaler) for TIM_SetIC2Prescaler
    stm32f4xx_tim.o(i.TIM_ICInit) refers to stm32f4xx_tim.o(i.TI3_Config) for TI3_Config
    stm32f4xx_tim.o(i.TIM_ICInit) refers to stm32f4xx_tim.o(i.TIM_SetIC3Prescaler) for TIM_SetIC3Prescaler
    stm32f4xx_tim.o(i.TIM_ICInit) refers to stm32f4xx_tim.o(i.TI4_Config) for TI4_Config
    stm32f4xx_tim.o(i.TIM_ICInit) refers to stm32f4xx_tim.o(i.TIM_SetIC4Prescaler) for TIM_SetIC4Prescaler
    stm32f4xx_tim.o(i.TIM_ITRxExternalClockConfig) refers to stm32f4xx_tim.o(i.TIM_SelectInputTrigger) for TIM_SelectInputTrigger
    stm32f4xx_tim.o(i.TIM_PWMIConfig) refers to stm32f4xx_tim.o(i.TI1_Config) for TI1_Config
    stm32f4xx_tim.o(i.TIM_PWMIConfig) refers to stm32f4xx_tim.o(i.TIM_SetIC1Prescaler) for TIM_SetIC1Prescaler
    stm32f4xx_tim.o(i.TIM_PWMIConfig) refers to stm32f4xx_tim.o(i.TI2_Config) for TI2_Config
    stm32f4xx_tim.o(i.TIM_PWMIConfig) refers to stm32f4xx_tim.o(i.TIM_SetIC2Prescaler) for TIM_SetIC2Prescaler
    stm32f4xx_tim.o(i.TIM_TIxExternalClockConfig) refers to stm32f4xx_tim.o(i.TI2_Config) for TI2_Config
    stm32f4xx_tim.o(i.TIM_TIxExternalClockConfig) refers to stm32f4xx_tim.o(i.TI1_Config) for TI1_Config
    stm32f4xx_tim.o(i.TIM_TIxExternalClockConfig) refers to stm32f4xx_tim.o(i.TIM_SelectInputTrigger) for TIM_SelectInputTrigger
    stm32f4xx_usart.o(i.USART_DeInit) refers to stm32f4xx_rcc.o(i.RCC_APB2PeriphResetCmd) for RCC_APB2PeriphResetCmd
    stm32f4xx_usart.o(i.USART_DeInit) refers to stm32f4xx_rcc.o(i.RCC_APB1PeriphResetCmd) for RCC_APB1PeriphResetCmd
    stm32f4xx_usart.o(i.USART_Init) refers to stm32f4xx_rcc.o(i.RCC_GetClocksFreq) for RCC_GetClocksFreq
    stm32f4xx_syscfg.o(i.SYSCFG_DeInit) refers to stm32f4xx_rcc.o(i.RCC_APB2PeriphResetCmd) for RCC_APB2PeriphResetCmd
    main.o(i.main) refers to stm32f4xx_rcc.o(i.RCC_AHB1PeriphClockCmd) for RCC_AHB1PeriphClockCmd
    main.o(i.main) refers to usart.o(i.USART_Config) for USART_Config
    main.o(i.main) refers to fsmclcd.o(i.ILI9806G_Init) for ILI9806G_Init
    main.o(i.main) refers to gt5xx.o(i.GTP_Init_Panel) for GTP_Init_Panel
    main.o(i.main) refers to os_core.o(i.OSInit) for OSInit
    main.o(i.main) refers to cpu_a.o(.text) for CPU_SR_Save
    main.o(i.main) refers to os_task.o(i.OSTaskCreate) for OSTaskCreate
    main.o(i.main) refers to os_core.o(i.OSStart) for OSStart
    main.o(i.main) refers to main.o(.bss) for TASK1_TASK_STK
    main.o(i.main) refers to main.o(i.task_task) for task_task
    main.o(i.task_task) refers to fsmclcd.o(i.LCD_SetBackColor) for LCD_SetBackColor
    main.o(i.task_task) refers to cpu_a.o(.text) for CPU_SR_Save
    main.o(i.task_task) refers to fsmclcd.o(i.LCD_SetColors) for LCD_SetColors
    main.o(i.task_task) refers to fsmclcd.o(i.ILI9806G_DrawCircle) for ILI9806G_DrawCircle
    main.o(i.task_task) refers to main.o(.data) for pos
    stm32f4xx_it.o(i.USART1_IRQHandler) refers to stm32f4xx_usart.o(i.USART_GetITStatus) for USART_GetITStatus
    stm32f4xx_it.o(i.USART1_IRQHandler) refers to stm32f4xx_usart.o(i.USART_ClearITPendingBit) for USART_ClearITPendingBit
    usart.o(i.USART_Config) refers to stm32f4xx_rcc.o(i.RCC_AHB1PeriphClockCmd) for RCC_AHB1PeriphClockCmd
    usart.o(i.USART_Config) refers to stm32f4xx_rcc.o(i.RCC_APB2PeriphClockCmd) for RCC_APB2PeriphClockCmd
    usart.o(i.USART_Config) refers to stm32f4xx_gpio.o(i.GPIO_PinAFConfig) for GPIO_PinAFConfig
    usart.o(i.USART_Config) refers to stm32f4xx_gpio.o(i.GPIO_Init) for GPIO_Init
[...]
    i.OS_TmrTask                             0x08004958   Section        0  os_tmr.o(i.OS_TmrTask)
    i.OS_TmrUnlink                           0x080049ec   Section        0  os_tmr.o(i.OS_TmrUnlink)
    i.OS_TmrUnlock                           0x08004a30   Section        0  os_tmr.o(i.OS_TmrUnlock)
    OS_TmrUnlock                             0x08004a31   Thumb Code    14  os_tmr.o(i.OS_TmrUnlock)
    i.RCC_AHB1PeriphClockCmd                 0x08004a44   Section        0  stm32f4xx_rcc.o(i.RCC_AHB1PeriphClockCmd)
    i.RCC_AHB3PeriphClockCmd                 0x08004a64   Section        0  stm32f4xx_rcc.o(i.RCC_AHB3PeriphClockCmd)
    i.RCC_APB2PeriphClockCmd                 0x08004a84   Section        0  stm32f4xx_rcc.o(i.RCC_APB2PeriphClockCmd)
    i.RCC_GetClocksFreq                      0x08004aa4   Section        0  stm32f4xx_rcc.o(i.RCC_GetClocksFreq)
    i.SVC_Handler                            0x08004b8c   Section        0  stm32f4xx_it.o(i.SVC_Handler)
    i.SYSCFG_EXTILineConfig                  0x08004b90   Section        0  stm32f4xx_syscfg.o(i.SYSCFG_EXTILineConfig)
    i.SetSysClock                            0x08004bd0   Section        0  system_stm32f4xx.o(i.SetSysClock)
    SetSysClock                              0x08004bd1   Thumb Code   220  system_stm32f4xx.o(i.SetSysClock)
    i.SysTick_Handler                        0x08004cbc   Section        0  os_cpu_c.o(i.SysTick_Handler)
    i.SystemInit                             0x08004cf4   Section        0  system_stm32f4xx.o(i.SystemInit)
    i.USART1_IRQHandler                      0x08004d5c   Section        0  stm32f4xx_it.o(i.USART1_IRQHandler)
    i.USART_ClearITPendingBit                0x08004d7c   Section        0  stm32f4xx_usart.o(i.USART_ClearITPendingBit)
    i.USART_Cmd                              0x08004d9a   Section        0  stm32f4xx_usart.o(i.USART_Cmd)
    i.USART_Config                           0x08004db4   Section        0  usart.o(i.USART_Config)
    i.USART_GetFlagStatus                    0x08004e4c   Section        0  stm32f4xx_usart.o(i.USART_GetFlagStatus)
    i.USART_GetITStatus                      0x08004e66   Section        0  stm32f4xx_usart.o(i.USART_GetITStatus)
    i.USART_Init                             0x08004ebc   Section        0  stm32f4xx_usart.o(i.USART_Init)
    i.USART_SendData                         0x08004f90   Section        0  stm32f4xx_usart.o(i.USART_SendData)
    i.UsageFault_Handler                     0x08004f98   Section        0  stm32f4xx_it.o(i.UsageFault_Handler)
    i.__0printf$8                            0x08004f9c   Section        0  printf8.o(i.__0printf$8)
    i.__scatterload_copy                     0x08004fbc   Section       14  handlers.o(i.__scatterload_copy)
    i.__scatterload_null                     0x08004fca   Section        2  handlers.o(i.__scatterload_null)
    i.__scatterload_zeroinit                 0x08004fcc   Section       14  handlers.o(i.__scatterload_zeroinit)
    i._printf_core                           0x08004fdc   Section        0  printf8.o(i._printf_core)
    _printf_core                             0x08004fdd   Thumb Code   996  printf8.o(i._printf_core)
    i._printf_post_padding                   0x080053ec   Section        0  printf8.o(i._printf_post_padding)
    _printf_post_padding                     0x080053ed   Thumb Code    36  printf8.o(i._printf_post_padding)
    i._printf_pre_padding                    0x08005410   Section        0  printf8.o(i._printf_pre_padding)
    _printf_pre_padding                      0x08005411   Thumb Code    46  printf8.o(i._printf_pre_padding)
    i.fputc                                  0x08005440   Section        0  usart.o(i.fputc)
    i.free                                   0x08005464   Section        0  malloc.o(i.free)
    i.i2c_Ack                                0x080054b4   Section        0  touch.o(i.i2c_Ack)
    i.i2c_Delay                              0x080054e8   Section        0  touch.o(i.i2c_Delay)
    i2c_Delay                                0x080054e9   Thumb Code    14  touch.o(i.i2c_Delay)
    i.i2c_NAck                               0x080054f8   Section        0  touch.o(i.i2c_NAck)
    i.i2c_ReadByte                           0x08005524   Section        0  touch.o(i.i2c_ReadByte)
    i.i2c_SendByte                           0x08005568   Section        0  touch.o(i.i2c_SendByte)
    i.i2c_Start                              0x080055c4   Section        0  touch.o(i.i2c_Start)
    i.i2c_Stop                               0x080055f8   Section        0  touch.o(i.i2c_Stop)
    i.i2c_WaitAck                            0x0800561c   Section        0  touch.o(i.i2c_WaitAck)
    i.main                                   0x0800565c   Section        0  main.o(i.main)
    i.malloc                                 0x080056ec   Section        0  malloc.o(i.malloc)
    i.task_task                              0x08005758   Section        0  main.o(i.task_task)
    .constdata                               0x080057f0   Section    21280  fonts.o(.constdata)
    .constdata                               0x0800ab10   Section      148  os_cfg_app.o(.constdata)
    .constdata                               0x0800aba4   Section      364  os_dbg.o(.constdata)
    .constdata                               0x0800ad10   Section      504  gt5xx.o(.constdata)
    __func__                                 0x0800adff   Data          13  gt5xx.o(.constdata)
    __func__                                 0x0800ae0c   Data          13  gt5xx.o(.constdata)
    __func__                                 0x0800ae19   Data          14  gt5xx.o(.constdata)
    __func__                                 0x0800ae27   Data          23  gt5xx.o(.constdata)
    __func__                                 0x0800ae3e   Data          16  gt5xx.o(.constdata)
    __func__                                 0x0800ae4e   Data          15  gt5xx.o(.constdata)
    __func__                                 0x0800ae5d   Data          15  gt5xx.o(.constdata)
    __func__                                 0x0800ae6c   Data          20  gt5xx.o(.constdata)
    __func__                                 0x0800ae88   Data          17  gt5xx.o(.constdata)
    __func__                                 0x0800ae99   Data          17  gt5xx.o(.constdata)
    __func__                                 0x0800aeaa   Data          17  gt5xx.o(.constdata)
    __func__                                 0x0800aebb   Data          15  gt5xx.o(.constdata)
    __func__                                 0x0800aeca   Data          17  gt5xx.o(.constdata)
    __func__                                 0x0800aee4   Data          13  gt5xx.o(.constdata)
    __func__                                 0x0800aef7   Data          17  gt5xx.o(.constdata)
    .conststring                             0x0800af08   Section      161  gt5xx.o(.conststring)
    .data                                    0x20000000   Section       16  stm32f4xx_rcc.o(.data)
    APBAHBPrescTable                         0x20000000   Data          16  stm32f4xx_rcc.o(.data)
    .data                                    0x20000010   Section       24  main.o(.data)
    .data                                    0x20000028   Section       24  fonts.o(.data)
    .data                                    0x20000040   Section       16  fsmclcd.o(.data)
    LCD_Currentfonts                         0x20000048   Data           4  fsmclcd.o(.data)
    CurrentTextColor                         0x2000004c   Data           2  fsmclcd.o(.data)
    CurrentBackColor                         0x2000004e   Data           2  fsmclcd.o(.data)
    .data                                    0x20000050   Section        8  os_prio.o(.data)
    .data                                    0x20000058   Section      196  os_var.o(.data)
    .data                                    0x2000011c   Section        4  os_cpu_c.o(.data)
    .data                                    0x20000120   Section       29  gt5xx.o(.data)
    pre_x                                    0x20000122   Data          10  gt5xx.o(.data)
    pre_y                                    0x2000012c   Data          10  gt5xx.o(.data)
    pre_touch                                0x20000136   Data           2  gt5xx.o(.data)
    pre_id                                   0x20000138   Data           5  gt5xx.o(.data)
    .data                                    0x20000140   Section        4  stdout.o(.data)
    .data                                    0x20000144   Section        4  mvars.o(.data)
    .data                                    0x20000148   Section        4  mvars.o(.data)
    .bss                                     0x2000014c   Section      704  main.o(.bss)
    .bss                                     0x2000040c   Section     3456  os_cfg_app.o(.bss)
    .bss                                     0x2000118c   Section     1596  os_var.o(.bss)
    HEAP                                     0x200017c8   Section      512  startup_stm32f40_41xxx.o(HEAP)
    STACK                                    0x200019c8   Section     1024  startup_stm32f40_41xxx.o(STACK)

    Global Symbols

    Symbol Name                              Value     Ov Type        Size  Object(Section)

    BuildAttributes$$THM_ISAv4$E$P$D$K$B$S$7EM$VFPi3$EXTD16$VFPS$VFMA$PE$A:L22UL41UL21$X:L11$S22US41US21$IEEE1$IW$USESV6$~STKCKD$USESV7$~SHL$OSPACE$ROPI$EBA8$MICROLIB$REQ8$PRES8$EABIv2 0x00000000   Number         0  anon$$obj.o ABSOLUTE
    __ARM_use_no_argv                        0x00000000   Number         0  main.o ABSOLUTE
    _printf_a                                0x00000000   Number         0  stubs.o ABSOLUTE
    _printf_c                                0x00000000   Number         0  stubs.o ABSOLUTE
    _printf_charcount                        0x00000000   Number         0  stubs.o ABSOLUTE
    _printf_d                                0x00000000   Number         0  stubs.o ABSOLUTE
    _printf_e                                0x00000000   Number         0  stubs.o ABSOLUTE
    _printf_f                                0x00000000   Number         0  stubs.o ABSOLUTE
    _printf_flags                            0x00000000   Number         0  stubs.o ABSOLUTE
    _printf_fp_dec                           0x00000000   Number         0  stubs.o ABSOLUTE
    _printf_fp_hex                           0x00000000   Number         0  stubs.o ABSOLUTE
    _printf_g                                0x00000000   Number         0  stubs.o ABSOLUTE
    _printf_i                                0x00000000   Number         0  stubs.o ABSOLUTE
    _printf_int_dec                          0x00000000   Number         0  stubs.o ABSOLUTE
    _printf_l                                0x00000000   Number         0  stubs.o ABSOLUTE
    _printf_lc                               0x00000000   Number         0  stubs.o ABSOLUTE
    _printf_ll                               0x00000000   Number         0  stubs.o ABSOLUTE
    _printf_lld                              0x00000000   Number         0  stubs.o ABSOLUTE
    _printf_lli                              0x00000000   Number         0  stubs.o ABSOLUTE
    _printf_llo                              0x00000000   Number         0  stubs.o ABSOLUTE
    _printf_llu                              0x00000000   Number         0  stubs.o ABSOLUTE
    _printf_llx                              0x00000000   Number         0  stubs.o ABSOLUTE
    _printf_longlong_dec                     0x00000000   Number         0  stubs.o ABSOLUTE
    _printf_longlong_hex                     0x00000000   Number         0  stubs.o ABSOLUTE
    _printf_longlong_oct                     0x00000000   Number         0  stubs.o ABSOLUTE
    _printf_ls                               0x00000000   Number         0  stubs.o ABSOLUTE
    _printf_mbtowc                           0x00000000   Number         0  stubs.o ABSOLUTE
    _printf_n                                0x00000000   Number         0  stubs.o ABSOLUTE
    _printf_o                                0x00000000   Number         0  stubs.o ABSOLUTE
    _printf_p                                0x00000000   Number         0  stubs.o ABSOLUTE
    _printf_percent                          0x00000000   Number         0  stubs.o ABSOLUTE
    _printf_pre_padding                      0x00000000   Number         0  stubs.o ABSOLUTE
    _printf_return_value                     0x00000000   Number         0  stubs.o ABSOLUTE
    _printf_s                                0x00000000   Number         0  stubs.o ABSOLUTE
    _printf_sizespec                         0x00000000   Number         0  stubs.o ABSOLUTE
    _printf_str                              0x00000000   Number         0  stubs.o ABSOLUTE
    _printf_truncate_signed                  0x00000000   Number         0  stubs.o ABSOLUTE
    _printf_truncate_unsigned                0x00000000   Number         0  stubs.o ABSOLUTE
    _printf_u                                0x00000000   Number         0  stubs.o ABSOLUTE
    _printf_wc                               0x00000000   Number         0  stubs.o ABSOLUTE
    _printf_wctomb                           0x00000000   Number         0  stubs.o ABSOLUTE
    _printf_widthprec                        0x00000000   Number         0  stubs.o ABSOLUTE
    _printf_x                                0x00000000   Number         0  stubs.o ABSOLUTE
    __cpp_initialize__aeabi_                  - Undefined Weak Reference
    __cxa_finalize                            - Undefined Weak Reference
    _clock_init                               - Undefined Weak Reference
    _microlib_exit                            - Undefined Weak Reference
    __Vectors_Size                           0x00000188   Number         0  startup_stm32f40_41xxx.o ABSOLUTE
    __Vectors                                0x08000000   Data           4  startup_stm32f40_41xxx.o(RESET)
    __Vectors_End                            0x08000188   Data           0  startup_stm32f40_41xxx.o(RESET)
    __main                                   0x08000189   Thumb Code     0  entry.o(.ARM.Collect$$$$00000000)
    _main_stk                                0x08000189   Thumb Code     0  entry2.o(.ARM.Collect$$$$00000001)
    _main_scatterload                        0x0800018d   Thumb Code     0  entry5.o(.ARM.Collect$$$$00000004)
    __main_after_scatterload                 0x08000191   Thumb Code     0  entry5.o(.ARM.Collect$$$$00000004)
    _main_clock                              0x08000191   Thumb Code     0  entry7b.o(.ARM.Collect$$$$00000008)
    _main_cpp_init                           0x08000191   Thumb Code     0  entry8b.o(.ARM.Collect$$$$0000000A)
    _main_init                               0x08000191   Thumb Code     0  entry9a.o(.ARM.Collect$$$$0000000B)
    __rt_final_cpp                           0x08000199   Thumb Code     0  entry10a.o(.ARM.Collect$$$$0000000D)
    __rt_final_exit                          0x08000199   Thumb Code     0  entry11a.o(.ARM.Collect$$$$0000000F)
    Reset_Handler                            0x0800019d   Thumb Code     8  startup_stm32f40_41xxx.o(.text)
    ADC_IRQHandler                           0x080001b7   Thumb Code     0  startup_stm32f40_41xxx.o(.text)
    CAN1_RX0_IRQHandler                      0x080001b7   Thumb Code     0  startup_stm32f40_41xxx.o(.text)
    CAN1_RX1_IRQHandler                      0x080001b7   Thumb Code     0  startup_stm32f40_41xxx.o(.text)
    CAN1_SCE_IRQHandler                      0x080001b7   Thumb Code     0  startup_stm32f40_41xxx.o(.text)
    CAN1_TX_IRQHandler                       0x080001b7   Thumb Code     0  startup_stm32f40_41xxx.o(.text)
    CAN2_RX0_IRQHandler                      0x080001b7   Thumb Code     0  startup_stm32f40_41xxx.o(.text)
    CAN2_RX1_IRQHandler                      0x080001b7   Thumb Code     0  startup_stm32f40_41xxx.o(.text)
    CAN2_SCE_IRQHandler                      0x080001b7   Thumb Code     0  startup_stm32f40_41xxx.o(.text)
    CAN2_TX_IRQHandler                       0x080001b7   Thumb Code     0  startup_stm32f40_41xxx.o(.text)
    CRYP_IRQHandler                          0x080001b7   Thumb Code     0  startup_stm32f40_41xxx.o(.text)
    DCMI_IRQHandler                          0x080001b7   Thumb Code     0  startup_stm32f40_41xxx.o(.text)
    DMA1_Stream0_IRQHandler                  0x080001b7   Thumb Code     0  startup_stm32f40_41xxx.o(.text)
    DMA1_Stream1_IRQHandler                  0x080001b7   Thumb Code     0  startup_stm32f40_41xxx.o(.text)
    DMA1_Stream2_IRQHandler                  0x080001b7   Thumb Code     0  startup_stm32f40_41xxx.o(.text)
    DMA1_Stream3_IRQHandler                  0x080001b7   Thumb Code     0  startup_stm32f40_41xxx.o(.text)
    DMA1_Stream4_IRQHandler                  0x080001b7   Thumb Code     0  startup_stm32f40_41xxx.o(.text)
    DMA1_Stream5_IRQHandler                  0x080001b7   Thumb Code     0  startup_stm32f40_41xxx.o(.text)
    DMA1_Stream6_IRQHandler                  0x080001b7   Thumb Code     0  startup_stm32f40_41xxx.o(.text)
    DMA1_Stream7_IRQHandler                  0x080001b7   Thumb Code     0  startup_stm32f40_41xxx.o(.text)
    DMA2_Stream0_IRQHandler                  0x080001b7   Thumb Code     0  startup_stm32f40_41xxx.o(.text)
    DMA2_Stream1_IRQHandler                  0x080001b7   Thumb Code     0  startup_stm32f40_41xxx.o(.text)
    DMA2_Stream2_IRQHandler                  0x080001b7   Thumb Code     0  startup_stm32f40_41xxx.o(.text)
    DMA2_Stream3_IRQHandler                  0x080001b7   Thumb Code     0  startup_stm32f40_41xxx.o(.text)
    DMA2_Stream4_IRQHandler                  0x080001b7   Thumb Code     0  startup_stm32f40_41xxx.o(.text)
    DMA2_Stream5_IRQHandler                  0x080001b7   Thumb Code     0  startup_stm32f40_41xxx.o(.text)
    DMA2_Stream6_IRQHandler                  0x080001b7   Thumb Code     0  startup_stm32f40_41xxx.o(.text)
    DMA2_Stream7_IRQHandler                  0x080001b7   Thumb Code     0  startup_stm32f40_41xxx.o(.text)
    ETH_IRQHandler                           0x080001b7   Thumb Code     0  startup_stm32f40_41xxx.o(.text)
    ETH_WKUP_IRQHandler                      0x080001b7   Thumb Code     0  startup_stm32f40_41xxx.o(.text)
    EXTI0_IRQHandler                         0x080001b7   Thumb Code     0  startup_stm32f40_41xxx.o(.text)
    EXTI15_10_IRQHandler                     0x080001b7   Thumb Code     0  startup_stm32f40_41xxx.o(.text)
    EXTI1_IRQHandler                         0x080001b7   Thumb Code     0  startup_stm32f40_41xxx.o(.text)
    EXTI2_IRQHandler                         0x080001b7   Thumb Code     0  startup_stm32f40_41xxx.o(.text)
    EXTI3_IRQHandler                         0x080001b7   Thumb Code     0  startup_stm32f40_41xxx.o(.text)
    EXTI4_IRQHandler                         0x080001b7   Thumb Code     0  startup_stm32f40_41xxx.o(.text)
    FLASH_IRQHandler                         0x080001b7   Thumb Code     0  startup_stm32f40_41xxx.o(.text)
    FPU_IRQHandler                           0x080001b7   Thumb Code     0  startup_stm32f40_41xxx.o(.text)
    FSMC_IRQHandler                          0x080001b7   Thumb Code     0  startup_stm32f40_41xxx.o(.text)
    HASH_RNG_IRQHandler                      0x080001b7   Thumb Code     0  startup_stm32f40_41xxx.o(.text)
    I2C1_ER_IRQHandler                       0x080001b7   Thumb Code     0  startup_stm32f40_41xxx.o(.text)
    I2C1_EV_IRQHandler                       0x080001b7   Thumb Code     0  startup_stm32f40_41xxx.o(.text)
    I2C2_ER_IRQHandler                       0x080001b7   Thumb Code     0  startup_stm32f40_41xxx.o(.text)
    I2C2_EV_IRQHandler                       0x080001b7   Thumb Code     0  startup_stm32f40_41xxx.o(.text)
    I2C3_ER_IRQHandler                       0x080001b7   Thumb Code     0  startup_stm32f40_41xxx.o(.text)
    I2C3_EV_IRQHandler                       0x080001b7   Thumb Code     0  startup_stm32f40_41xxx.o(.text)
    OTG_FS_IRQHandler                        0x080001b7   Thumb Code     0  startup_stm32f40_41xxx.o(.text)
    OTG_FS_WKUP_IRQHandler                   0x080001b7   Thumb Code     0  startup_stm32f40_41xxx.o(.text)
    OTG_HS_EP1_IN_IRQHandler                 0x080001b7   Thumb Code     0  startup_stm32f40_41xxx.o(.text)
    OTG_HS_EP1_OUT_IRQHandler                0x080001b7   Thumb Code     0  startup_stm32f40_41xxx.o(.text)
    OTG_HS_IRQHandler                        0x080001b7   Thumb Code     0  startup_stm32f40_41xxx.o(.text)
    OTG_HS_WKUP_IRQHandler                   0x080001b7   Thumb Code     0  startup_stm32f40_41xxx.o(.text)
    PVD_IRQHandler                           0x080001b7   Thumb Code     0  startup_stm32f40_41xxx.o(.text)
    RCC_IRQHandler                           0x080001b7   Thumb Code     0  startup_stm32f40_41xxx.o(.text)
    RTC_Alarm_IRQHandler                     0x080001b7   Thumb Code     0  startup_stm32f40_41xxx.o(.text)
    RTC_WKUP_IRQHandler                      0x080001b7   Thumb Code     0  startup_stm32f40_41xxx.o(.text)
    SDIO_IRQHandler                          0x080001b7   Thumb Code     0  startup_stm32f40_41xxx.o(.text)
    SPI1_IRQHandler                          0x080001b7   Thumb Code     0  startup_stm32f40_41xxx.o(.text)
    SPI2_IRQHandler                          0x080001b7   Thumb Code     0  startup_stm32f40_41xxx.o(.text)
    SPI3_IRQHandler                          0x080001b7   Thumb Code     0  startup_stm32f40_41xxx.o(.text)
    TAMP_STAMP_IRQHandler                    0x080001b7   Thumb Code     0  startup_stm32f40_41xxx.o(.text)
    TIM1_BRK_TIM9_IRQHandler                 0x080001b7   Thumb Code     0  startup_stm32f40_41xxx.o(.text)
    TIM1_CC_IRQHandler                       0x080001b7   Thumb Code     0  startup_stm32f40_41xxx.o(.text)
    TIM1_TRG_COM_TIM11_IRQHandler            0x080001b7   Thumb Code     0  startup_stm32f40_41xxx.o(.text)
    TIM1_UP_TIM10_IRQHandler                 0x080001b7   Thumb Code     0  startup_stm32f40_41xxx.o(.text)
    TIM2_IRQHandler                          0x080001b7   Thumb Code     0  startup_stm32f40_41xxx.o(.text)
    TIM3_IRQHandler                          0x080001b7   Thumb Code     0  startup_stm32f40_41xxx.o(.text)
    TIM4_IRQHandler                          0x080001b7   Thumb Code     0  startup_stm32f40_41xxx.o(.text)
    TIM5_IRQHandler                          0x080001b7   Thumb Code     0  startup_stm32f40_41xxx.o(.text)
    TIM6_DAC_IRQHandler                      0x080001b7   Thumb Code     0  startup_stm32f40_41xxx.o(.text)
    TIM7_IRQHandler                          0x080001b7   Thumb Code     0  startup_stm32f40_41xxx.o(.text)
    TIM8_BRK_TIM12_IRQHandler                0x080001b7   Thumb Code     0  startup_stm32f40_41xxx.o(.text)
    TIM8_CC_IRQHandler                       0x080001b7   Thumb Code     0  startup_stm32f40_41xxx.o(.text)
    TIM8_TRG_COM_TIM14_IRQHandler            0x080001b7   Thumb Code     0  startup_stm32f40_41xxx.o(.text)
    TIM8_UP_TIM13_IRQHandler                 0x080001b7   Thumb Code     0  startup_stm32f40_41xxx.o(.text)
    UART4_IRQHandler                         0x080001b7   Thumb Code     0  startup_stm32f40_41xxx.o(.text)
    UART5_IRQHandler                         0x080001b7   Thumb Code     0  startup_stm32f40_41xxx.o(.text)
    USART2_IRQHandler                        0x080001b7   Thumb Code     0  startup_stm32f40_41xxx.o(.text)
    USART3_IRQHandler                        0x080001b7   Thumb Code     0  startup_stm32f40_41xxx.o(.text)
    USART6_IRQHandler                        0x080001b7   Thumb Code     0  startup_stm32f40_41xxx.o(.text)
    WWDG_IRQHandler                          0x080001b7   Thumb Code     0  startup_stm32f40_41xxx.o(.text)
    CPU_IntDis                               0x080001c1   Thumb Code     0  cpu_a.o(.text)
    CPU_IntEn                                0x080001c5   Thumb Code     0  cpu_a.o(.text)
    CPU_SR_Save                              0x080001c9   Thumb Code     0  cpu_a.o(.text)
    CPU_SR_Restore                           0x080001d1   Thumb Code     0  cpu_a.o(.text)
    CPU_WaitForInt                           0x080001d7   Thumb Code     0  cpu_a.o(.text)
    CPU_WaitForExcept                        0x080001db   Thumb Code     0  cpu_a.o(.text)
    CPU_CntLeadZeros                         0x080001df   Thumb Code     0  cpu_a.o(.text)
    CPU_CntTrailZeros                        0x080001e5   Thumb Code     0  cpu_a.o(.text)
    CPU_RevBits                              0x080001ef   Thumb Code     0  cpu_a.o(.text)
    __aeabi_uldivmod                         0x080001f5   Thumb Code    98  uldiv.o(.text)
    __aeabi_memcpy                           0x08000257   Thumb Code    36  memcpya.o(.text)
    __aeabi_memcpy4                          0x08000257   Thumb Code     0  memcpya.o(.text)
    __aeabi_memcpy8                          0x08000257   Thumb Code     0  memcpya.o(.text)
    __aeabi_memset                           0x0800027b   Thumb Code    14  memseta.o(.text)
    __aeabi_memset4                          0x0800027b   Thumb Code     0  memseta.o(.text)
    __aeabi_memset8                          0x0800027b   Thumb Code     0  memseta.o(.text)
    __aeabi_memclr                           0x08000289   Thumb Code     4  memseta.o(.text)
    __aeabi_memclr4                          0x08000289   Thumb Code     0  memseta.o(.text)
    __aeabi_memclr8                          0x08000289   Thumb Code     0  memseta.o(.text)
    _memset$wrapper                          0x0800028d   Thumb Code    18  memseta.o(.text)
    __aeabi_llsl                             0x0800029f   Thumb Code    30  llshl.o(.text)
    _ll_shift_l                              0x0800029f   Thumb Code     0  llshl.o(.text)
    __aeabi_llsr                             0x080002bd   Thumb Code    32  llushr.o(.text)
    _ll_ushift_r                             0x080002bd   Thumb Code     0  llushr.o(.text)
    __scatterload                            0x080002dd   Thumb Code    28  init.o(.text)
    __scatterload_rt2                        0x080002dd   Thumb Code     0  init.o(.text)
    __decompress                             0x08000301   Thumb Code     0  __dczerorl2.o(.text)
    __decompress1                            0x08000301   Thumb Code    86  __dczerorl2.o(.text)
    OS_CPU_FP_Reg_Push                       0x08000359   Thumb Code     0  os_cpu_a.o(CODE)
    OS_CPU_FP_Reg_Pop                        0x08000373   Thumb Code     0  os_cpu_a.o(CODE)
    OSStartHighRdy                           0x08000385   Thumb Code     0  os_cpu_a.o(CODE)
    OSCtxSw                                  0x080003f5   Thumb Code     0  os_cpu_a.o(CODE)
    OSIntCtxSw                               0x080003ff   Thumb Code     0  os_cpu_a.o(CODE)
    PendSV_Handler                           0x08000409   Thumb Code     0  os_cpu_a.o(CODE)
    BusFault_Handler                         0x08000465   Thumb Code     4  stm32f4xx_it.o(i.BusFault_Handler)
    CPU_TS_TmrRd                             0x08000469   Thumb Code     6  bsp.o(i.CPU_TS_TmrRd)
    DebugMon_Handler                         0x08000475   Thumb Code     2  stm32f4xx_it.o(i.DebugMon_Handler)
    EXTI9_5_IRQHandler                       0x080004ad   Thumb Code    26  gt5xx.o(i.EXTI9_5_IRQHandler)
    EXTI_ClearITPendingBit                   0x080004c9   Thumb Code     6  stm32f4xx_exti.o(i.EXTI_ClearITPendingBit)
    EXTI_GetITStatus                         0x080004d5   Thumb Code    20  stm32f4xx_exti.o(i.EXTI_GetITStatus)
    EXTI_Init                                0x080004ed   Thumb Code   142  stm32f4xx_exti.o(i.EXTI_Init)
    FSMC_NORSRAMCmd                          0x08000581   Thumb Code    46  stm32f4xx_fsmc.o(i.FSMC_NORSRAMCmd)
    FSMC_NORSRAMInit                         0x080005b5   Thumb Code   282  stm32f4xx_fsmc.o(i.FSMC_NORSRAMInit)
    GPIO_Init                                0x080006d9   Thumb Code   144  stm32f4xx_gpio.o(i.GPIO_Init)
    GPIO_PinAFConfig                         0x08000769   Thumb Code    70  stm32f4xx_gpio.o(i.GPIO_PinAFConfig)
    GPIO_ReadInputDataBit                    0x080007af   Thumb Code    18  stm32f4xx_gpio.o(i.GPIO_ReadInputDataBit)
    GPIO_ResetBits                           0x080007c1   Thumb Code     4  stm32f4xx_gpio.o(i.GPIO_ResetBits)
    GPIO_SetBits                             0x080007c5   Thumb Code     4  stm32f4xx_gpio.o(i.GPIO_SetBits)
    GTP_Init_Panel                           0x080009dd   Thumb Code   316  gt5xx.o(i.GTP_Init_Panel)
    GTP_Read_Version                         0x08000b5d   Thumb Code   278  gt5xx.o(i.GTP_Read_Version)
    GTP_TouchProcess                         0x08000d09   Thumb Code   110  gt5xx.o(i.GTP_TouchProcess)
    HardFault_Handler                        0x0800101d   Thumb Code     4  stm32f4xx_it.o(i.HardFault_Handler)
    I2C_GTP_IRQEnable                        0x080010b9   Thumb Code   112  touch.o(i.I2C_GTP_IRQEnable)
    I2C_ReadBytes                            0x0800112d   Thumb Code    78  touch.o(i.I2C_ReadBytes)
    I2C_ResetChip                            0x0800117d   Thumb Code   102  touch.o(i.I2C_ResetChip)
    I2C_Touch_Init                           0x080011f1   Thumb Code    16  touch.o(i.I2C_Touch_Init)
    I2C_WriteBytes                           0x0800127f   Thumb Code   102  touch.o(i.I2C_WriteBytes)
    ILI9806G_BackLed_Control                 0x080012e5   Thumb Code    30  fsmclcd.o(i.ILI9806G_BackLed_Control)
    ILI9806G_Clear                           0x08001309   Thumb Code    40  fsmclcd.o(i.ILI9806G_Clear)
    ILI9806G_DrawCircle                      0x08001347   Thumb Code   312  fsmclcd.o(i.ILI9806G_DrawCircle)
    ILI9806G_GramScan                        0x0800173d   Thumb Code   176  fsmclcd.o(i.ILI9806G_GramScan)
    ILI9806G_Init                            0x080017f9   Thumb Code    50  fsmclcd.o(i.ILI9806G_Init)
    ILI9806G_OpenWindow                      0x08001839   Thumb Code   102  fsmclcd.o(i.ILI9806G_OpenWindow)
    ILI9806G_Rst                             0x08001c89   Thumb Code    40  fsmclcd.o(i.ILI9806G_Rst)
    ILI9806G_SetPointPixel                   0x08001cc9   Thumb Code    42  fsmclcd.o(i.ILI9806G_SetPointPixel)
    LCD_SetBackColor                         0x08001d11   Thumb Code     6  fsmclcd.o(i.LCD_SetBackColor)
    LCD_SetColors                            0x08001d1d   Thumb Code    10  fsmclcd.o(i.LCD_SetColors)
    MemManage_Handler                        0x08001d31   Thumb Code     4  stm32f4xx_it.o(i.MemManage_Handler)
    NMI_Handler                              0x08001d35   Thumb Code     2  stm32f4xx_it.o(i.NMI_Handler)
    NVIC_Init                                0x08001d39   Thumb Code   106  misc.o(i.NVIC_Init)
    NVIC_PriorityGroupConfig                 0x08001db1   Thumb Code    10  misc.o(i.NVIC_PriorityGroupConfig)
    OSCfg_Init                               0x08001dc5   Thumb Code     2  os_cfg_app.o(i.OSCfg_Init)
    OSIdleTaskHook                           0x08001dc9   Thumb Code    16  os_cpu_c.o(i.OSIdleTaskHook)
    OSInit                                   0x08001ddd   Thumb Code   270  os_core.o(i.OSInit)
    OSInitHook                               0x08001f41   Thumb Code    28  os_cpu_c.o(i.OSInitHook)
    OSIntExit                                0x08001f69   Thumb Code   188  os_core.o(i.OSIntExit)
    OSMutexCreate                            0x08002045   Thumb Code   102  os_mutex.o(i.OSMutexCreate)
    OSMutexPend                              0x080020b5   Thumb Code   450  os_mutex.o(i.OSMutexPend)
    OSMutexPost                              0x08002285   Thumb Code   384  os_mutex.o(i.OSMutexPost)
    OSSched                                  0x08002411   Thumb Code   134  os_core.o(i.OSSched)
    OSSchedLock                              0x080024b5   Thumb Code    88  os_core.o(i.OSSchedLock)
    OSSchedUnlock                            0x08002515   Thumb Code   120  os_core.o(i.OSSchedUnlock)
    OSStart                                  0x08002595   Thumb Code    78  os_core.o(i.OSStart)
    OSStatReset                              0x080025fd   Thumb Code   262  os_stat.o(i.OSStatReset)
    OSStatTaskHook                           0x08002725   Thumb Code    16  os_cpu_c.o(i.OSStatTaskHook)
    OSTaskCreate                             0x08002739   Thumb Code   382  os_task.o(i.OSTaskCreate)
    OSTaskCreateHook                         0x080028c9   Thumb Code    20  os_cpu_c.o(i.OSTaskCreateHook)
    OSTaskDel                                0x080028e1   Thumb Code   380  os_task.o(i.OSTaskDel)
    OSTaskDelHook                            0x08002a69   Thumb Code    20  os_cpu_c.o(i.OSTaskDelHook)
    OSTaskReturnHook                         0x08002a81   Thumb Code    20  os_cpu_c.o(i.OSTaskReturnHook)
    OSTaskSemPend                            0x08002a99   Thumb Code   446  os_task.o(i.OSTaskSemPend)
    OSTaskSemPost                            0x08002c61   Thumb Code    62  os_task.o(i.OSTaskSemPost)
    OSTaskStkChk                             0x08002ca1   Thumb Code   188  os_task.o(i.OSTaskStkChk)
    OSTaskStkInit                            0x08002d61   Thumb Code   600  os_cpu_c.o(i.OSTaskStkInit)
    OSTaskSwHook                             0x08003025   Thumb Code   168  os_cpu_c.o(i.OSTaskSwHook)
    OSTimeDly                                0x080030dd   Thumb Code   156  os_time.o(i.OSTimeDly)
    OSTimeTick                               0x08003181   Thumb Code    50  os_time.o(i.OSTimeTick)
    OSTimeTickHook                           0x080031c5   Thumb Code    16  os_cpu_c.o(i.OSTimeTickHook)
    OS_Dbg_Init                              0x080031d9   Thumb Code   146  os_dbg.o(i.OS_Dbg_Init)
    OS_FlagInit                              0x08003381   Thumb Code    14  os_flag.o(i.OS_FlagInit)
    OS_IdleTask                              0x08003399   Thumb Code    58  os_core.o(i.OS_IdleTask)
    OS_IdleTaskInit                          0x080033dd   Thumb Code    66  os_core.o(i.OS_IdleTaskInit)
    OS_MemInit                               0x0800344d   Thumb Code    14  os_mem.o(i.OS_MemInit)
    OS_MsgPoolInit                           0x08003465   Thumb Code   110  os_msg.o(i.OS_MsgPoolInit)
    OS_MsgQFreeAll                           0x080034e1   Thumb Code    62  os_msg.o(i.OS_MsgQFreeAll)
    OS_MsgQInit                              0x08003525   Thumb Code    14  os_msg.o(i.OS_MsgQInit)
    OS_MutexDbgListAdd                       0x08003535   Thumb Code    38  os_mutex.o(i.OS_MutexDbgListAdd)
    OS_MutexGrpAdd                           0x08003565   Thumb Code     8  os_mutex.o(i.OS_MutexGrpAdd)
    OS_MutexGrpPostAll                       0x0800356d   Thumb Code    96  os_mutex.o(i.OS_MutexGrpPostAll)
    OS_MutexGrpPrioFindHighest               0x080035cd   Thumb Code    44  os_mutex.o(i.OS_MutexGrpPrioFindHighest)
    OS_MutexGrpRemove                        0x080035f9   Thumb Code    28  os_mutex.o(i.OS_MutexGrpRemove)
    OS_MutexInit                             0x08003615   Thumb Code    14  os_mutex.o(i.OS_MutexInit)
    OS_Pend                                  0x0800362d   Thumb Code   100  os_core.o(i.OS_Pend)
    OS_PendDataInit                          0x08003695   Thumb Code    40  os_core.o(i.OS_PendDataInit)
    OS_PendDbgNameAdd                        0x080036bd   Thumb Code    66  os_core.o(i.OS_PendDbgNameAdd)
    OS_PendDbgNameRemove                     0x08003719   Thumb Code    30  os_core.o(i.OS_PendDbgNameRemove)
    OS_PendListChangePrio                    0x0800373d   Thumb Code    58  os_core.o(i.OS_PendListChangePrio)
    OS_PendListInit                          0x08003777   Thumb Code    10  os_core.o(i.OS_PendListInit)
    OS_PendListInsertPrio                    0x08003781   Thumb Code   102  os_core.o(i.OS_PendListInsertPrio)
    OS_PendListRemove                        0x080037e7   Thumb Code    52  os_core.o(i.OS_PendListRemove)
    OS_PendListRemove1                       0x0800381b   Thumb Code    66  os_core.o(i.OS_PendListRemove1)
    OS_Post                                  0x0800385d   Thumb Code   214  os_core.o(i.OS_Post)
    OS_Post1                                 0x08003933   Thumb Code    44  os_core.o(i.OS_Post1)
    OS_PrioGetHighest                        0x08003961   Thumb Code    36  os_prio.o(i.OS_PrioGetHighest)
    OS_PrioInit                              0x08003989   Thumb Code    20  os_prio.o(i.OS_PrioInit)
    OS_PrioInsert                            0x080039a1   Thumb Code    32  os_prio.o(i.OS_PrioInsert)
    OS_PrioRemove                            0x080039c5   Thumb Code    32  os_prio.o(i.OS_PrioRemove)
    OS_QInit                                 0x080039e9   Thumb Code    14  os_q.o(i.OS_QInit)
    OS_RdyListInit                           0x08003a01   Thumb Code    32  os_core.o(i.OS_RdyListInit)
    OS_RdyListInsert                         0x08003a25   Thumb Code    40  os_core.o(i.OS_RdyListInsert)
    OS_RdyListInsertHead                     0x08003a51   Thumb Code    58  os_core.o(i.OS_RdyListInsertHead)
    OS_RdyListInsertTail                     0x08003a91   Thumb Code    56  os_core.o(i.OS_RdyListInsertTail)
    OS_RdyListRemove                         0x08003acd   Thumb Code    86  os_core.o(i.OS_RdyListRemove)
    OS_SchedLockTimeMeasStart                0x08003b29   Thumb Code    20  os_core.o(i.OS_SchedLockTimeMeasStart)
    OS_SchedLockTimeMeasStop                 0x08003b45   Thumb Code    44  os_core.o(i.OS_SchedLockTimeMeasStop)
    OS_SemInit                               0x08003b81   Thumb Code    14  os_sem.o(i.OS_SemInit)
    OS_StatTask                              0x08003b99   Thumb Code   684  os_stat.o(i.OS_StatTask)
    OS_StatTaskInit                          0x08003e81   Thumb Code   136  os_stat.o(i.OS_StatTaskInit)
    OS_TaskBlock                             0x08003f4d   Thumb Code    40  os_core.o(i.OS_TaskBlock)
    OS_TaskChangePrio                        0x08003f79   Thumb Code   232  os_task.o(i.OS_TaskChangePrio)
    OS_TaskDbgListAdd                        0x08004065   Thumb Code    42  os_task.o(i.OS_TaskDbgListAdd)
    OS_TaskDbgListRemove                     0x08004095   Thumb Code    64  os_task.o(i.OS_TaskDbgListRemove)
    OS_TaskInit                              0x080040d9   Thumb Code    18  os_task.o(i.OS_TaskInit)
    OS_TaskInitTCB                           0x080040f9   Thumb Code   176  os_task.o(i.OS_TaskInitTCB)
    OS_TaskReturn                            0x080041b5   Thumb Code    20  os_task.o(i.OS_TaskReturn)
    OS_TaskSemPost                           0x080041cd   Thumb Code   448  os_task.o(i.OS_TaskSemPost)
    OS_TickListInsert                        0x08004391   Thumb Code   134  os_tick.o(i.OS_TickListInsert)
    OS_TickListInsertDly                     0x08004419   Thumb Code   180  os_tick.o(i.OS_TickListInsertDly)
    OS_TickListRemove                        0x080044d5   Thumb Code    88  os_tick.o(i.OS_TickListRemove)
    OS_TickListResetPeak                     0x0800452d   Thumb Code     2  os_tick.o(i.OS_TickListResetPeak)
    OS_TickTask                              0x080046dd   Thumb Code    90  os_tick.o(i.OS_TickTask)
    OS_TickTaskInit                          0x08004741   Thumb Code   140  os_tick.o(i.OS_TickTaskInit)
    OS_TmrInit                               0x08004809   Thumb Code   200  os_tmr.o(i.OS_TmrInit)
    OS_TmrResetPeak                          0x08004955   Thumb Code     2  os_tmr.o(i.OS_TmrResetPeak)
    OS_TmrTask                               0x08004959   Thumb Code   134  os_tmr.o(i.OS_TmrTask)
    OS_TmrUnlink                             0x080049ed   Thumb Code    58  os_tmr.o(i.OS_TmrUnlink)
    RCC_AHB1PeriphClockCmd                   0x08004a45   Thumb Code    26  stm32f4xx_rcc.o(i.RCC_AHB1PeriphClockCmd)
    RCC_AHB3PeriphClockCmd                   0x08004a65   Thumb Code    26  stm32f4xx_rcc.o(i.RCC_AHB3PeriphClockCmd)
    RCC_APB2PeriphClockCmd                   0x08004a85   Thumb Code    26  stm32f4xx_rcc.o(i.RCC_APB2PeriphClockCmd)
    RCC_GetClocksFreq                        0x08004aa5   Thumb Code   214  stm32f4xx_rcc.o(i.RCC_GetClocksFreq)
    SVC_Handler                              0x08004b8d   Thumb Code     2  stm32f4xx_it.o(i.SVC_Handler)
    SYSCFG_EXTILineConfig                    0x08004b91   Thumb Code    60  stm32f4xx_syscfg.o(i.SYSCFG_EXTILineConfig)
    SysTick_Handler                          0x08004cbd   Thumb Code    52  os_cpu_c.o(i.SysTick_Handler)
    SystemInit                               0x08004cf5   Thumb Code    88  system_stm32f4xx.o(i.SystemInit)
    USART1_IRQHandler                        0x08004d5d   Thumb Code    26  stm32f4xx_it.o(i.USART1_IRQHandler)
    USART_ClearITPendingBit                  0x08004d7d   Thumb Code    30  stm32f4xx_usart.o(i.USART_ClearITPendingBit)
    USART_Cmd                                0x08004d9b   Thumb Code    24  stm32f4xx_usart.o(i.USART_Cmd)
    USART_Config                             0x08004db5   Thumb Code   144  usart.o(i.USART_Config)
    USART_GetFlagStatus                      0x08004e4d   Thumb Code    26  stm32f4xx_usart.o(i.USART_GetFlagStatus)
    USART_GetITStatus                        0x08004e67   Thumb Code    84  stm32f4xx_usart.o(i.USART_GetITStatus)
    USART_Init                               0x08004ebd   Thumb Code   204  stm32f4xx_usart.o(i.USART_Init)
    USART_SendData                           0x08004f91   Thumb Code     8  stm32f4xx_usart.o(i.USART_SendData)
    UsageFault_Handler                       0x08004f99   Thumb Code     4  stm32f4xx_it.o(i.UsageFault_Handler)
    __0printf$8                              0x08004f9d   Thumb Code    22  printf8.o(i.__0printf$8)
    __1printf$8                              0x08004f9d   Thumb Code     0  printf8.o(i.__0printf$8)
    __2printf                                0x08004f9d   Thumb Code     0  printf8.o(i.__0printf$8)
    __scatterload_copy                       0x08004fbd   Thumb Code    14  handlers.o(i.__scatterload_copy)
    __scatterload_null                       0x08004fcb   Thumb Code     2  handlers.o(i.__scatterload_null)
    __scatterload_zeroinit                   0x08004fcd   Thumb Code    14  handlers.o(i.__scatterload_zeroinit)
    fputc                                    0x08005441   Thumb Code    32  usart.o(i.fputc)
    free                                     0x08005465   Thumb Code    76  malloc.o(i.free)
    i2c_Ack                                  0x080054b5   Thumb Code    48  touch.o(i.i2c_Ack)
    i2c_NAck                                 0x080054f9   Thumb Code    40  touch.o(i.i2c_NAck)
    i2c_ReadByte                             0x08005525   Thumb Code    62  touch.o(i.i2c_ReadByte)
    i2c_SendByte                             0x08005569   Thumb Code    86  touch.o(i.i2c_SendByte)
    i2c_Start                                0x080055c5   Thumb Code    48  touch.o(i.i2c_Start)
    i2c_Stop                                 0x080055f9   Thumb Code    32  touch.o(i.i2c_Stop)
    i2c_WaitAck                              0x0800561d   Thumb Code    58  touch.o(i.i2c_WaitAck)
    main                                     0x0800565d   Thumb Code   118  main.o(i.main)
    malloc                                   0x080056ed   Thumb Code    92  malloc.o(i.malloc)
    task_task                                0x08005759   Thumb Code   144  main.o(i.task_task)
    ASCII8x16_Table                          0x080057f0   Data        1520  fonts.o(.constdata)
    ASCII16x32_Table                         0x08005de0   Data        6080  fonts.o(.constdata)
    ASCII24x48_Table                         0x080075a0   Data       13680  fonts.o(.constdata)
    OSCfg_IdleTaskStkBasePtr                 0x0800ab10   Data           4  os_cfg_app.o(.constdata)
    OSCfg_IdleTaskStkLimit                   0x0800ab14   Data           4  os_cfg_app.o(.constdata)
    OSCfg_IdleTaskStkSize                    0x0800ab18   Data           4  os_cfg_app.o(.constdata)
    OSCfg_IdleTaskStkSizeRAM                 0x0800ab1c   Data           4  os_cfg_app.o(.constdata)
    OSCfg_IntQBasePtr                        0x0800ab20   Data           4  os_cfg_app.o(.constdata)
    OSCfg_IntQSize                           0x0800ab24   Data           2  os_cfg_app.o(.constdata)
    OSCfg_IntQSizeRAM                        0x0800ab28   Data           4  os_cfg_app.o(.constdata)
    OSCfg_IntQTaskStkBasePtr                 0x0800ab2c   Data           4  os_cfg_app.o(.constdata)
    OSCfg_IntQTaskStkLimit                   0x0800ab30   Data           4  os_cfg_app.o(.constdata)
    OSCfg_IntQTaskStkSize                    0x0800ab34   Data           4  os_cfg_app.o(.constdata)
    OSCfg_IntQTaskStkSizeRAM                 0x0800ab38   Data           4  os_cfg_app.o(.constdata)
    OSCfg_ISRStkBasePtr                      0x0800ab3c   Data           4  os_cfg_app.o(.constdata)
    OSCfg_ISRStkSize                         0x0800ab40   Data           4  os_cfg_app.o(.constdata)
    OSCfg_ISRStkSizeRAM                      0x0800ab44   Data           4  os_cfg_app.o(.constdata)
    OSCfg_MsgPoolSize                        0x0800ab48   Data           2  os_cfg_app.o(.constdata)
    OSCfg_MsgPoolSizeRAM                     0x0800ab4c   Data           4  os_cfg_app.o(.constdata)
    OSCfg_MsgPoolBasePtr                     0x0800ab50   Data           4  os_cfg_app.o(.constdata)
    OSCfg_StatTaskPrio                       0x0800ab54   Data           1  os_cfg_app.o(.constdata)
    OSCfg_StatTaskRate_Hz                    0x0800ab58   Data           4  os_cfg_app.o(.constdata)
    OSCfg_StatTaskStkBasePtr                 0x0800ab5c   Data           4  os_cfg_app.o(.constdata)
    OSCfg_StatTaskStkLimit                   0x0800ab60   Data           4  os_cfg_app.o(.constdata)
    OSCfg_StatTaskStkSize                    0x0800ab64   Data           4  os_cfg_app.o(.constdata)
    OSCfg_StatTaskStkSizeRAM                 0x0800ab68   Data           4  os_cfg_app.o(.constdata)
    OSCfg_StkSizeMin                         0x0800ab6c   Data           4  os_cfg_app.o(.constdata)
    OSCfg_TickRate_Hz                        0x0800ab70   Data           4  os_cfg_app.o(.constdata)
    OSCfg_TickTaskPrio                       0x0800ab74   Data           1  os_cfg_app.o(.constdata)
    OSCfg_TickTaskStkBasePtr                 0x0800ab78   Data           4  os_cfg_app.o(.constdata)
    OSCfg_TickTaskStkLimit                   0x0800ab7c   Data           4  os_cfg_app.o(.constdata)
    OSCfg_TickTaskStkSize                    0x0800ab80   Data           4  os_cfg_app.o(.constdata)
    OSCfg_TickTaskStkSizeRAM                 0x0800ab84   Data           4  os_cfg_app.o(.constdata)
    OSCfg_TmrTaskPrio                        0x0800ab88   Data           1  os_cfg_app.o(.constdata)
    OSCfg_TmrTaskRate_Hz                     0x0800ab8c   Data           4  os_cfg_app.o(.constdata)
    OSCfg_TmrTaskStkBasePtr                  0x0800ab90   Data           4  os_cfg_app.o(.constdata)
    OSCfg_TmrTaskStkLimit                    0x0800ab94   Data           4  os_cfg_app.o(.constdata)
    OSCfg_TmrTaskStkSize                     0x0800ab98   Data           4  os_cfg_app.o(.constdata)
    OSCfg_TmrTaskStkSizeRAM                  0x0800ab9c   Data           4  os_cfg_app.o(.constdata)
    OSCfg_DataSizeRAM                        0x0800aba0   Data           4  os_cfg_app.o(.constdata)
    OSDbg_DbgEn                              0x0800aba4   Data           1  os_dbg.o(.constdata)
    OSDbg_ArgChkEn                           0x0800aba5   Data           1  os_dbg.o(.constdata)
    OSDbg_AppHooksEn                         0x0800aba6   Data           1  os_dbg.o(.constdata)
    OSDbg_EndiannessTest                     0x0800aba8   Data           4  os_dbg.o(.constdata)
    OSDbg_CalledFromISRChkEn                 0x0800abac   Data           1  os_dbg.o(.constdata)
    OSDbg_FlagEn                             0x0800abad   Data           1  os_dbg.o(.constdata)
    OSDbg_FlagGrp                            0x0800abb0   Data          40  os_dbg.o(.constdata)
    OSDbg_FlagDelEn                          0x0800abd8   Data           1  os_dbg.o(.constdata)
    OSDbg_FlagModeClrEn                      0x0800abd9   Data           1  os_dbg.o(.constdata)
    OSDbg_FlagPendAbortEn                    0x0800abda   Data           1  os_dbg.o(.constdata)
    OSDbg_FlagGrpSize                        0x0800abdc   Data           2  os_dbg.o(.constdata)
    OSDbg_FlagWidth                          0x0800abde   Data           2  os_dbg.o(.constdata)
    OSDbg_IntQ                               0x0800abe0   Data           2  os_dbg.o(.constdata)
    OSDbg_ISRPostDeferredEn                  0x0800abe2   Data           1  os_dbg.o(.constdata)
    OSDbg_Mem                                0x0800abe4   Data          32  os_dbg.o(.constdata)
    OSDbg_MemEn                              0x0800ac04   Data           1  os_dbg.o(.constdata)
    OSDbg_MemSize                            0x0800ac06   Data           2  os_dbg.o(.constdata)
    OSDbg_MsgEn                              0x0800ac08   Data           1  os_dbg.o(.constdata)
    OSDbg_MsgSize                            0x0800ac0a   Data           2  os_dbg.o(.constdata)
    OSDbg_MsgPoolSize                        0x0800ac0c   Data           2  os_dbg.o(.constdata)
    OSDbg_MsgQSize                           0x0800ac0e   Data           2  os_dbg.o(.constdata)
    OSDbg_Mutex                              0x0800ac10   Data          48  os_dbg.o(.constdata)
    OSDbg_MutexEn                            0x0800ac40   Data           1  os_dbg.o(.constdata)
    OSDbg_MutexDelEn                         0x0800ac41   Data           1  os_dbg.o(.constdata)
    OSDbg_MutexPendAbortEn                   0x0800ac42   Data           1  os_dbg.o(.constdata)
    OSDbg_MutexSize                          0x0800ac44   Data           2  os_dbg.o(.constdata)
    OSDbg_ObjTypeChkEn                       0x0800ac46   Data           1  os_dbg.o(.constdata)
    OSDbg_PendMultiEn                        0x0800ac47   Data           1  os_dbg.o(.constdata)
    OSDbg_PendDataSize                       0x0800ac48   Data           2  os_dbg.o(.constdata)
    OSDbg_PendListSize                       0x0800ac4a   Data           2  os_dbg.o(.constdata)
    OSDbg_PendObjSize                        0x0800ac4c   Data           2  os_dbg.o(.constdata)
    OSDbg_PrioMax                            0x0800ac4e   Data           2  os_dbg.o(.constdata)
    OSDbg_PrioTblSize                        0x0800ac50   Data           2  os_dbg.o(.constdata)
    OSDbg_PtrSize                            0x0800ac52   Data           2  os_dbg.o(.constdata)
    OSDbg_Q                                  0x0800ac54   Data          48  os_dbg.o(.constdata)
    OSDbg_QEn                                0x0800ac84   Data           1  os_dbg.o(.constdata)
    OSDbg_QDelEn                             0x0800ac85   Data           1  os_dbg.o(.constdata)
    OSDbg_QFlushEn                           0x0800ac86   Data           1  os_dbg.o(.constdata)
    OSDbg_QPendAbortEn                       0x0800ac87   Data           1  os_dbg.o(.constdata)
    OSDbg_QSize                              0x0800ac88   Data           2  os_dbg.o(.constdata)
    OSDbg_SchedRoundRobinEn                  0x0800ac8a   Data           1  os_dbg.o(.constdata)
    OSDbg_Sem                                0x0800ac8c   Data          40  os_dbg.o(.constdata)
    OSDbg_SemEn                              0x0800acb4   Data           1  os_dbg.o(.constdata)
    OSDbg_SemDelEn                           0x0800acb5   Data           1  os_dbg.o(.constdata)
    OSDbg_SemPendAbortEn                     0x0800acb6   Data           1  os_dbg.o(.constdata)
    OSDbg_SemSetEn                           0x0800acb7   Data           1  os_dbg.o(.constdata)
    OSDbg_SemSize                            0x0800acb8   Data           2  os_dbg.o(.constdata)
    OSDbg_RdyList                            0x0800acba   Data           2  os_dbg.o(.constdata)
    OSDbg_RdyListSize                        0x0800acbc   Data           4  os_dbg.o(.constdata)
    OSDbg_StkWidth                           0x0800acc0   Data           1  os_dbg.o(.constdata)
    OSDbg_StatTaskEn                         0x0800acc1   Data           1  os_dbg.o(.constdata)
    OSDbg_StatTaskStkChkEn                   0x0800acc2   Data           1  os_dbg.o(.constdata)
    OSDbg_TaskChangePrioEn                   0x0800acc3   Data           1  os_dbg.o(.constdata)
    OSDbg_TaskDelEn                          0x0800acc4   Data           1  os_dbg.o(.constdata)
    OSDbg_TaskQEn                            0x0800acc5   Data           1  os_dbg.o(.constdata)
    OSDbg_TaskQPendAbortEn                   0x0800acc6   Data           1  os_dbg.o(.constdata)
    OSDbg_TaskProfileEn                      0x0800acc7   Data           1  os_dbg.o(.constdata)
    OSDbg_TaskRegTblSize                     0x0800acc8   Data           2  os_dbg.o(.constdata)
    OSDbg_TaskSemPendAbortEn                 0x0800acca   Data           1  os_dbg.o(.constdata)
    OSDbg_TaskSuspendEn                      0x0800accb   Data           1  os_dbg.o(.constdata)
    OSDbg_TCBSize                            0x0800accc   Data           2  os_dbg.o(.constdata)
    OSDbg_TickListSize                       0x0800acce   Data           2  os_dbg.o(.constdata)
    OSDbg_TimeDlyHMSMEn                      0x0800acd0   Data           1  os_dbg.o(.constdata)
    OSDbg_TimeDlyResumeEn                    0x0800acd1   Data           1  os_dbg.o(.constdata)
    OSDbg_TLS_TblSize                        0x0800acd2   Data           2  os_dbg.o(.constdata)
    OSDbg_Tmr                                0x0800acd4   Data          48  os_dbg.o(.constdata)
    OSDbg_TmrEn                              0x0800ad04   Data           1  os_dbg.o(.constdata)
    OSDbg_TmrDelEn                           0x0800ad05   Data           1  os_dbg.o(.constdata)
    OSDbg_TmrSize                            0x0800ad06   Data           2  os_dbg.o(.constdata)
    OSDbg_VersionNbr                         0x0800ad08   Data           2  os_dbg.o(.constdata)
    OSDbg_DataSize                           0x0800ad0c   Data           4  os_dbg.o(.constdata)
    CTP_CFG_GT5688                           0x0800ad10   Data         239  gt5xx.o(.constdata)
    Region$$Table$$Base                      0x0800afac   Number         0  anon$$obj.o(Region$$Table)
    Region$$Table$$Limit                     0x0800afcc   Number         0  anon$$obj.o(Region$$Table)
    old                                      0x20000010   Data          12  main.o(.data)
    pos                                      0x2000001c   Data          12  main.o(.data)
    Font8x16                                 0x20000028   Data           8  fonts.o(.data)
    Font16x32                                0x20000030   Data           8  fonts.o(.data)
    Font24x48                                0x20000038   Data           8  fonts.o(.data)
    LCD_X_LENGTH                             0x20000040   Data           2  fsmclcd.o(.data)
    LCD_Y_LENGTH                             0x20000042   Data           2  fsmclcd.o(.data)
    LCD_SCAN_MODE                            0x20000044   Data           1  fsmclcd.o(.data)
    OSPrioTbl                                0x20000050   Data           8  os_prio.o(.data)
    OS_AppTaskCreateHookPtr                  0x20000058   Data           4  os_var.o(.data)
    OS_AppTaskDelHookPtr                     0x2000005c   Data           4  os_var.o(.data)
    OS_AppTaskReturnHookPtr                  0x20000060   Data           4  os_var.o(.data)
    OS_AppIdleTaskHookPtr                    0x20000064   Data           4  os_var.o(.data)
    OS_AppStatTaskHookPtr                    0x20000068   Data           4  os_var.o(.data)
    OS_AppTaskSwHookPtr                      0x2000006c   Data           4  os_var.o(.data)
    OS_AppTimeTickHookPtr                    0x20000070   Data           4  os_var.o(.data)
    OSIdleTaskCtr                            0x20000074   Data           4  os_var.o(.data)
    OSIntNestingCtr                          0x20000078   Data           1  os_var.o(.data)
    OSRunning                                0x20000079   Data           1  os_var.o(.data)
    OSFlagDbgListPtr                         0x2000007c   Data           4  os_var.o(.data)
    OSFlagQty                                0x20000080   Data           2  os_var.o(.data)
    OSMemDbgListPtr                          0x20000084   Data           4  os_var.o(.data)
    OSMemQty                                 0x20000088   Data           2  os_var.o(.data)
    OSMutexDbgListPtr                        0x2000008c   Data           4  os_var.o(.data)
    OSMutexQty                               0x20000090   Data           2  os_var.o(.data)
    OSPrioCur                                0x20000092   Data           1  os_var.o(.data)
    OSPrioHighRdy                            0x20000093   Data           1  os_var.o(.data)
    OSPrioSaved                              0x20000094   Data           1  os_var.o(.data)
    OSQDbgListPtr                            0x20000098   Data           4  os_var.o(.data)
    OSQQty                                   0x2000009c   Data           2  os_var.o(.data)
    OSSchedLockTimeBegin                     0x200000a0   Data           4  os_var.o(.data)
    OSSchedLockTimeMax                       0x200000a4   Data           4  os_var.o(.data)
    OSSchedLockTimeMaxCur                    0x200000a8   Data           4  os_var.o(.data)
    OSSchedLockNestingCtr                    0x200000ac   Data           1  os_var.o(.data)
    OSSemDbgListPtr                          0x200000b0   Data           4  os_var.o(.data)
    OSSemQty                                 0x200000b4   Data           2  os_var.o(.data)
    OSStatResetFlag                          0x200000b6   Data           1  os_var.o(.data)
    OSStatTaskCPUUsage                       0x200000b8   Data           2  os_var.o(.data)
    OSStatTaskCPUUsageMax                    0x200000ba   Data           2  os_var.o(.data)
    OSStatTaskCtr                            0x200000bc   Data           4  os_var.o(.data)
    OSStatTaskCtrMax                         0x200000c0   Data           4  os_var.o(.data)
    OSStatTaskCtrRun                         0x200000c4   Data           4  os_var.o(.data)
    OSStatTaskRdy                            0x200000c8   Data           1  os_var.o(.data)
    OSStatTaskTimeMax                        0x200000cc   Data           4  os_var.o(.data)
    OSTaskCtxSwCtr                           0x200000d0   Data           4  os_var.o(.data)
    OSTaskDbgListPtr                         0x200000d4   Data           4  os_var.o(.data)
    OSTaskQty                                0x200000d8   Data           2  os_var.o(.data)
    OSTaskRegNextAvailID                     0x200000da   Data           1  os_var.o(.data)
    OSTickCtr                                0x200000dc   Data           4  os_var.o(.data)
    OSTickTaskTimeMax                        0x200000e0   Data           4  os_var.o(.data)
    OSTickListDly                            0x200000e4   Data           8  os_var.o(.data)
    OSTickListTimeout                        0x200000ec   Data           8  os_var.o(.data)
    OSTmrDbgListPtr                          0x200000f4   Data           4  os_var.o(.data)
    OSTmrListEntries                         0x200000f8   Data           2  os_var.o(.data)
    OSTmrListPtr                             0x200000fc   Data           4  os_var.o(.data)
    OSTmrQty                                 0x20000100   Data           2  os_var.o(.data)
    OSTmrTaskTimeMax                         0x20000104   Data           4  os_var.o(.data)
    OSTmrTickCtr                             0x20000108   Data           4  os_var.o(.data)
    OSTmrUpdateCnt                           0x2000010c   Data           4  os_var.o(.data)
    OSTmrUpdateCtr                           0x20000110   Data           4  os_var.o(.data)
    OSTCBCurPtr                              0x20000114   Data           4  os_var.o(.data)
    OSTCBHighRdyPtr                          0x20000118   Data           4  os_var.o(.data)
    OS_CPU_ExceptStkBase                     0x2000011c   Data           4  os_cpu_c.o(.data)
    touchIC                                  0x20000120   Data           1  gt5xx.o(.data)
    __stdout                                 0x20000140   Data           4  stdout.o(.data)
    __microlib_freelist                      0x20000144   Data           4  mvars.o(.data)
    __microlib_freelist_initialised          0x20000148   Data           4  mvars.o(.data)
    Task1_TaskTCB                            0x2000014c   Data         192  main.o(.bss)
    TASK1_TASK_STK                           0x2000020c   Data         512  main.o(.bss)
    OSCfg_IdleTaskStk                        0x2000040c   Data         256  os_cfg_app.o(.bss)
    OSCfg_ISRStk                             0x2000050c   Data         400  os_cfg_app.o(.bss)
    OSCfg_MsgPool                            0x2000069c   Data        1600  os_cfg_app.o(.bss)
    OSCfg_StatTaskStk                        0x20000cdc   Data         400  os_cfg_app.o(.bss)
    OSCfg_TickTaskStk                        0x20000e6c   Data         400  os_cfg_app.o(.bss)
    OSCfg_TmrTaskStk                         0x20000ffc   Data         400  os_cfg_app.o(.bss)
    OSIdleTaskTCB                            0x2000118c   Data         192  os_var.o(.bss)
    OSMsgPool                                0x2000124c   Data          12  os_var.o(.bss)
    OSRdyList                                0x20001258   Data         768  os_var.o(.bss)
    OSStatTaskTCB                            0x20001558   Data         192  os_var.o(.bss)
    OSTickTaskTCB                            0x20001618   Data         192  os_var.o(.bss)
    OSTmrMutex                               0x200016d8   Data          48  os_var.o(.bss)
    OSTmrTaskTCB                             0x20001708   Data         192  os_var.o(.bss)
    __heap_base                              0x200017c8   Data           0  startup_stm32f40_41xxx.o(HEAP)
    __heap_limit                             0x200019c8   Data           0  startup_stm32f40_41xxx.o(HEAP)
    __initial_sp                             0x20001dc8   Data           0  startup_stm32f40_41xxx.o(STACK)



==============================================================================

Memory Map of the image

  Image Entry point : 0x08000189

  Load Region LR_IROM1 (Base: 0x08000000, Size: 0x0000b118, Max: 0x00100000, ABSOLUTE, COMPRESSED[0x0000b00c])

    Execution Region ER_IROM1 (Exec base: 0x08000000, Load base: 0x08000000, Size: 0x0000afcc, Max: 0x00100000, ABSOLUTE)

    Exec Addr    Load Addr    Size         Type   Attr      Idx    E Section Name        Object

    0x08000000   0x08000000   0x00000188   Data   RO         2287    RESET               startup_stm32f40_41xxx.o
    0x08000188   0x08000188   0x00000000   Code   RO         4669  * .ARM.Collect$$$$00000000  mc_w.l(entry.o)
    0x08000188   0x08000188   0x00000004   Code   RO         4971    .ARM.Collect$$$$00000001  mc_w.l(entry2.o)
    0x0800018c   0x0800018c   0x00000004   Code   RO         4974    .ARM.Collect$$$$00000004  mc_w.l(entry5.o)
    0x08000190   0x08000190   0x00000000   Code   RO         4976    .ARM.Collect$$$$00000008  mc_w.l(entry7b.o)
    0x08000190   0x08000190   0x00000000   Code   RO         4978    .ARM.Collect$$$$0000000A  mc_w.l(entry8b.o)
    0x08000190   0x08000190   0x00000008   Code   RO         4979    .ARM.Collect$$$$0000000B  mc_w.l(entry9a.o)
    0x08000198   0x08000198   0x00000000   Code   RO         4981    .ARM.Collect$$$$0000000D  mc_w.l(entry10a.o)
    0x08000198   0x08000198   0x00000000   Code   RO         4983    .ARM.Collect$$$$0000000F  mc_w.l(entry11a.o)
    0x08000198   0x08000198   0x00000004   Code   RO         4972    .ARM.Collect$$$$00002712  mc_w.l(entry2.o)
    0x0800019c   0x0800019c   0x00000024   Code   RO         2288    .text               startup_stm32f40_41xxx.o
    0x080001c0   0x080001c0   0x00000034   Code   RO         2550    .text               cpu_a.o
    0x080001f4   0x080001f4   0x00000062   Code   RO         4672    .text               mc_w.l(uldiv.o)
    0x08000256   0x08000256   0x00000024   Code   RO         4674    .text               mc_w.l(memcpya.o)
    0x0800027a   0x0800027a   0x00000024   Code   RO         4676    .text               mc_w.l(memseta.o)
    0x0800029e   0x0800029e   0x0000001e   Code   RO         4988    .text               mc_w.l(llshl.o)
    0x080002bc   0x080002bc   0x00000020   Code   RO         4990    .text               mc_w.l(llushr.o)
    0x080002dc   0x080002dc   0x00000024   Code   RO         5005    .text               mc_w.l(init.o)
    0x08000300   0x08000300   0x00000056   Code   RO         5019    .text               mc_w.l(__dczerorl2.o)
    0x08000356   0x08000356   0x00000002   PAD
    0x08000358   0x08000358   0x0000010c   Code   RO         4220    CODE                os_cpu_a.o
    0x08000464   0x08000464   0x00000004   Code   RO         1939    i.BusFault_Handler  stm32f4xx_it.o
    0x08000468   0x08000468   0x0000000c   Code   RO         3087    i.CPU_TS_TmrRd      bsp.o
    0x08000474   0x08000474   0x00000002   Code   RO         1940    i.DebugMon_Handler  stm32f4xx_it.o
    0x08000476   0x08000476   0x00000012   Code   RO         2077    i.Delay             fsmclcd.o
    0x08000488   0x08000488   0x00000012   Code   RO         4311    i.Delay             gt5xx.o
    0x0800049a   0x0800049a   0x00000012   Code   RO         4557    i.Delay             touch.o
    0x080004ac   0x080004ac   0x0000001a   Code   RO         4312    i.EXTI9_5_IRQHandler  gt5xx.o
    0x080004c6   0x080004c6   0x00000002   PAD
    0x080004c8   0x080004c8   0x0000000c   Code   RO         1679    i.EXTI_ClearITPendingBit  stm32f4xx_exti.o
    0x080004d4   0x080004d4   0x00000018   Code   RO         1683    i.EXTI_GetITStatus  stm32f4xx_exti.o
    0x080004ec   0x080004ec   0x00000094   Code   RO         1684    i.EXTI_Init         stm32f4xx_exti.o
    0x08000580   0x08000580   0x00000034   Code   RO          356    i.FSMC_NORSRAMCmd   stm32f4xx_fsmc.o
    0x080005b4   0x080005b4   0x00000124   Code   RO          358    i.FSMC_NORSRAMInit  stm32f4xx_fsmc.o
    0x080006d8   0x080006d8   0x00000090   Code   RO          481    i.GPIO_Init         stm32f4xx_gpio.o
    0x08000768   0x08000768   0x00000046   Code   RO          482    i.GPIO_PinAFConfig  stm32f4xx_gpio.o
    0x080007ae   0x080007ae   0x00000012   Code   RO          485    i.GPIO_ReadInputDataBit  stm32f4xx_gpio.o
    0x080007c0   0x080007c0   0x00000004   Code   RO          488    i.GPIO_ResetBits    stm32f4xx_gpio.o
    0x080007c4   0x080007c4   0x00000004   Code   RO          489    i.GPIO_SetBits      stm32f4xx_gpio.o
    0x080007c8   0x080007c8   0x000000c0   Code   RO         4313    i.GTP_Get_Info      gt5xx.o
    0x08000888   0x08000888   0x00000084   Code   RO         4314    i.GTP_I2C_Read      gt5xx.o
    0x0800090c   0x0800090c   0x00000070   Code   RO         4316    i.GTP_I2C_Test      gt5xx.o
    0x0800097c   0x0800097c   0x00000060   Code   RO         4317    i.GTP_I2C_Write     gt5xx.o
    0x080009dc   0x080009dc   0x00000180   Code   RO         4320    i.GTP_Init_Panel    gt5xx.o
    0x08000b5c   0x08000b5c   0x000001ac   Code   RO         4321    i.GTP_Read_Version  gt5xx.o
    0x08000d08   0x08000d08   0x000000a0   Code   RO         4324    i.GTP_TouchProcess  gt5xx.o
    0x08000da8   0x08000da8   0x00000024   Code   RO         4325    i.GTP_Touch_Down    gt5xx.o
    0x08000dcc   0x08000dcc   0x00000020   Code   RO         4326    i.GTP_Touch_Up      gt5xx.o
    0x08000dec   0x08000dec   0x00000230   Code   RO         4328    i.Goodix_TS_Work_Func  gt5xx.o
    0x0800101c   0x0800101c   0x00000004   Code   RO         1941    i.HardFault_Handler  stm32f4xx_it.o
    0x08001020   0x08001020   0x00000098   Code   RO         4558    i.I2C_GPIO_Config   touch.o
    0x080010b8   0x080010b8   0x00000074   Code   RO         4560    i.I2C_GTP_IRQEnable  touch.o
    0x0800112c   0x0800112c   0x0000004e   Code   RO         4561    i.I2C_ReadBytes     touch.o
    0x0800117a   0x0800117a   0x00000002   PAD
    0x0800117c   0x0800117c   0x00000074   Code   RO         4562    i.I2C_ResetChip     touch.o
    0x080011f0   0x080011f0   0x00000010   Code   RO         4563    i.I2C_Touch_Init    touch.o
    0x08001200   0x08001200   0x0000007e   Code   RO         4329    i.I2C_Transfer      gt5xx.o
    0x0800127e   0x0800127e   0x00000066   Code   RO         4564    i.I2C_WriteBytes    touch.o
    0x080012e4   0x080012e4   0x00000024   Code   RO         2078    i.ILI9806G_BackLed_Control  fsmclcd.o
    0x08001308   0x08001308   0x0000002c   Code   RO         2079    i.ILI9806G_Clear    fsmclcd.o
    0x08001334   0x08001334   0x00000012   Code   RO         2081    i.ILI9806G_Delay    fsmclcd.o
    0x08001346   0x08001346   0x00000138   Code   RO         2086    i.ILI9806G_DrawCircle  fsmclcd.o
    0x0800147e   0x0800147e   0x00000060   Code   RO         2089    i.ILI9806G_FSMC_Config  fsmclcd.o
    0x080014de   0x080014de   0x00000020   Code   RO         2090    i.ILI9806G_FillColor  fsmclcd.o
    0x080014fe   0x080014fe   0x00000002   PAD
    0x08001500   0x08001500   0x0000023c   Code   RO         2091    i.ILI9806G_GPIO_Config  fsmclcd.o
    0x0800173c   0x0800173c   0x000000bc   Code   RO         2093    i.ILI9806G_GramScan  fsmclcd.o
    0x080017f8   0x080017f8   0x00000040   Code   RO         2094    i.ILI9806G_Init     fsmclcd.o
    0x08001838   0x08001838   0x00000066   Code   RO         2095    i.ILI9806G_OpenWindow  fsmclcd.o
    0x0800189e   0x0800189e   0x000003e8   Code   RO         2096    i.ILI9806G_REG_Config  fsmclcd.o
    0x08001c86   0x08001c86   0x00000002   PAD
    0x08001c88   0x08001c88   0x0000002c   Code   RO         2099    i.ILI9806G_Rst      fsmclcd.o
    0x08001cb4   0x08001cb4   0x00000014   Code   RO         2100    i.ILI9806G_SetCursor  fsmclcd.o
    0x08001cc8   0x08001cc8   0x00000038   Code   RO         2101    i.ILI9806G_SetPointPixel  fsmclcd.o
    0x08001d00   0x08001d00   0x00000008   Code   RO         2102    i.ILI9806G_Write_Cmd  fsmclcd.o
    0x08001d08   0x08001d08   0x00000008   Code   RO         2103    i.ILI9806G_Write_Data  fsmclcd.o
    0x08001d10   0x08001d10   0x0000000c   Code   RO         2106    i.LCD_SetBackColor  fsmclcd.o
    0x08001d1c   0x08001d1c   0x00000014   Code   RO         2107    i.LCD_SetColors     fsmclcd.o
    0x08001d30   0x08001d30   0x00000004   Code   RO         1942    i.MemManage_Handler  stm32f4xx_it.o
    0x08001d34   0x08001d34   0x00000002   Code   RO         1943    i.NMI_Handler       stm32f4xx_it.o
    0x08001d36   0x08001d36   0x00000002   PAD
    0x08001d38   0x08001d38   0x00000078   Code   RO            4    i.NVIC_Init         misc.o
    0x08001db0   0x08001db0   0x00000014   Code   RO            5    i.NVIC_PriorityGroupConfig  misc.o
    0x08001dc4   0x08001dc4   0x00000002   Code   RO         3126    i.OSCfg_Init        os_cfg_app.o
    0x08001dc6   0x08001dc6   0x00000002   PAD
    0x08001dc8   0x08001dc8   0x00000014   Code   RO         4223    i.OSIdleTaskHook    os_cpu_c.o
    0x08001ddc   0x08001ddc   0x00000164   Code   RO         3152    i.OSInit            os_core.o
    0x08001f40   0x08001f40   0x00000028   Code   RO         4224    i.OSInitHook        os_cpu_c.o
    0x08001f68   0x08001f68   0x000000dc   Code   RO         3154    i.OSIntExit         os_core.o
    0x08002044   0x08002044   0x00000070   Code   RO         3549    i.OSMutexCreate     os_mutex.o
    0x080020b4   0x080020b4   0x000001d0   Code   RO         3551    i.OSMutexPend       os_mutex.o
    0x08002284   0x08002284   0x0000018c   Code   RO         3553    i.OSMutexPost       os_mutex.o
    0x08002410   0x08002410   0x000000a4   Code   RO         3155    i.OSSched           os_core.o
    0x080024b4   0x080024b4   0x00000060   Code   RO         3156    i.OSSchedLock       os_core.o
    0x08002514   0x08002514   0x00000080   Code   RO         3157    i.OSSchedUnlock     os_core.o
    0x08002594   0x08002594   0x00000068   Code   RO         3158    i.OSStart           os_core.o
    0x080025fc   0x080025fc   0x00000128   Code   RO         3820    i.OSStatReset       os_stat.o
    0x08002724   0x08002724   0x00000014   Code   RO         4225    i.OSStatTaskHook    os_cpu_c.o
    0x08002738   0x08002738   0x00000190   Code   RO         3851    i.OSTaskCreate      os_task.o
    0x080028c8   0x080028c8   0x00000018   Code   RO         4226    i.OSTaskCreateHook  os_cpu_c.o
    0x080028e0   0x080028e0   0x00000188   Code   RO         3852    i.OSTaskDel         os_task.o
    0x08002a68   0x08002a68   0x00000018   Code   RO         4227    i.OSTaskDelHook     os_cpu_c.o
    0x08002a80   0x08002a80   0x00000018   Code   RO         4228    i.OSTaskReturnHook  os_cpu_c.o
    0x08002a98   0x08002a98   0x000001c8   Code   RO         3861    i.OSTaskSemPend     os_task.o
    0x08002c60   0x08002c60   0x0000003e   Code   RO         3863    i.OSTaskSemPost     os_task.o
    0x08002c9e   0x08002c9e   0x00000002   PAD
    0x08002ca0   0x08002ca0   0x000000c0   Code   RO         3865    i.OSTaskStkChk      os_task.o
    0x08002d60   0x08002d60   0x000002c4   Code   RO         4229    i.OSTaskStkInit     os_cpu_c.o
    0x08003024   0x08003024   0x000000b8   Code   RO         4230    i.OSTaskSwHook      os_cpu_c.o
    0x080030dc   0x080030dc   0x000000a4   Code   RO         4070    i.OSTimeDly         os_time.o
    0x08003180   0x08003180   0x00000044   Code   RO         4075    i.OSTimeTick        os_time.o
    0x080031c4   0x080031c4   0x00000014   Code   RO         4231    i.OSTimeTickHook    os_cpu_c.o
    0x080031d8   0x080031d8   0x000001a8   Code   RO         3372    i.OS_Dbg_Init       os_dbg.o
    0x08003380   0x08003380   0x00000018   Code   RO         3397    i.OS_FlagInit       os_flag.o
    0x08003398   0x08003398   0x00000044   Code   RO         3160    i.OS_IdleTask       os_core.o
    0x080033dc   0x080033dc   0x00000070   Code   RO         3161    i.OS_IdleTaskInit   os_core.o
    0x0800344c   0x0800344c   0x00000018   Code   RO         3481    i.OS_MemInit        os_mem.o
    0x08003464   0x08003464   0x0000007c   Code   RO         3513    i.OS_MsgPoolInit    os_msg.o
    0x080034e0   0x080034e0   0x00000044   Code   RO         3514    i.OS_MsgQFreeAll    os_msg.o
    0x08003524   0x08003524   0x0000000e   Code   RO         3516    i.OS_MsgQInit       os_msg.o
    0x08003532   0x08003532   0x00000002   PAD
    0x08003534   0x08003534   0x00000030   Code   RO         3555    i.OS_MutexDbgListAdd  os_mutex.o
    0x08003564   0x08003564   0x00000008   Code   RO         3557    i.OS_MutexGrpAdd    os_mutex.o
    0x0800356c   0x0800356c   0x00000060   Code   RO         3558    i.OS_MutexGrpPostAll  os_mutex.o
    0x080035cc   0x080035cc   0x0000002c   Code   RO         3559    i.OS_MutexGrpPrioFindHighest  os_mutex.o
    0x080035f8   0x080035f8   0x0000001c   Code   RO         3560    i.OS_MutexGrpRemove  os_mutex.o
    0x08003614   0x08003614   0x00000018   Code   RO         3561    i.OS_MutexInit      os_mutex.o
    0x0800362c   0x0800362c   0x00000068   Code   RO         3162    i.OS_Pend           os_core.o
    0x08003694   0x08003694   0x00000028   Code   RO         3165    i.OS_PendDataInit   os_core.o
    0x080036bc   0x080036bc   0x0000005c   Code   RO         3166    i.OS_PendDbgNameAdd  os_core.o
    0x08003718   0x08003718   0x00000024   Code   RO         3167    i.OS_PendDbgNameRemove  os_core.o
    0x0800373c   0x0800373c   0x0000003a   Code   RO         3168    i.OS_PendListChangePrio  os_core.o
    0x08003776   0x08003776   0x0000000a   Code   RO         3169    i.OS_PendListInit   os_core.o
    0x08003780   0x08003780   0x00000066   Code   RO         3171    i.OS_PendListInsertPrio  os_core.o
    0x080037e6   0x080037e6   0x00000034   Code   RO         3172    i.OS_PendListRemove  os_core.o
    0x0800381a   0x0800381a   0x00000042   Code   RO         3173    i.OS_PendListRemove1  os_core.o
    0x0800385c   0x0800385c   0x000000d6   Code   RO         3176    i.OS_Post           os_core.o
    0x08003932   0x08003932   0x0000002c   Code   RO         3177    i.OS_Post1          os_core.o
    0x0800395e   0x0800395e   0x00000002   PAD
    0x08003960   0x08003960   0x00000028   Code   RO         3639    i.OS_PrioGetHighest  os_prio.o
    0x08003988   0x08003988   0x00000018   Code   RO         3640    i.OS_PrioInit       os_prio.o
    0x080039a0   0x080039a0   0x00000024   Code   RO         3641    i.OS_PrioInsert     os_prio.o
    0x080039c4   0x080039c4   0x00000024   Code   RO         3642    i.OS_PrioRemove     os_prio.o
    0x080039e8   0x080039e8   0x00000018   Code   RO         3685    i.OS_QInit          os_q.o
    0x08003a00   0x08003a00   0x00000024   Code   RO         3178    i.OS_RdyListInit    os_core.o
    0x08003a24   0x08003a24   0x0000002c   Code   RO         3179    i.OS_RdyListInsert  os_core.o
    0x08003a50   0x08003a50   0x00000040   Code   RO         3180    i.OS_RdyListInsertHead  os_core.o
    0x08003a90   0x08003a90   0x0000003c   Code   RO         3181    i.OS_RdyListInsertTail  os_core.o
    0x08003acc   0x08003acc   0x0000005c   Code   RO         3183    i.OS_RdyListRemove  os_core.o
    0x08003b28   0x08003b28   0x0000001c   Code   RO         3184    i.OS_SchedLockTimeMeasStart  os_core.o
    0x08003b44   0x08003b44   0x0000003c   Code   RO         3185    i.OS_SchedLockTimeMeasStop  os_core.o
    0x08003b80   0x08003b80   0x00000018   Code   RO         3757    i.OS_SemInit        os_sem.o
    0x08003b98   0x08003b98   0x000002e8   Code   RO         3822    i.OS_StatTask       os_stat.o
    0x08003e80   0x08003e80   0x000000cc   Code   RO         3823    i.OS_StatTaskInit   os_stat.o
    0x08003f4c   0x08003f4c   0x0000002c   Code   RO         3186    i.OS_TaskBlock      os_core.o
    0x08003f78   0x08003f78   0x000000ec   Code   RO         3867    i.OS_TaskChangePrio  os_task.o
    0x08004064   0x08004064   0x00000030   Code   RO         3868    i.OS_TaskDbgListAdd  os_task.o
    0x08004094   0x08004094   0x00000044   Code   RO         3869    i.OS_TaskDbgListRemove  os_task.o
    0x080040d8   0x080040d8   0x00000020   Code   RO         3870    i.OS_TaskInit       os_task.o
    0x080040f8   0x080040f8   0x000000bc   Code   RO         3871    i.OS_TaskInitTCB    os_task.o
    0x080041b4   0x080041b4   0x00000018   Code   RO         3874    i.OS_TaskReturn     os_task.o
    0x080041cc   0x080041cc   0x000001c4   Code   RO         3875    i.OS_TaskSemPost    os_task.o
    0x08004390   0x08004390   0x00000086   Code   RO         4018    i.OS_TickListInsert  os_tick.o
    0x08004416   0x08004416   0x00000002   PAD
    0x08004418   0x08004418   0x000000bc   Code   RO         4019    i.OS_TickListInsertDly  os_tick.o
    0x080044d4   0x080044d4   0x00000058   Code   RO         4020    i.OS_TickListRemove  os_tick.o
    0x0800452c   0x0800452c   0x00000002   Code   RO         4021    i.OS_TickListResetPeak  os_tick.o
    0x0800452e   0x0800452e   0x00000002   PAD
    0x08004530   0x08004530   0x00000098   Code   RO         4022    i.OS_TickListUpdateDly  os_tick.o
    0x080045c8   0x080045c8   0x00000114   Code   RO         4023    i.OS_TickListUpdateTimeout  os_tick.o
    0x080046dc   0x080046dc   0x00000064   Code   RO         4024    i.OS_TickTask       os_tick.o
    0x08004740   0x08004740   0x000000c8   Code   RO         4025    i.OS_TickTaskInit   os_tick.o
    0x08004808   0x08004808   0x00000134   Code   RO         4121    i.OS_TmrInit        os_tmr.o
    0x0800493c   0x0800493c   0x00000018   Code   RO         4122    i.OS_TmrLock        os_tmr.o
    0x08004954   0x08004954   0x00000002   Code   RO         4123    i.OS_TmrResetPeak   os_tmr.o
    0x08004956   0x08004956   0x00000002   PAD
    0x08004958   0x08004958   0x00000094   Code   RO         4124    i.OS_TmrTask        os_tmr.o
    0x080049ec   0x080049ec   0x00000044   Code   RO         4125    i.OS_TmrUnlink      os_tmr.o
    0x08004a30   0x08004a30   0x00000014   Code   RO         4126    i.OS_TmrUnlock      os_tmr.o
    0x08004a44   0x08004a44   0x00000020   Code   RO          582    i.RCC_AHB1PeriphClockCmd  stm32f4xx_rcc.o
    0x08004a64   0x08004a64   0x00000020   Code   RO          588    i.RCC_AHB3PeriphClockCmd  stm32f4xx_rcc.o
    0x08004a84   0x08004a84   0x00000020   Code   RO          594    i.RCC_APB2PeriphClockCmd  stm32f4xx_rcc.o
    0x08004aa4   0x08004aa4   0x000000e8   Code   RO          603    i.RCC_GetClocksFreq  stm32f4xx_rcc.o
    0x08004b8c   0x08004b8c   0x00000002   Code   RO         1944    i.SVC_Handler       stm32f4xx_it.o
    0x08004b8e   0x08004b8e   0x00000002   PAD
    0x08004b90   0x08004b90   0x00000040   Code   RO         1747    i.SYSCFG_EXTILineConfig  stm32f4xx_syscfg.o
    0x08004bd0   0x08004bd0   0x000000ec   Code   RO         2295    i.SetSysClock       system_stm32f4xx.o
    0x08004cbc   0x08004cbc   0x00000038   Code   RO         4233    i.SysTick_Handler   os_cpu_c.o
    0x08004cf4   0x08004cf4   0x00000068   Code   RO         2297    i.SystemInit        system_stm32f4xx.o
    0x08004d5c   0x08004d5c   0x00000020   Code   RO         1945    i.USART1_IRQHandler  stm32f4xx_it.o
    0x08004d7c   0x08004d7c   0x0000001e   Code   RO         1487    i.USART_ClearITPendingBit  stm32f4xx_usart.o
    0x08004d9a   0x08004d9a   0x00000018   Code   RO         1490    i.USART_Cmd         stm32f4xx_usart.o
    0x08004db2   0x08004db2   0x00000002   PAD
    0x08004db4   0x08004db4   0x00000098   Code   RO         2012    i.USART_Config      usart.o
    0x08004e4c   0x08004e4c   0x0000001a   Code   RO         1493    i.USART_GetFlagStatus  stm32f4xx_usart.o
    0x08004e66   0x08004e66   0x00000054   Code   RO         1494    i.USART_GetITStatus  stm32f4xx_usart.o
    0x08004eba   0x08004eba   0x00000002   PAD
    0x08004ebc   0x08004ebc   0x000000d4   Code   RO         1497    i.USART_Init        stm32f4xx_usart.o
    0x08004f90   0x08004f90   0x00000008   Code   RO         1507    i.USART_SendData    stm32f4xx_usart.o
    0x08004f98   0x08004f98   0x00000004   Code   RO         1946    i.UsageFault_Handler  stm32f4xx_it.o
    0x08004f9c   0x08004f9c   0x00000020   Code   RO         4889    i.__0printf$8       mc_w.l(printf8.o)
    0x08004fbc   0x08004fbc   0x0000000e   Code   RO         5013    i.__scatterload_copy  mc_w.l(handlers.o)
    0x08004fca   0x08004fca   0x00000002   Code   RO         5014    i.__scatterload_null  mc_w.l(handlers.o)
    0x08004fcc   0x08004fcc   0x0000000e   Code   RO         5015    i.__scatterload_zeroinit  mc_w.l(handlers.o)
    0x08004fda   0x08004fda   0x00000002   PAD
    0x08004fdc   0x08004fdc   0x00000410   Code   RO         4896    i._printf_core      mc_w.l(printf8.o)
    0x080053ec   0x080053ec   0x00000024   Code   RO         4897    i._printf_post_padding  mc_w.l(printf8.o)
    0x08005410   0x08005410   0x0000002e   Code   RO         4898    i._printf_pre_padding  mc_w.l(printf8.o)
    0x0800543e   0x0800543e   0x00000002   PAD
    0x08005440   0x08005440   0x00000024   Code   RO         2014    i.fputc             usart.o
    0x08005464   0x08005464   0x00000050   Code   RO         4943    i.free              mc_w.l(malloc.o)
    0x080054b4   0x080054b4   0x00000034   Code   RO         4565    i.i2c_Ack           touch.o
    0x080054e8   0x080054e8   0x0000000e   Code   RO         4566    i.i2c_Delay         touch.o
    0x080054f6   0x080054f6   0x00000002   PAD
    0x080054f8   0x080054f8   0x0000002c   Code   RO         4567    i.i2c_NAck          touch.o
    0x08005524   0x08005524   0x00000044   Code   RO         4568    i.i2c_ReadByte      touch.o
    0x08005568   0x08005568   0x0000005c   Code   RO         4569    i.i2c_SendByte      touch.o
    0x080055c4   0x080055c4   0x00000034   Code   RO         4570    i.i2c_Start         touch.o
    0x080055f8   0x080055f8   0x00000024   Code   RO         4571    i.i2c_Stop          touch.o
    0x0800561c   0x0800561c   0x00000040   Code   RO         4572    i.i2c_WaitAck       touch.o
    0x0800565c   0x0800565c   0x00000090   Code   RO         1804    i.main              main.o
    0x080056ec   0x080056ec   0x0000006c   Code   RO         4944    i.malloc            mc_w.l(malloc.o)
    0x08005758   0x08005758   0x00000098   Code   RO         1805    i.task_task         main.o
    0x080057f0   0x080057f0   0x00005320   Data   RO         2052    .constdata          fonts.o
    0x0800ab10   0x0800ab10   0x00000094   Data   RO         3128    .constdata          os_cfg_app.o
    0x0800aba4   0x0800aba4   0x0000016c   Data   RO         3373    .constdata          os_dbg.o
    0x0800ad10   0x0800ad10   0x000001f8   Data   RO         4330    .constdata          gt5xx.o
    0x0800af08   0x0800af08   0x000000a1   Data   RO         4331    .conststring        gt5xx.o
    0x0800afa9   0x0800afa9   0x00000003   PAD
    0x0800afac   0x0800afac   0x00000020   Data   RO         5011    Region$$Table       anon$$obj.o


    Execution Region RW_IRAM1 (Exec base: 0x20000000, Load base: 0x0800afcc, Size: 0x00001dc8, Max: 0x00020000, ABSOLUTE, COMPRESSED[0x00000040])

    Exec Addr    Load Addr    Size         Type   Attr      Idx    E Section Name        Object

    0x20000000   COMPRESSED   0x00000010   Data   RW          635    .data               stm32f4xx_rcc.o
    0x20000010   COMPRESSED   0x00000018   Data   RW         1807    .data               main.o
    0x20000028   COMPRESSED   0x00000018   Data   RW         2053    .data               fonts.o
    0x20000040   COMPRESSED   0x00000010   Data   RW         2110    .data               fsmclcd.o
    0x20000050   COMPRESSED   0x00000008   Data   RW         3643    .data               os_prio.o
    0x20000058   COMPRESSED   0x000000c4   Data   RW         4207    .data               os_var.o
    0x2000011c   COMPRESSED   0x00000004   Data   RW         4234    .data               os_cpu_c.o
    0x20000120   COMPRESSED   0x0000001d   Data   RW         4332    .data               gt5xx.o
    0x2000013d   COMPRESSED   0x00000003   PAD
    0x20000140   COMPRESSED   0x00000004   Data   RW         4985    .data               mc_w.l(stdout.o)
    0x20000144   COMPRESSED   0x00000004   Data   RW         4992    .data               mc_w.l(mvars.o)
    0x20000148   COMPRESSED   0x00000004   Data   RW         4993    .data               mc_w.l(mvars.o)
    0x2000014c        -       0x000002c0   Zero   RW         1806    .bss                main.o
    0x2000040c        -       0x00000d80   Zero   RW         3127    .bss                os_cfg_app.o
    0x2000118c        -       0x0000063c   Zero   RW         4206    .bss                os_var.o
    0x200017c8        -       0x00000200   Zero   RW         2286    HEAP                startup_stm32f40_41xxx.o
    0x200019c8        -       0x00000400   Zero   RW         2285    STACK               startup_stm32f40_41xxx.o


==============================================================================

Image component sizes


      Code (inc. data)   RO Data    RW Data    ZI Data      Debug   Object Name

        12          6          0          0          0        515   bsp.o
        52          0          0          0          0        340   cpu_a.o
         0          0          0          0          0       1365   cpu_c.o
         0          0          0          0          0       7780   cpu_core.o
         0          0      21280         24          0       1357   fonts.o
      2650         88          0         16          0      12721   fsmclcd.o
      2302        512        665         29          0      17100   gt5xx.o
       296         34          0         24        704      30612   main.o
       140         24          0          0          0     283331   misc.o
         2          0        148          0       3456      20075   os_cfg_app.o
      2494        342          0          0          0      36323   os_core.o
       268         14          0          0          0        424   os_cpu_a.o
      1120        164          0          4          0      26320   os_cpu_c.o
       424        278        364          0          0       4873   os_dbg.o
        24         10          0          0          0        998   os_flag.o
        24         10          0          0          0        989   os_mem.o
       206         20          0          0          0       2492   os_msg.o
      1220         56          0          0          0       7391   os_mutex.o
       136         16          0          8          0       3034   os_prio.o
        24         10          0          0          0        991   os_q.o
        24         10          0          0          0        993   os_sem.o
      1244        162          0          0          0       3298   os_stat.o
      2550        132          0          0          0      11161   os_task.o
      1140         88          0          0          0       6562   os_tick.o
       232         26          0          0          0       1805   os_time.o
       570        142          0          0          0       4207   os_tmr.o
         0          0          0        196       1596      17852   os_var.o
        36          8        392          0       1536        836   startup_stm32f40_41xxx.o
       184         16          0          0          0       2208   stm32f4xx_exti.o
       344         16          0          0          0       2121   stm32f4xx_fsmc.o
       240          0          0          0          0       3639   stm32f4xx_gpio.o
        54          6          0          0          0       3807   stm32f4xx_it.o
       328         36          0         16          0       4779   stm32f4xx_rcc.o
        64          4          0          0          0        652   stm32f4xx_syscfg.o
       384          8          0          0          0       4810   stm32f4xx_usart.o
       340         32          0          0          0       1677   system_stm32f4xx.o
      1020         62          0          0          0       9058   touch.o
       188         12          0          0          0       2835   usart.o

    ----------------------------------------------------------------------
     20368       2344      22884        320       7292     541331   Object Totals
         0          0         32          0          0          0   (incl. Generated)
        32          0          3          3          0          0   (incl. Padding)

    ----------------------------------------------------------------------

      Code (inc. data)   RO Data    RW Data    ZI Data      Debug   Library Member Name

        86          0          0          0          0          0   __dczerorl2.o
         0          0          0          0          0          0   entry.o
         0          0          0          0          0          0   entry10a.o
         0          0          0          0          0          0   entry11a.o
         8          4          0          0          0          0   entry2.o
         4          0          0          0          0          0   entry5.o
         0          0          0          0          0          0   entry7b.o
         0          0          0          0          0          0   entry8b.o
         8          4          0          0          0          0   entry9a.o
        30          0          0          0          0          0   handlers.o
        36          8          0          0          0         68   init.o
        30          0          0          0          0         68   llshl.o
        32          0          0          0          0         68   llushr.o
       188         20          0          0          0        160   malloc.o
        36          0          0          0          0         68   memcpya.o
        36          0          0          0          0        108   memseta.o
         0          0          0          8          0          0   mvars.o
      1154         54          0          0          0        352   printf8.o
         0          0          0          4          0          0   stdout.o
        98          0          0          0          0         92   uldiv.o

    ----------------------------------------------------------------------
      1752         90          0         12          0        984   Library Totals
         6          0          0          0          0          0   (incl. Padding)

    ----------------------------------------------------------------------

      Code (inc. data)   RO Data    RW Data    ZI Data      Debug   Library Name

      1746         90          0         12          0        984   mc_w.l

    ----------------------------------------------------------------------
      1752         90          0         12          0        984   Library Totals

    ----------------------------------------------------------------------

==============================================================================


      Code (inc. data)   RO Data    RW Data    ZI Data      Debug   

     22120       2434      22884        332       7292     525131   Grand Totals
     22120       2434      22884         64       7292     525131   ELF Image Totals (compressed)
     22120       2434      22884         64          0          0   ROM Totals

==============================================================================

    Total RO  Size (Code + RO Data)                45004 (  43.95kB)
    Total RW  Size (RW Data + ZI Data)              7624 (   7.45kB)
    Total ROM Size (Code + RO Data + RW Data)      45068 (  44.01kB)

==============================================================================

