Component: ARM Compiler 5.06 update 6 (build 750) Tool: armlink [4d35ed]

==============================================================================

Section Cross References

    stm32f4xx_gpio.o(i.GPIO_DeInit) refers to stm32f4xx_rcc.o(i.RCC_AHB1PeriphResetCmd) for RCC_AHB1PeriphResetCmd
    stm32f4xx_usart.o(i.USART_DeInit) refers to stm32f4xx_rcc.o(i.RCC_APB2PeriphResetCmd) for RCC_APB2PeriphResetCmd
    stm32f4xx_usart.o(i.USART_DeInit) refers to stm32f4xx_rcc.o(i.RCC_APB1PeriphResetCmd) for RCC_APB1PeriphResetCmd
    stm32f4xx_usart.o(i.USART_Init) refers to stm32f4xx_rcc.o(i.RCC_GetClocksFreq) for RCC_GetClocksFreq
    stm32f4xx_rcc.o(i.RCC_GetClocksFreq) refers to stm32f4xx_rcc.o(.data) for APBAHBPrescTable
    stm32f4xx_rcc.o(i.RCC_WaitForHSEStartUp) refers to stm32f4xx_rcc.o(i.RCC_GetFlagStatus) for RCC_GetFlagStatus
    main.o(i.main) refers to stm32f4xx_rcc.o(i.RCC_AHB1PeriphClockCmd) for RCC_AHB1PeriphClockCmd
    main.o(i.main) refers to usart.o(i.USART_Config) for USART_Config
    main.o(i.main) refers to printfb.o(i.__0printf$bare) for __2printf
    main.o(i.putch) refers to usart.o(i.fputc) for fputc
    stm32f4xx_it.o(i.USART1_IRQHandler) refers to stm32f4xx_usart.o(i.USART_GetITStatus) for USART_GetITStatus
    stm32f4xx_it.o(i.USART1_IRQHandler) refers to stm32f4xx_usart.o(i.USART_ClearITPendingBit) for USART_ClearITPendingBit
    usart.o(i.USART_Config) refers to stm32f4xx_rcc.o(i.RCC_AHB1PeriphClockCmd) for RCC_AHB1PeriphClockCmd
    usart.o(i.USART_Config) refers to stm32f4xx_rcc.o(i.RCC_APB2PeriphClockCmd) for RCC_APB2PeriphClockCmd
    usart.o(i.USART_Config) refers to stm32f4xx_gpio.o(i.GPIO_PinAFConfig) for GPIO_PinAFConfig
    usart.o(i.USART_Config) refers to stm32f4xx_gpio.o(i.GPIO_Init) for GPIO_Init
    usart.o(i.USART_Config) refers to stm32f4xx_usart.o(i.USART_Init) for USART_Init
    usart.o(i.USART_Config) refers to stm32f4xx_usart.o(i.USART_Cmd) for USART_Cmd
    usart.o(i.fgetc) refers to stm32f4xx_usart.o(i.USART_GetFlagStatus) for USART_GetFlagStatus
    usart.o(i.fgetc) refers to stm32f4xx_usart.o(i.USART_ReceiveData) for USART_ReceiveData
    usart.o(i.fputc) refers to stm32f4xx_usart.o(i.USART_SendData) for USART_SendData
    usart.o(i.fputc) refers to stm32f4xx_usart.o(i.USART_GetFlagStatus) for USART_GetFlagStatus
    startup_stm32f40_41xxx.o(RESET) refers to startup_stm32f40_41xxx.o(STACK) for __initial_sp
    startup_stm32f40_41xxx.o(RESET) refers to startup_stm32f40_41xxx.o(.text) for Reset_Handler
    startup_stm32f40_41xxx.o(RESET) refers to stm32f4xx_it.o(i.NMI_Handler) for NMI_Handler
    startup_stm32f40_41xxx.o(RESET) refers to stm32f4xx_it.o(i.HardFault_Handler) for HardFault_Handler
    startup_stm32f40_41xxx.o(RESET) refers to stm32f4xx_it.o(i.MemManage_Handler) for MemManage_Handler
    startup_stm32f40_41xxx.o(RESET) refers to stm32f4xx_it.o(i.BusFault_Handler) for BusFault_Handler
    startup_stm32f40_41xxx.o(RESET) refers to stm32f4xx_it.o(i.UsageFault_Handler) for UsageFault_Handler
    startup_stm32f40_41xxx.o(RESET) refers to stm32f4xx_it.o(i.SVC_Handler) for SVC_Handler
    startup_stm32f40_41xxx.o(RESET) refers to stm32f4xx_it.o(i.DebugMon_Handler) for DebugMon_Handler
    startup_stm32f40_41xxx.o(RESET) refers to stm32f4xx_it.o(i.PendSV_Handler) for PendSV_Handler
    startup_stm32f40_41xxx.o(RESET) refers to stm32f4xx_it.o(i.SysTick_Handler) for SysTick_Handler
    startup_stm32f40_41xxx.o(RESET) refers to stm32f4xx_it.o(i.USART1_IRQHandler) for USART1_IRQHandler
    startup_stm32f40_41xxx.o(.text) refers to system_stm32f4xx.o(i.SystemInit) for SystemInit
    startup_stm32f40_41xxx.o(.text) refers to entry.o(.ARM.Collect$$$$00000000) for __main
    system_stm32f4xx.o(i.SystemCoreClockUpdate) refers to system_stm32f4xx.o(.data) for SystemCoreClock
    system_stm32f4xx.o(i.SystemInit) refers to system_stm32f4xx.o(i.SetSysClock) for SetSysClock
    usbd_core.o(i.USBD_DeInit) refers to usbd_conf_template.o(i.USBD_LL_Stop) for USBD_LL_Stop
    usbd_core.o(i.USBD_DeInit) refers to usbd_conf_template.o(i.USBD_LL_DeInit) for USBD_LL_DeInit
    usbd_core.o(i.USBD_Init) refers to printfb.o(i.__0printf$bare) for __2printf
    usbd_core.o(i.USBD_Init) refers to usbd_conf_template.o(i.USBD_LL_Init) for USBD_LL_Init
    usbd_core.o(i.USBD_LL_DataInStage) refers to usbd_ioreq.o(i.USBD_CtlContinueSendData) for USBD_CtlContinueSendData
    usbd_core.o(i.USBD_LL_DataInStage) refers to usbd_conf_template.o(i.USBD_LL_PrepareReceive) for USBD_LL_PrepareReceive
    usbd_core.o(i.USBD_LL_DataInStage) refers to usbd_conf_template.o(i.USBD_LL_StallEP) for USBD_LL_StallEP
    usbd_core.o(i.USBD_LL_DataInStage) refers to usbd_ioreq.o(i.USBD_CtlReceiveStatus) for USBD_CtlReceiveStatus
    usbd_core.o(i.USBD_LL_DataInStage) refers to usbd_core.o(i.USBD_RunTestMode) for USBD_RunTestMode
    usbd_core.o(i.USBD_LL_DataOutStage) refers to usbd_ioreq.o(i.USBD_CtlContinueRx) for USBD_CtlContinueRx
    usbd_core.o(i.USBD_LL_DataOutStage) refers to usbd_ioreq.o(i.USBD_CtlSendStatus) for USBD_CtlSendStatus
    usbd_core.o(i.USBD_LL_DataOutStage) refers to usbd_conf_template.o(i.USBD_LL_StallEP) for USBD_LL_StallEP
    usbd_core.o(i.USBD_LL_Reset) refers to usbd_conf_template.o(i.USBD_LL_OpenEP) for USBD_LL_OpenEP
    usbd_core.o(i.USBD_LL_SetupStage) refers to usbd_ctlreq.o(i.USBD_ParseSetupRequest) for USBD_ParseSetupRequest
    usbd_core.o(i.USBD_LL_SetupStage) refers to usbd_ctlreq.o(i.USBD_StdDevReq) for USBD_StdDevReq
    usbd_core.o(i.USBD_LL_SetupStage) refers to usbd_ctlreq.o(i.USBD_StdItfReq) for USBD_StdItfReq
    usbd_core.o(i.USBD_LL_SetupStage) refers to usbd_ctlreq.o(i.USBD_StdEPReq) for USBD_StdEPReq
    usbd_core.o(i.USBD_LL_SetupStage) refers to usbd_conf_template.o(i.USBD_LL_StallEP) for USBD_LL_StallEP
    usbd_core.o(i.USBD_RegisterClass) refers to printfb.o(i.__0printf$bare) for __2printf
    usbd_core.o(i.USBD_Start) refers to usbd_conf_template.o(i.USBD_LL_Start) for USBD_LL_Start
    usbd_core.o(i.USBD_Stop) refers to usbd_conf_template.o(i.USBD_LL_Stop) for USBD_LL_Stop
    usbd_ctlreq.o(i.USBD_ClrFeature) refers to usbd_ioreq.o(i.USBD_CtlSendStatus) for USBD_CtlSendStatus
    usbd_ctlreq.o(i.USBD_ClrFeature) refers to usbd_ctlreq.o(i.USBD_CtlError) for USBD_CtlError
    usbd_ctlreq.o(i.USBD_CtlError) refers to usbd_conf_template.o(i.USBD_LL_StallEP) for USBD_LL_StallEP
    usbd_ctlreq.o(i.USBD_GetConfig) refers to usbd_ctlreq.o(i.USBD_CtlError) for USBD_CtlError
    usbd_ctlreq.o(i.USBD_GetConfig) refers to usbd_ioreq.o(i.USBD_CtlSendData) for USBD_CtlSendData
    usbd_ctlreq.o(i.USBD_GetDescriptor) refers to usbd_ctlreq.o(i.USBD_CtlError) for USBD_CtlError
    usbd_ctlreq.o(i.USBD_GetDescriptor) refers to usbd_ioreq.o(i.USBD_CtlSendData) for USBD_CtlSendData
    usbd_ctlreq.o(i.USBD_GetDescriptor) refers to usbd_ioreq.o(i.USBD_CtlSendStatus) for USBD_CtlSendStatus
    usbd_ctlreq.o(i.USBD_GetStatus) refers to usbd_ctlreq.o(i.USBD_CtlError) for USBD_CtlError
    usbd_ctlreq.o(i.USBD_GetStatus) refers to usbd_ioreq.o(i.USBD_CtlSendData) for USBD_CtlSendData
    usbd_ctlreq.o(i.USBD_GetString) refers to usbd_ctlreq.o(i.USBD_GetLen) for USBD_GetLen
    usbd_ctlreq.o(i.USBD_SetAddress) refers to usbd_ctlreq.o(i.USBD_CtlError) for USBD_CtlError
    usbd_ctlreq.o(i.USBD_SetAddress) refers to usbd_conf_template.o(i.USBD_LL_SetUSBAddress) for USBD_LL_SetUSBAddress
    usbd_ctlreq.o(i.USBD_SetAddress) refers to usbd_ioreq.o(i.USBD_CtlSendStatus) for USBD_CtlSendStatus
    usbd_ctlreq.o(i.USBD_SetConfig) refers to usbd_ctlreq.o(i.USBD_CtlError) for USBD_CtlError
    usbd_ctlreq.o(i.USBD_SetConfig) refers to usbd_core.o(i.USBD_SetClassConfig) for USBD_SetClassConfig
    usbd_ctlreq.o(i.USBD_SetConfig) refers to usbd_ioreq.o(i.USBD_CtlSendStatus) for USBD_CtlSendStatus
    usbd_ctlreq.o(i.USBD_SetConfig) refers to usbd_core.o(i.USBD_ClrClassConfig) for USBD_ClrClassConfig
    usbd_ctlreq.o(i.USBD_SetConfig) refers to usbd_ctlreq.o(.data) for cfgidx
    usbd_ctlreq.o(i.USBD_SetFeature) refers to usbd_ioreq.o(i.USBD_CtlSendStatus) for USBD_CtlSendStatus
    usbd_ctlreq.o(i.USBD_StdDevReq) refers to usbd_ctlreq.o(i.USBD_GetDescriptor) for USBD_GetDescriptor
    usbd_ctlreq.o(i.USBD_StdDevReq) refers to usbd_ctlreq.o(i.USBD_SetAddress) for USBD_SetAddress
    usbd_ctlreq.o(i.USBD_StdDevReq) refers to usbd_ctlreq.o(i.USBD_SetConfig) for USBD_SetConfig
    usbd_ctlreq.o(i.USBD_StdDevReq) refers to usbd_ctlreq.o(i.USBD_GetConfig) for USBD_GetConfig
    usbd_ctlreq.o(i.USBD_StdDevReq) refers to usbd_ctlreq.o(i.USBD_GetStatus) for USBD_GetStatus
    usbd_ctlreq.o(i.USBD_StdDevReq) refers to usbd_ctlreq.o(i.USBD_SetFeature) for USBD_SetFeature
    usbd_ctlreq.o(i.USBD_StdDevReq) refers to usbd_ctlreq.o(i.USBD_ClrFeature) for USBD_ClrFeature
    usbd_ctlreq.o(i.USBD_StdDevReq) refers to usbd_ctlreq.o(i.USBD_CtlError) for USBD_CtlError
    usbd_ctlreq.o(i.USBD_StdEPReq) refers to usbd_conf_template.o(i.USBD_LL_StallEP) for USBD_LL_StallEP
    usbd_ctlreq.o(i.USBD_StdEPReq) refers to usbd_ctlreq.o(i.USBD_CtlError) for USBD_CtlError
    usbd_ctlreq.o(i.USBD_StdEPReq) refers to usbd_ioreq.o(i.USBD_CtlSendStatus) for USBD_CtlSendStatus
    usbd_ctlreq.o(i.USBD_StdEPReq) refers to usbd_conf_template.o(i.USBD_LL_ClearStallEP) for USBD_LL_ClearStallEP
    usbd_ctlreq.o(i.USBD_StdEPReq) refers to usbd_ioreq.o(i.USBD_CtlSendData) for USBD_CtlSendData
    usbd_ctlreq.o(i.USBD_StdEPReq) refers to usbd_conf_template.o(i.USBD_LL_IsStallEP) for USBD_LL_IsStallEP
    usbd_ctlreq.o(i.USBD_StdItfReq) refers to usbd_ioreq.o(i.USBD_CtlSendStatus) for USBD_CtlSendStatus
    usbd_ctlreq.o(i.USBD_StdItfReq) refers to usbd_ctlreq.o(i.USBD_CtlError) for USBD_CtlError
    usbd_ioreq.o(i.USBD_CtlContinueRx) refers to usbd_conf_template.o(i.USBD_LL_PrepareReceive) for USBD_LL_PrepareReceive
    usbd_ioreq.o(i.USBD_CtlContinueSendData) refers to usbd_conf_template.o(i.USBD_LL_Transmit) for USBD_LL_Transmit
    usbd_ioreq.o(i.USBD_CtlPrepareRx) refers to usbd_conf_template.o(i.USBD_LL_PrepareReceive) for USBD_LL_PrepareReceive
    usbd_ioreq.o(i.USBD_CtlReceiveStatus) refers to usbd_conf_template.o(i.USBD_LL_PrepareReceive) for USBD_LL_PrepareReceive
    usbd_ioreq.o(i.USBD_CtlSendData) refers to usbd_conf_template.o(i.USBD_LL_Transmit) for USBD_LL_Transmit
    usbd_ioreq.o(i.USBD_CtlSendStatus) refers to usbd_conf_template.o(i.USBD_LL_Transmit) for USBD_LL_Transmit
    usbd_ioreq.o(i.USBD_GetRxCount) refers to usbd_conf_template.o(i.USBD_LL_GetRxDataSize) for USBD_LL_GetRxDataSize
    usbd_msc.o(i.USBD_MSC_DataIn) refers to usbd_msc_bot.o(i.MSC_BOT_DataIn) for MSC_BOT_DataIn
    usbd_msc.o(i.USBD_MSC_DataOut) refers to usbd_msc_bot.o(i.MSC_BOT_DataOut) for MSC_BOT_DataOut
    usbd_msc.o(i.USBD_MSC_DeInit) refers to usbd_conf_template.o(i.USBD_LL_CloseEP) for USBD_LL_CloseEP
    usbd_msc.o(i.USBD_MSC_DeInit) refers to usbd_msc_bot.o(i.MSC_BOT_DeInit) for MSC_BOT_DeInit
    usbd_msc.o(i.USBD_MSC_DeInit) refers to malloc.o(i.free) for free
    usbd_msc.o(i.USBD_MSC_GetDeviceQualifierDescriptor) refers to usbd_msc.o(.data) for USBD_MSC_DeviceQualifierDesc
    usbd_msc.o(i.USBD_MSC_GetFSCfgDesc) refers to usbd_msc.o(.data) for USBD_MSC_CfgFSDesc
    usbd_msc.o(i.USBD_MSC_GetHSCfgDesc) refers to usbd_msc.o(.data) for USBD_MSC_CfgHSDesc
    usbd_msc.o(i.USBD_MSC_GetOtherSpeedCfgDesc) refers to usbd_msc.o(.data) for USBD_MSC_OtherSpeedCfgDesc
    usbd_msc.o(i.USBD_MSC_Init) refers to usbd_conf_template.o(i.USBD_LL_OpenEP) for USBD_LL_OpenEP
    usbd_msc.o(i.USBD_MSC_Init) refers to malloc.o(i.malloc) for malloc
    usbd_msc.o(i.USBD_MSC_Init) refers to usbd_msc_bot.o(i.MSC_BOT_Init) for MSC_BOT_Init
    usbd_msc.o(i.USBD_MSC_Setup) refers to usbd_ioreq.o(i.USBD_CtlSendData) for USBD_CtlSendData
    usbd_msc.o(i.USBD_MSC_Setup) refers to usbd_ctlreq.o(i.USBD_CtlError) for USBD_CtlError
    usbd_msc.o(i.USBD_MSC_Setup) refers to usbd_msc_bot.o(i.MSC_BOT_Reset) for MSC_BOT_Reset
    usbd_msc.o(i.USBD_MSC_Setup) refers to usbd_conf_template.o(i.USBD_LL_FlushEP) for USBD_LL_FlushEP
    usbd_msc.o(i.USBD_MSC_Setup) refers to usbd_conf_template.o(i.USBD_LL_CloseEP) for USBD_LL_CloseEP
    usbd_msc.o(i.USBD_MSC_Setup) refers to usbd_conf_template.o(i.USBD_LL_OpenEP) for USBD_LL_OpenEP
    usbd_msc.o(i.USBD_MSC_Setup) refers to usbd_msc_bot.o(i.MSC_BOT_CplClrFeature) for MSC_BOT_CplClrFeature
    usbd_msc.o(.data) refers to usbd_msc.o(i.USBD_MSC_Init) for USBD_MSC_Init
    usbd_msc.o(.data) refers to usbd_msc.o(i.USBD_MSC_DeInit) for USBD_MSC_DeInit
    usbd_msc.o(.data) refers to usbd_msc.o(i.USBD_MSC_Setup) for USBD_MSC_Setup
    usbd_msc.o(.data) refers to usbd_msc.o(i.USBD_MSC_DataIn) for USBD_MSC_DataIn
    usbd_msc.o(.data) refers to usbd_msc.o(i.USBD_MSC_DataOut) for USBD_MSC_DataOut
    usbd_msc.o(.data) refers to usbd_msc.o(i.USBD_MSC_GetHSCfgDesc) for USBD_MSC_GetHSCfgDesc
    usbd_msc.o(.data) refers to usbd_msc.o(i.USBD_MSC_GetFSCfgDesc) for USBD_MSC_GetFSCfgDesc
    usbd_msc.o(.data) refers to usbd_msc.o(i.USBD_MSC_GetOtherSpeedCfgDesc) for USBD_MSC_GetOtherSpeedCfgDesc
    usbd_msc.o(.data) refers to usbd_msc.o(i.USBD_MSC_GetDeviceQualifierDescriptor) for USBD_MSC_GetDeviceQualifierDescriptor
    usbd_msc_bot.o(i.MSC_BOT_Abort) refers to usbd_conf_template.o(i.USBD_LL_StallEP) for USBD_LL_StallEP
    usbd_msc_bot.o(i.MSC_BOT_Abort) refers to usbd_conf_template.o(i.USBD_LL_PrepareReceive) for USBD_LL_PrepareReceive
    usbd_msc_bot.o(i.MSC_BOT_CBW_Decode) refers to usbd_conf_template.o(i.USBD_LL_GetRxDataSize) for USBD_LL_GetRxDataSize
    usbd_msc_bot.o(i.MSC_BOT_CBW_Decode) refers to usbd_msc_scsi.o(i.SCSI_SenseCode) for SCSI_SenseCode
    usbd_msc_bot.o(i.MSC_BOT_CBW_Decode) refers to usbd_msc_bot.o(i.MSC_BOT_Abort) for MSC_BOT_Abort
    usbd_msc_bot.o(i.MSC_BOT_CBW_Decode) refers to usbd_msc_scsi.o(i.SCSI_ProcessCmd) for SCSI_ProcessCmd
    usbd_msc_bot.o(i.MSC_BOT_CBW_Decode) refers to usbd_msc_bot.o(i.MSC_BOT_SendCSW) for MSC_BOT_SendCSW
    usbd_msc_bot.o(i.MSC_BOT_CBW_Decode) refers to usbd_msc_bot.o(i.MSC_BOT_SendData) for MSC_BOT_SendData
    usbd_msc_bot.o(i.MSC_BOT_CplClrFeature) refers to usbd_conf_template.o(i.USBD_LL_StallEP) for USBD_LL_StallEP
    usbd_msc_bot.o(i.MSC_BOT_CplClrFeature) refers to usbd_msc_bot.o(i.MSC_BOT_SendCSW) for MSC_BOT_SendCSW
    usbd_msc_bot.o(i.MSC_BOT_DataIn) refers to usbd_msc_scsi.o(i.SCSI_ProcessCmd) for SCSI_ProcessCmd
    usbd_msc_bot.o(i.MSC_BOT_DataIn) refers to usbd_msc_bot.o(i.MSC_BOT_SendCSW) for MSC_BOT_SendCSW
    usbd_msc_bot.o(i.MSC_BOT_DataOut) refers to usbd_msc_bot.o(i.MSC_BOT_CBW_Decode) for MSC_BOT_CBW_Decode
    usbd_msc_bot.o(i.MSC_BOT_DataOut) refers to usbd_msc_scsi.o(i.SCSI_ProcessCmd) for SCSI_ProcessCmd
    usbd_msc_bot.o(i.MSC_BOT_DataOut) refers to usbd_msc_bot.o(i.MSC_BOT_SendCSW) for MSC_BOT_SendCSW
    usbd_msc_bot.o(i.MSC_BOT_Init) refers to usbd_conf_template.o(i.USBD_LL_FlushEP) for USBD_LL_FlushEP
    usbd_msc_bot.o(i.MSC_BOT_Init) refers to usbd_conf_template.o(i.USBD_LL_PrepareReceive) for USBD_LL_PrepareReceive
    usbd_msc_bot.o(i.MSC_BOT_Reset) refers to usbd_conf_template.o(i.USBD_LL_PrepareReceive) for USBD_LL_PrepareReceive
    usbd_msc_bot.o(i.MSC_BOT_SendCSW) refers to usbd_conf_template.o(i.USBD_LL_Transmit) for USBD_LL_Transmit
    usbd_msc_bot.o(i.MSC_BOT_SendCSW) refers to usbd_conf_template.o(i.USBD_LL_PrepareReceive) for USBD_LL_PrepareReceive
    usbd_msc_bot.o(i.MSC_BOT_SendData) refers to usbd_conf_template.o(i.USBD_LL_Transmit) for USBD_LL_Transmit
    usbd_msc_scsi.o(i.SCSI_CheckAddressRange) refers to usbd_msc_scsi.o(i.SCSI_SenseCode) for SCSI_SenseCode
    usbd_msc_scsi.o(i.SCSI_Inquiry) refers to usbd_msc_data.o(.constdata) for MSC_Page00_Inquiry_Data
    usbd_msc_scsi.o(i.SCSI_ModeSense10) refers to usbd_msc_data.o(.constdata) for MSC_Mode_Sense10_data
    usbd_msc_scsi.o(i.SCSI_ModeSense6) refers to usbd_msc_data.o(.constdata) for MSC_Mode_Sense6_data
    usbd_msc_scsi.o(i.SCSI_ProcessCmd) refers to usbd_msc_scsi.o(i.SCSI_TestUnitReady) for SCSI_TestUnitReady
    usbd_msc_scsi.o(i.SCSI_ProcessCmd) refers to usbd_msc_scsi.o(i.SCSI_RequestSense) for SCSI_RequestSense
    usbd_msc_scsi.o(i.SCSI_ProcessCmd) refers to usbd_msc_scsi.o(i.SCSI_Inquiry) for SCSI_Inquiry
    usbd_msc_scsi.o(i.SCSI_ProcessCmd) refers to usbd_msc_scsi.o(i.SCSI_StartStopUnit) for SCSI_StartStopUnit
    usbd_msc_scsi.o(i.SCSI_ProcessCmd) refers to usbd_msc_scsi.o(i.SCSI_ModeSense6) for SCSI_ModeSense6
    usbd_msc_scsi.o(i.SCSI_ProcessCmd) refers to usbd_msc_scsi.o(i.SCSI_ModeSense10) for SCSI_ModeSense10
    usbd_msc_scsi.o(i.SCSI_ProcessCmd) refers to usbd_msc_scsi.o(i.SCSI_ReadFormatCapacity) for SCSI_ReadFormatCapacity
    usbd_msc_scsi.o(i.SCSI_ProcessCmd) refers to usbd_msc_scsi.o(i.SCSI_ReadCapacity10) for SCSI_ReadCapacity10
    usbd_msc_scsi.o(i.SCSI_ProcessCmd) refers to usbd_msc_scsi.o(i.SCSI_Read10) for SCSI_Read10
    usbd_msc_scsi.o(i.SCSI_ProcessCmd) refers to usbd_msc_scsi.o(i.SCSI_Write10) for SCSI_Write10
    usbd_msc_scsi.o(i.SCSI_ProcessCmd) refers to usbd_msc_scsi.o(i.SCSI_Verify10) for SCSI_Verify10
    usbd_msc_scsi.o(i.SCSI_ProcessCmd) refers to usbd_msc_scsi.o(i.SCSI_SenseCode) for SCSI_SenseCode
    usbd_msc_scsi.o(i.SCSI_ProcessRead) refers to usbd_msc_scsi.o(i.SCSI_SenseCode) for SCSI_SenseCode
    usbd_msc_scsi.o(i.SCSI_ProcessRead) refers to usbd_conf_template.o(i.USBD_LL_Transmit) for USBD_LL_Transmit
    usbd_msc_scsi.o(i.SCSI_ProcessWrite) refers to usbd_msc_scsi.o(i.SCSI_SenseCode) for SCSI_SenseCode
    usbd_msc_scsi.o(i.SCSI_ProcessWrite) refers to usbd_msc_bot.o(i.MSC_BOT_SendCSW) for MSC_BOT_SendCSW
    usbd_msc_scsi.o(i.SCSI_ProcessWrite) refers to usbd_conf_template.o(i.USBD_LL_PrepareReceive) for USBD_LL_PrepareReceive
    usbd_msc_scsi.o(i.SCSI_Read10) refers to usbd_msc_scsi.o(i.SCSI_SenseCode) for SCSI_SenseCode
    usbd_msc_scsi.o(i.SCSI_Read10) refers to usbd_msc_scsi.o(i.SCSI_CheckAddressRange) for SCSI_CheckAddressRange
    usbd_msc_scsi.o(i.SCSI_Read10) refers to usbd_msc_scsi.o(i.SCSI_ProcessRead) for SCSI_ProcessRead
    usbd_msc_scsi.o(i.SCSI_ReadCapacity10) refers to usbd_msc_scsi.o(i.SCSI_SenseCode) for SCSI_SenseCode
    usbd_msc_scsi.o(i.SCSI_ReadFormatCapacity) refers to usbd_msc_scsi.o(i.SCSI_SenseCode) for SCSI_SenseCode
    usbd_msc_scsi.o(i.SCSI_TestUnitReady) refers to usbd_msc_scsi.o(i.SCSI_SenseCode) for SCSI_SenseCode
    usbd_msc_scsi.o(i.SCSI_Verify10) refers to usbd_msc_scsi.o(i.SCSI_SenseCode) for SCSI_SenseCode
    usbd_msc_scsi.o(i.SCSI_Verify10) refers to usbd_msc_scsi.o(i.SCSI_CheckAddressRange) for SCSI_CheckAddressRange
    usbd_msc_scsi.o(i.SCSI_Write10) refers to usbd_msc_scsi.o(i.SCSI_SenseCode) for SCSI_SenseCode
    usbd_msc_scsi.o(i.SCSI_Write10) refers to usbd_msc_scsi.o(i.SCSI_CheckAddressRange) for SCSI_CheckAddressRange
    usbd_msc_scsi.o(i.SCSI_Write10) refers to usbd_conf_template.o(i.USBD_LL_PrepareReceive) for USBD_LL_PrepareReceive
    usbd_msc_scsi.o(i.SCSI_Write10) refers to usbd_msc_scsi.o(i.SCSI_ProcessWrite) for SCSI_ProcessWrite
    usbd_desc_template.o(i.Get_SerialNum) refers to usbd_desc_template.o(i.IntToUnicode) for IntToUnicode
    usbd_desc_template.o(i.Get_SerialNum) refers to usbd_desc_template.o(.data) for USBD_StringSerial
    usbd_desc_template.o(i.USBD_Class_ConfigStrDescriptor) refers to usbd_ctlreq.o(i.USBD_GetString) for USBD_GetString
    usbd_desc_template.o(i.USBD_Class_ConfigStrDescriptor) refers to usbd_desc_template.o(.bss) for USBD_StrDesc
    usbd_desc_template.o(i.USBD_Class_DeviceDescriptor) refers to usbd_desc_template.o(.data) for USBD_DeviceDesc
    usbd_desc_template.o(i.USBD_Class_InterfaceStrDescriptor) refers to usbd_ctlreq.o(i.USBD_GetString) for USBD_GetString
    usbd_desc_template.o(i.USBD_Class_InterfaceStrDescriptor) refers to usbd_desc_template.o(.bss) for USBD_StrDesc
    usbd_desc_template.o(i.USBD_Class_LangIDStrDescriptor) refers to usbd_desc_template.o(.data) for USBD_LangIDDesc
    usbd_desc_template.o(i.USBD_Class_ManufacturerStrDescriptor) refers to usbd_ctlreq.o(i.USBD_GetString) for USBD_GetString
    usbd_desc_template.o(i.USBD_Class_ManufacturerStrDescriptor) refers to usbd_desc_template.o(.bss) for USBD_StrDesc
    usbd_desc_template.o(i.USBD_Class_ProductStrDescriptor) refers to usbd_ctlreq.o(i.USBD_GetString) for USBD_GetString
    usbd_desc_template.o(i.USBD_Class_ProductStrDescriptor) refers to usbd_desc_template.o(.bss) for USBD_StrDesc
    usbd_desc_template.o(i.USBD_Class_SerialStrDescriptor) refers to usbd_desc_template.o(i.Get_SerialNum) for Get_SerialNum
    usbd_desc_template.o(i.USBD_Class_SerialStrDescriptor) refers to usbd_desc_template.o(.data) for USBD_StringSerial
    usbd_desc_template.o(.data) refers to usbd_desc_template.o(i.USBD_Class_DeviceDescriptor) for USBD_Class_DeviceDescriptor
    usbd_desc_template.o(.data) refers to usbd_desc_template.o(i.USBD_Class_LangIDStrDescriptor) for USBD_Class_LangIDStrDescriptor
    usbd_desc_template.o(.data) refers to usbd_desc_template.o(i.USBD_Class_ManufacturerStrDescriptor) for USBD_Class_ManufacturerStrDescriptor
    usbd_desc_template.o(.data) refers to usbd_desc_template.o(i.USBD_Class_ProductStrDescriptor) for USBD_Class_ProductStrDescriptor
    usbd_desc_template.o(.data) refers to usbd_desc_template.o(i.USBD_Class_SerialStrDescriptor) for USBD_Class_SerialStrDescriptor
    usbd_desc_template.o(.data) refers to usbd_desc_template.o(i.USBD_Class_ConfigStrDescriptor) for USBD_Class_ConfigStrDescriptor
    usbd_desc_template.o(.data) refers to usbd_desc_template.o(i.USBD_Class_InterfaceStrDescriptor) for USBD_Class_InterfaceStrDescriptor
    usbd_template.o(i.USBD_TEMPLATE_DeviceQualifierDescriptor) refers to usbd_template.o(.data) for USBD_TEMPLATE_DeviceQualifierDesc
    usbd_template.o(i.USBD_TEMPLATE_GetCfgDesc) refers to usbd_template.o(.data) for USBD_TEMPLATE_CfgDesc
    usbd_template.o(i.USBD_TEMPLATE_GetDeviceQualifierDesc) refers to usbd_template.o(.data) for USBD_TEMPLATE_DeviceQualifierDesc
    usbd_template.o(i.USBD_TEMPLATE_Setup) refers to usbd_ctlreq.o(i.USBD_CtlError) for USBD_CtlError
    usbd_template.o(.data) refers to usbd_template.o(i.USBD_TEMPLATE_Init) for USBD_TEMPLATE_Init
    usbd_template.o(.data) refers to usbd_template.o(i.USBD_TEMPLATE_DeInit) for USBD_TEMPLATE_DeInit
    usbd_template.o(.data) refers to usbd_template.o(i.USBD_TEMPLATE_Setup) for USBD_TEMPLATE_Setup
    usbd_template.o(.data) refers to usbd_template.o(i.USBD_TEMPLATE_EP0_TxReady) for USBD_TEMPLATE_EP0_TxReady
    usbd_template.o(.data) refers to usbd_template.o(i.USBD_TEMPLATE_EP0_RxReady) for USBD_TEMPLATE_EP0_RxReady
    usbd_template.o(.data) refers to usbd_template.o(i.USBD_TEMPLATE_DataIn) for USBD_TEMPLATE_DataIn
    usbd_template.o(.data) refers to usbd_template.o(i.USBD_TEMPLATE_DataOut) for USBD_TEMPLATE_DataOut
    usbd_template.o(.data) refers to usbd_template.o(i.USBD_TEMPLATE_SOF) for USBD_TEMPLATE_SOF
    usbd_template.o(.data) refers to usbd_template.o(i.USBD_TEMPLATE_IsoINIncomplete) for USBD_TEMPLATE_IsoINIncomplete
    usbd_template.o(.data) refers to usbd_template.o(i.USBD_TEMPLATE_IsoOutIncomplete) for USBD_TEMPLATE_IsoOutIncomplete
    usbd_template.o(.data) refers to usbd_template.o(i.USBD_TEMPLATE_GetCfgDesc) for USBD_TEMPLATE_GetCfgDesc
    usbd_template.o(.data) refers to usbd_template.o(i.USBD_TEMPLATE_GetDeviceQualifierDesc) for USBD_TEMPLATE_GetDeviceQualifierDesc
    usbd_msc_storage_template.o(.data) refers to usbd_msc_storage_template.o(i.STORAGE_Init) for STORAGE_Init
    usbd_msc_storage_template.o(.data) refers to usbd_msc_storage_template.o(i.STORAGE_GetCapacity) for STORAGE_GetCapacity
    usbd_msc_storage_template.o(.data) refers to usbd_msc_storage_template.o(i.STORAGE_IsReady) for STORAGE_IsReady
    usbd_msc_storage_template.o(.data) refers to usbd_msc_storage_template.o(i.STORAGE_IsWriteProtected) for STORAGE_IsWriteProtected
    usbd_msc_storage_template.o(.data) refers to usbd_msc_storage_template.o(i.STORAGE_Read) for STORAGE_Read
    usbd_msc_storage_template.o(.data) refers to usbd_msc_storage_template.o(i.STORAGE_Write) for STORAGE_Write
    usbd_msc_storage_template.o(.data) refers to usbd_msc_storage_template.o(i.STORAGE_GetMaxLun) for STORAGE_GetMaxLun
    entry.o(.ARM.Collect$$$$00000000) refers (Special) to entry10a.o(.ARM.Collect$$$$0000000D) for __rt_final_cpp
    entry.o(.ARM.Collect$$$$00000000) refers (Special) to entry11a.o(.ARM.Collect$$$$0000000F) for __rt_final_exit
    entry.o(.ARM.Collect$$$$00000000) refers (Special) to entry7b.o(.ARM.Collect$$$$00000008) for _main_clock
    entry.o(.ARM.Collect$$$$00000000) refers (Special) to entry8b.o(.ARM.Collect$$$$0000000A) for _main_cpp_init
    entry.o(.ARM.Collect$$$$00000000) refers (Special) to entry9a.o(.ARM.Collect$$$$0000000B) for _main_init
    entry.o(.ARM.Collect$$$$00000000) refers (Special) to entry5.o(.ARM.Collect$$$$00000004) for _main_scatterload
    entry.o(.ARM.Collect$$$$00000000) refers (Special) to entry2.o(.ARM.Collect$$$$00000001) for _main_stk
    printfb.o(i.__0fprintf$bare) refers to printfb.o(i._printf_core) for _printf_core
    printfb.o(i.__0fprintf$bare) refers to usart.o(i.fputc) for fputc
    printfb.o(i.__0printf$bare) refers to printfb.o(i._printf_core) for _printf_core
    printfb.o(i.__0printf$bare) refers to usart.o(i.fputc) for fputc
    printfb.o(i.__0printf$bare) refers to stdout.o(.data) for __stdout
    printfb.o(i.__0snprintf$bare) refers to printfb.o(i._printf_core) for _printf_core
    printfb.o(i.__0snprintf$bare) refers to printfb.o(i._snputc) for _snputc
    printfb.o(i.__0sprintf$bare) refers to printfb.o(i._printf_core) for _printf_core
    printfb.o(i.__0sprintf$bare) refers to printfb.o(i._sputc) for _sputc
    printfb.o(i.__0vfprintf$bare) refers to printfb.o(i._printf_core) for _printf_core
    printfb.o(i.__0vfprintf$bare) refers to usart.o(i.fputc) for fputc
    printfb.o(i.__0vprintf$bare) refers to printfb.o(i._printf_core) for _printf_core
    printfb.o(i.__0vprintf$bare) refers to usart.o(i.fputc) for fputc
    printfb.o(i.__0vprintf$bare) refers to stdout.o(.data) for __stdout
    printfb.o(i.__0vsnprintf$bare) refers to printfb.o(i._printf_core) for _printf_core
    printfb.o(i.__0vsnprintf$bare) refers to printfb.o(i._snputc) for _snputc
    printfb.o(i.__0vsprintf$bare) refers to printfb.o(i._printf_core) for _printf_core
    printfb.o(i.__0vsprintf$bare) refers to printfb.o(i._sputc) for _sputc
    printf0.o(i.__0fprintf$0) refers to printf0.o(i._printf_core) for _printf_core
    printf0.o(i.__0fprintf$0) refers to usart.o(i.fputc) for fputc
    printf0.o(i.__0printf$0) refers to printf0.o(i._printf_core) for _printf_core
    printf0.o(i.__0printf$0) refers to usart.o(i.fputc) for fputc
    printf0.o(i.__0printf$0) refers to stdout.o(.data) for __stdout
    printf0.o(i.__0snprintf$0) refers to printf0.o(i._printf_core) for _printf_core
    printf0.o(i.__0snprintf$0) refers to printf0.o(i._snputc) for _snputc
    printf0.o(i.__0sprintf$0) refers to printf0.o(i._printf_core) for _printf_core
    printf0.o(i.__0sprintf$0) refers to printf0.o(i._sputc) for _sputc
    printf0.o(i.__0vfprintf$0) refers to printf0.o(i._printf_core) for _printf_core
    printf0.o(i.__0vfprintf$0) refers to usart.o(i.fputc) for fputc
    printf0.o(i.__0vprintf$0) refers to printf0.o(i._printf_core) for _printf_core
    printf0.o(i.__0vprintf$0) refers to usart.o(i.fputc) for fputc
    printf0.o(i.__0vprintf$0) refers to stdout.o(.data) for __stdout
    printf0.o(i.__0vsnprintf$0) refers to printf0.o(i._printf_core) for _printf_core
    printf0.o(i.__0vsnprintf$0) refers to printf0.o(i._snputc) for _snputc
    printf0.o(i.__0vsprintf$0) refers to printf0.o(i._printf_core) for _printf_core
    printf0.o(i.__0vsprintf$0) refers to printf0.o(i._sputc) for _sputc
    printf1.o(i.__0fprintf$1) refers to printf1.o(i._printf_core) for _printf_core
    printf1.o(i.__0fprintf$1) refers to usart.o(i.fputc) for fputc
    printf1.o(i.__0printf$1) refers to printf1.o(i._printf_core) for _printf_core
    printf1.o(i.__0printf$1) refers to usart.o(i.fputc) for fputc
    printf1.o(i.__0printf$1) refers to stdout.o(.data) for __stdout
    printf1.o(i.__0snprintf$1) refers to printf1.o(i._printf_core) for _printf_core
    printf1.o(i.__0snprintf$1) refers to printf1.o(i._snputc) for _snputc
    printf1.o(i.__0sprintf$1) refers to printf1.o(i._printf_core) for _printf_core
    printf1.o(i.__0sprintf$1) refers to printf1.o(i._sputc) for _sputc
    printf1.o(i.__0vfprintf$1) refers to printf1.o(i._printf_core) for _printf_core
    printf1.o(i.__0vfprintf$1) refers to usart.o(i.fputc) for fputc
    printf1.o(i.__0vprintf$1) refers to printf1.o(i._printf_core) for _printf_core
    printf1.o(i.__0vprintf$1) refers to usart.o(i.fputc) for fputc
    printf1.o(i.__0vprintf$1) refers to stdout.o(.data) for __stdout
    printf1.o(i.__0vsnprintf$1) refers to printf1.o(i._printf_core) for _printf_core
    printf1.o(i.__0vsnprintf$1) refers to printf1.o(i._snputc) for _snputc
    printf1.o(i.__0vsprintf$1) refers to printf1.o(i._printf_core) for _printf_core
    printf1.o(i.__0vsprintf$1) refers to printf1.o(i._sputc) for _sputc
    printf1.o(i._printf_core) refers to uidiv.o(.text) for __aeabi_uidivmod
    printf2.o(i.__0fprintf$2) refers to printf2.o(i._printf_core) for _printf_core
    printf2.o(i.__0fprintf$2) refers to usart.o(i.fputc) for fputc
    printf2.o(i.__0printf$2) refers to printf2.o(i._printf_core) for _printf_core
    printf2.o(i.__0printf$2) refers to usart.o(i.fputc) for fputc
    printf2.o(i.__0printf$2) refers to stdout.o(.data) for __stdout
    printf2.o(i.__0snprintf$2) refers to printf2.o(i._printf_core) for _printf_core
    printf2.o(i.__0snprintf$2) refers to printf2.o(i._snputc) for _snputc
    printf2.o(i.__0sprintf$2) refers to printf2.o(i._printf_core) for _printf_core
    printf2.o(i.__0sprintf$2) refers to printf2.o(i._sputc) for _sputc
    printf2.o(i.__0vfprintf$2) refers to printf2.o(i._printf_core) for _printf_core
    printf2.o(i.__0vfprintf$2) refers to usart.o(i.fputc) for fputc
    printf2.o(i.__0vprintf$2) refers to printf2.o(i._printf_core) for _printf_core
    printf2.o(i.__0vprintf$2) refers to usart.o(i.fputc) for fputc
    printf2.o(i.__0vprintf$2) refers to stdout.o(.data) for __stdout
    printf2.o(i.__0vsnprintf$2) refers to printf2.o(i._printf_core) for _printf_core
    printf2.o(i.__0vsnprintf$2) refers to printf2.o(i._snputc) for _snputc
    printf2.o(i.__0vsprintf$2) refers to printf2.o(i._printf_core) for _printf_core
    printf2.o(i.__0vsprintf$2) refers to printf2.o(i._sputc) for _sputc
    printf3.o(i.__0fprintf$3) refers to printf3.o(i._printf_core) for _printf_core
    printf3.o(i.__0fprintf$3) refers to usart.o(i.fputc) for fputc
    printf3.o(i.__0printf$3) refers to printf3.o(i._printf_core) for _printf_core
    printf3.o(i.__0printf$3) refers to usart.o(i.fputc) for fputc
    printf3.o(i.__0printf$3) refers to stdout.o(.data) for __stdout
    printf3.o(i.__0snprintf$3) refers to printf3.o(i._printf_core) for _printf_core
    printf3.o(i.__0snprintf$3) refers to printf3.o(i._snputc) for _snputc
    printf3.o(i.__0sprintf$3) refers to printf3.o(i._printf_core) for _printf_core
    printf3.o(i.__0sprintf$3) refers to printf3.o(i._sputc) for _sputc
    printf3.o(i.__0vfprintf$3) refers to printf3.o(i._printf_core) for _printf_core
    printf3.o(i.__0vfprintf$3) refers to usart.o(i.fputc) for fputc
    printf3.o(i.__0vprintf$3) refers to printf3.o(i._printf_core) for _printf_core
    printf3.o(i.__0vprintf$3) refers to usart.o(i.fputc) for fputc
    printf3.o(i.__0vprintf$3) refers to stdout.o(.data) for __stdout
    printf3.o(i.__0vsnprintf$3) refers to printf3.o(i._printf_core) for _printf_core
    printf3.o(i.__0vsnprintf$3) refers to printf3.o(i._snputc) for _snputc
    printf3.o(i.__0vsprintf$3) refers to printf3.o(i._printf_core) for _printf_core
    printf3.o(i.__0vsprintf$3) refers to printf3.o(i._sputc) for _sputc
    printf3.o(i._printf_core) refers to uidiv.o(.text) for __aeabi_uidivmod
    printf4.o(i.__0fprintf$4) refers to printf4.o(i._printf_core) for _printf_core
    printf4.o(i.__0fprintf$4) refers to usart.o(i.fputc) for fputc
    printf4.o(i.__0printf$4) refers to printf4.o(i._printf_core) for _printf_core
    printf4.o(i.__0printf$4) refers to usart.o(i.fputc) for fputc
    printf4.o(i.__0printf$4) refers to stdout.o(.data) for __stdout
    printf4.o(i.__0snprintf$4) refers to printf4.o(i._printf_core) for _printf_core
    printf4.o(i.__0snprintf$4) refers to printf4.o(i._snputc) for _snputc
    printf4.o(i.__0sprintf$4) refers to printf4.o(i._printf_core) for _printf_core
    printf4.o(i.__0sprintf$4) refers to printf4.o(i._sputc) for _sputc
    printf4.o(i.__0vfprintf$4) refers to printf4.o(i._printf_core) for _printf_core
    printf4.o(i.__0vfprintf$4) refers to usart.o(i.fputc) for fputc
    printf4.o(i.__0vprintf$4) refers to printf4.o(i._printf_core) for _printf_core
    printf4.o(i.__0vprintf$4) refers to usart.o(i.fputc) for fputc
    printf4.o(i.__0vprintf$4) refers to stdout.o(.data) for __stdout
    printf4.o(i.__0vsnprintf$4) refers to printf4.o(i._printf_core) for _printf_core
    printf4.o(i.__0vsnprintf$4) refers to printf4.o(i._snputc) for _snputc
    printf4.o(i.__0vsprintf$4) refers to printf4.o(i._printf_core) for _printf_core
    printf4.o(i.__0vsprintf$4) refers to printf4.o(i._sputc) for _sputc
    printf4.o(i._printf_core) refers to uldiv.o(.text) for __aeabi_uldivmod
    printf5.o(i.__0fprintf$5) refers to printf5.o(i._printf_core) for _printf_core
    printf5.o(i.__0fprintf$5) refers to usart.o(i.fputc) for fputc
    printf5.o(i.__0printf$5) refers to printf5.o(i._printf_core) for _printf_core
    printf5.o(i.__0printf$5) refers to usart.o(i.fputc) for fputc
    printf5.o(i.__0printf$5) refers to stdout.o(.data) for __stdout
    printf5.o(i.__0snprintf$5) refers to printf5.o(i._printf_core) for _printf_core
    printf5.o(i.__0snprintf$5) refers to printf5.o(i._snputc) for _snputc
    printf5.o(i.__0sprintf$5) refers to printf5.o(i._printf_core) for _printf_core
    printf5.o(i.__0sprintf$5) refers to printf5.o(i._sputc) for _sputc
    printf5.o(i.__0vfprintf$5) refers to printf5.o(i._printf_core) for _printf_core
    printf5.o(i.__0vfprintf$5) refers to usart.o(i.fputc) for fputc
    printf5.o(i.__0vprintf$5) refers to printf5.o(i._printf_core) for _printf_core
    printf5.o(i.__0vprintf$5) refers to usart.o(i.fputc) for fputc
    printf5.o(i.__0vprintf$5) refers to stdout.o(.data) for __stdout
    printf5.o(i.__0vsnprintf$5) refers to printf5.o(i._printf_core) for _printf_core
    printf5.o(i.__0vsnprintf$5) refers to printf5.o(i._snputc) for _snputc
    printf5.o(i.__0vsprintf$5) refers to printf5.o(i._printf_core) for _printf_core
    printf5.o(i.__0vsprintf$5) refers to printf5.o(i._sputc) for _sputc
    printf5.o(i._printf_core) refers to uldiv.o(.text) for __aeabi_uldivmod
    printf6.o(i.__0fprintf$6) refers to printf6.o(i._printf_core) for _printf_core
    printf6.o(i.__0fprintf$6) refers to usart.o(i.fputc) for fputc
    printf6.o(i.__0printf$6) refers to printf6.o(i._printf_core) for _printf_core
    printf6.o(i.__0printf$6) refers to usart.o(i.fputc) for fputc
    printf6.o(i.__0printf$6) refers to stdout.o(.data) for __stdout
    printf6.o(i.__0snprintf$6) refers to printf6.o(i._printf_core) for _printf_core
    printf6.o(i.__0snprintf$6) refers to printf6.o(i._snputc) for _snputc
    printf6.o(i.__0sprintf$6) refers to printf6.o(i._printf_core) for _printf_core
    printf6.o(i.__0sprintf$6) refers to printf6.o(i._sputc) for _sputc
    printf6.o(i.__0vfprintf$6) refers to printf6.o(i._printf_core) for _printf_core
    printf6.o(i.__0vfprintf$6) refers to usart.o(i.fputc) for fputc
    printf6.o(i.__0vprintf$6) refers to printf6.o(i._printf_core) for _printf_core
    printf6.o(i.__0vprintf$6) refers to usart.o(i.fputc) for fputc
    printf6.o(i.__0vprintf$6) refers to stdout.o(.data) for __stdout
    printf6.o(i.__0vsnprintf$6) refers to printf6.o(i._printf_core) for _printf_core
    printf6.o(i.__0vsnprintf$6) refers to printf6.o(i._snputc) for _snputc
    printf6.o(i.__0vsprintf$6) refers to printf6.o(i._printf_core) for _printf_core
    printf6.o(i.__0vsprintf$6) refers to printf6.o(i._sputc) for _sputc
    printf6.o(i._printf_core) refers to printf6.o(i._printf_pre_padding) for _printf_pre_padding
    printf6.o(i._printf_core) refers to uidiv.o(.text) for __aeabi_uidivmod
    printf6.o(i._printf_core) refers to printf6.o(i._printf_post_padding) for _printf_post_padding
    printf7.o(i.__0fprintf$7) refers to printf7.o(i._printf_core) for _printf_core
    printf7.o(i.__0fprintf$7) refers to usart.o(i.fputc) for fputc
    printf7.o(i.__0printf$7) refers to printf7.o(i._printf_core) for _printf_core
    printf7.o(i.__0printf$7) refers to usart.o(i.fputc) for fputc
    printf7.o(i.__0printf$7) refers to stdout.o(.data) for __stdout
    printf7.o(i.__0snprintf$7) refers to printf7.o(i._printf_core) for _printf_core
    printf7.o(i.__0snprintf$7) refers to printf7.o(i._snputc) for _snputc
    printf7.o(i.__0sprintf$7) refers to printf7.o(i._printf_core) for _printf_core
    printf7.o(i.__0sprintf$7) refers to printf7.o(i._sputc) for _sputc
    printf7.o(i.__0vfprintf$7) refers to printf7.o(i._printf_core) for _printf_core
    printf7.o(i.__0vfprintf$7) refers to usart.o(i.fputc) for fputc
    printf7.o(i.__0vprintf$7) refers to printf7.o(i._printf_core) for _printf_core
    printf7.o(i.__0vprintf$7) refers to usart.o(i.fputc) for fputc
    printf7.o(i.__0vprintf$7) refers to stdout.o(.data) for __stdout
    printf7.o(i.__0vsnprintf$7) refers to printf7.o(i._printf_core) for _printf_core
    printf7.o(i.__0vsnprintf$7) refers to printf7.o(i._snputc) for _snputc
    printf7.o(i.__0vsprintf$7) refers to printf7.o(i._printf_core) for _printf_core
    printf7.o(i.__0vsprintf$7) refers to printf7.o(i._sputc) for _sputc
    printf7.o(i._printf_core) refers to printf7.o(i._printf_pre_padding) for _printf_pre_padding
    printf7.o(i._printf_core) refers to uldiv.o(.text) for __aeabi_uldivmod
    printf7.o(i._printf_core) refers to printf7.o(i._printf_post_padding) for _printf_post_padding
    printf8.o(i.__0fprintf$8) refers to printf8.o(i._printf_core) for _printf_core
    printf8.o(i.__0fprintf$8) refers to usart.o(i.fputc) for fputc
    printf8.o(i.__0printf$8) refers to printf8.o(i._printf_core) for _printf_core
    printf8.o(i.__0printf$8) refers to usart.o(i.fputc) for fputc
    printf8.o(i.__0printf$8) refers to stdout.o(.data) for __stdout
    printf8.o(i.__0snprintf$8) refers to printf8.o(i._printf_core) for _printf_core
    printf8.o(i.__0snprintf$8) refers to printf8.o(i._snputc) for _snputc
    printf8.o(i.__0sprintf$8) refers to printf8.o(i._printf_core) for _printf_core
    printf8.o(i.__0sprintf$8) refers to printf8.o(i._sputc) for _sputc
    printf8.o(i.__0vfprintf$8) refers to printf8.o(i._printf_core) for _printf_core
    printf8.o(i.__0vfprintf$8) refers to usart.o(i.fputc) for fputc
    printf8.o(i.__0vprintf$8) refers to printf8.o(i._printf_core) for _printf_core
    printf8.o(i.__0vprintf$8) refers to usart.o(i.fputc) for fputc
    printf8.o(i.__0vprintf$8) refers to stdout.o(.data) for __stdout
    printf8.o(i.__0vsnprintf$8) refers to printf8.o(i._printf_core) for _printf_core
    printf8.o(i.__0vsnprintf$8) refers to printf8.o(i._snputc) for _snputc
    printf8.o(i.__0vsprintf$8) refers to printf8.o(i._printf_core) for _printf_core
    printf8.o(i.__0vsprintf$8) refers to printf8.o(i._sputc) for _sputc
    printf8.o(i._printf_core) refers to printf8.o(i._printf_pre_padding) for _printf_pre_padding
    printf8.o(i._printf_core) refers to uldiv.o(.text) for __aeabi_uldivmod
    printf8.o(i._printf_core) refers to printf8.o(i._printf_post_padding) for _printf_post_padding
    printfa.o(i.__0fprintf) refers (Special) to iusefp.o(.text) for __I$use$fp
    printfa.o(i.__0fprintf) refers to printfa.o(i._printf_core) for _printf_core
    printfa.o(i.__0fprintf) refers to usart.o(i.fputc) for fputc
    printfa.o(i.__0printf) refers (Special) to iusefp.o(.text) for __I$use$fp
    printfa.o(i.__0printf) refers to printfa.o(i._printf_core) for _printf_core
    printfa.o(i.__0printf) refers to usart.o(i.fputc) for fputc
    printfa.o(i.__0printf) refers to stdout.o(.data) for __stdout
    printfa.o(i.__0snprintf) refers (Special) to iusefp.o(.text) for __I$use$fp
    printfa.o(i.__0snprintf) refers to printfa.o(i._printf_core) for _printf_core
    printfa.o(i.__0snprintf) refers to printfa.o(i._snputc) for _snputc
    printfa.o(i.__0sprintf) refers (Special) to iusefp.o(.text) for __I$use$fp
    printfa.o(i.__0sprintf) refers to printfa.o(i._printf_core) for _printf_core
    printfa.o(i.__0sprintf) refers to printfa.o(i._sputc) for _sputc
    printfa.o(i.__0vfprintf) refers (Special) to iusefp.o(.text) for __I$use$fp
    printfa.o(i.__0vfprintf) refers to printfa.o(i._printf_core) for _printf_core
    printfa.o(i.__0vfprintf) refers to usart.o(i.fputc) for fputc
    printfa.o(i.__0vprintf) refers (Special) to iusefp.o(.text) for __I$use$fp
    printfa.o(i.__0vprintf) refers to printfa.o(i._printf_core) for _printf_core
    printfa.o(i.__0vprintf) refers to usart.o(i.fputc) for fputc
    printfa.o(i.__0vprintf) refers to stdout.o(.data) for __stdout
    printfa.o(i.__0vsnprintf) refers (Special) to iusefp.o(.text) for __I$use$fp
    printfa.o(i.__0vsnprintf) refers to printfa.o(i._printf_core) for _printf_core
    printfa.o(i.__0vsnprintf) refers to printfa.o(i._snputc) for _snputc
    printfa.o(i.__0vsprintf) refers (Special) to iusefp.o(.text) for __I$use$fp
    printfa.o(i.__0vsprintf) refers to printfa.o(i._printf_core) for _printf_core
    printfa.o(i.__0vsprintf) refers to printfa.o(i._sputc) for _sputc
    printfa.o(i._fp_digits) refers (Special) to iusefp.o(.text) for __I$use$fp
    printfa.o(i._fp_digits) refers to dmul.o(.text) for __aeabi_dmul
    printfa.o(i._fp_digits) refers to ddiv.o(.text) for __aeabi_ddiv
    printfa.o(i._fp_digits) refers to cdrcmple.o(.text) for __aeabi_cdrcmple
    printfa.o(i._fp_digits) refers to dadd.o(.text) for __aeabi_dadd
    printfa.o(i._fp_digits) refers to dfixul.o(.text) for __aeabi_d2ulz
    printfa.o(i._fp_digits) refers to uldiv.o(.text) for __aeabi_uldivmod
    printfa.o(i._printf_core) refers (Special) to iusefp.o(.text) for __I$use$fp
    printfa.o(i._printf_core) refers to printfa.o(i._printf_pre_padding) for _printf_pre_padding
    printfa.o(i._printf_core) refers to uldiv.o(.text) for __aeabi_uldivmod
    printfa.o(i._printf_core) refers to printfa.o(i._printf_post_padding) for _printf_post_padding
    printfa.o(i._printf_core) refers to printfa.o(i._fp_digits) for _fp_digits
    printfa.o(i._printf_core) refers to uidiv.o(.text) for __aeabi_uidivmod
    printfa.o(i._printf_post_padding) refers (Special) to iusefp.o(.text) for __I$use$fp
    printfa.o(i._printf_pre_padding) refers (Special) to iusefp.o(.text) for __I$use$fp
    printfa.o(i._snputc) refers (Special) to iusefp.o(.text) for __I$use$fp
    printfa.o(i._sputc) refers (Special) to iusefp.o(.text) for __I$use$fp
    malloc.o(i.free) refers to mvars.o(.data) for __microlib_freelist
    malloc.o(i.malloc) refers to mvars.o(.data) for __microlib_freelist_initialised
    malloc.o(i.malloc) refers to mvars.o(.data) for __microlib_freelist
    malloc.o(i.malloc) refers to startup_stm32f40_41xxx.o(HEAP) for __heap_base
    mallocr.o(i.__free$realloc) refers to mvars.o(.data) for __microlib_freelist
    mallocr.o(i.__malloc$realloc) refers to mallocr.o(i.internal_alloc) for internal_alloc
    mallocr.o(i.__malloc$realloc) refers to mvars.o(.data) for __microlib_freelist_initialised
    mallocr.o(i.__malloc$realloc) refers to startup_stm32f40_41xxx.o(HEAP) for __heap_base
    mallocr.o(i.__malloc$realloc) refers to mvars.o(.data) for __microlib_freelist
    mallocr.o(i.internal_alloc) refers to memcpya.o(.text) for __aeabi_memcpy
    mallocr.o(i.internal_alloc) refers to mvars.o(.data) for __microlib_freelist
    mallocr.o(i.realloc) refers to mallocr.o(i.__free$realloc) for __free$realloc
    mallocr.o(i.realloc) refers to mallocr.o(i.internal_alloc) for internal_alloc
    mallocr.o(i.realloc) refers to mallocr.o(i.__malloc$realloc) for __malloc$realloc
    mallocr.o(i.realloc) refers to mvars.o(.data) for __microlib_freelist
    malloca.o(i.__aligned_malloc) refers to mvars.o(.data) for __microlib_freelist_initialised
    malloca.o(i.__aligned_malloc) refers to mvars.o(.data) for __microlib_freelist
    malloca.o(i.__aligned_malloc) refers to startup_stm32f40_41xxx.o(HEAP) for __heap_base
    malloca.o(i.__free$memalign) refers to mvars.o(.data) for __microlib_freelist
    malloca.o(i.__malloc$memalign) refers to malloca.o(i.__aligned_malloc) for __aligned_malloc
    mallocra.o(i.__aligned_malloc$realloc) refers to mallocra.o(i.internal_alloc) for internal_alloc
    mallocra.o(i.__aligned_malloc$realloc) refers to mvars.o(.data) for __microlib_freelist_initialised
    mallocra.o(i.__aligned_malloc$realloc) refers to startup_stm32f40_41xxx.o(HEAP) for __heap_base
    mallocra.o(i.__aligned_malloc$realloc) refers to mvars.o(.data) for __microlib_freelist
    mallocra.o(i.__free$realloc$memalign) refers to mvars.o(.data) for __microlib_freelist
    mallocra.o(i.__malloc$realloc$memalign) refers to mallocra.o(i.__aligned_malloc$realloc) for __aligned_malloc$realloc
    mallocra.o(i.__realloc$memalign) refers to mallocra.o(i.__free$realloc$memalign) for __free$realloc$memalign
    mallocra.o(i.__realloc$memalign) refers to mallocra.o(i.internal_alloc) for internal_alloc
    mallocra.o(i.__realloc$memalign) refers to mallocra.o(i.__malloc$realloc$memalign) for __malloc$realloc$memalign
    mallocra.o(i.__realloc$memalign) refers to mvars.o(.data) for __microlib_freelist
    mallocra.o(i.internal_alloc) refers to memcpya.o(.text) for __aeabi_memcpy
    mallocra.o(i.internal_alloc) refers to mvars.o(.data) for __microlib_freelist
    entry2.o(.ARM.Collect$$$$00000001) refers to entry2.o(.ARM.Collect$$$$00002712) for __lit__00000000
    entry2.o(.ARM.Collect$$$$00002712) refers to startup_stm32f40_41xxx.o(STACK) for __initial_sp
    entry2.o(__vectab_stack_and_reset_area) refers to startup_stm32f40_41xxx.o(STACK) for __initial_sp
    entry2.o(__vectab_stack_and_reset_area) refers to entry.o(.ARM.Collect$$$$00000000) for __main
    entry5.o(.ARM.Collect$$$$00000004) refers to init.o(.text) for __scatterload
    entry9a.o(.ARM.Collect$$$$0000000B) refers to main.o(i.main) for main
    entry9b.o(.ARM.Collect$$$$0000000C) refers to main.o(i.main) for main
    uldiv.o(.text) refers to llushr.o(.text) for __aeabi_llsr
    uldiv.o(.text) refers to llshl.o(.text) for __aeabi_llsl
    dadd.o(.text) refers to llshl.o(.text) for __aeabi_llsl
    dadd.o(.text) refers to llsshr.o(.text) for __aeabi_lasr
    dadd.o(.text) refers to depilogue.o(.text) for _double_epilogue
    dmul.o(.text) refers to depilogue.o(.text) for _double_epilogue
    ddiv.o(.text) refers to depilogue.o(.text) for _double_round
    dfixul.o(.text) refers to llushr.o(.text) for __aeabi_llsr
    dfixul.o(.text) refers to llshl.o(.text) for __aeabi_llsl
    init.o(.text) refers to entry5.o(.ARM.Collect$$$$00000004) for __main_after_scatterload
    depilogue.o(.text) refers to llshl.o(.text) for __aeabi_llsl
    depilogue.o(.text) refers to llushr.o(.text) for __aeabi_llsr


==============================================================================

Removing Unused input sections from the image.

    Removing stm32f4xx_gpio.o(.rev16_text), (4 bytes).
    Removing stm32f4xx_gpio.o(.revsh_text), (4 bytes).
    Removing stm32f4xx_gpio.o(.rrx_text), (6 bytes).
    Removing stm32f4xx_gpio.o(i.GPIO_DeInit), (312 bytes).
    Removing stm32f4xx_gpio.o(i.GPIO_PinLockConfig), (34 bytes).
    Removing stm32f4xx_gpio.o(i.GPIO_ReadInputData), (8 bytes).
    Removing stm32f4xx_gpio.o(i.GPIO_ReadInputDataBit), (18 bytes).
    Removing stm32f4xx_gpio.o(i.GPIO_ReadOutputData), (8 bytes).
    Removing stm32f4xx_gpio.o(i.GPIO_ReadOutputDataBit), (18 bytes).
    Removing stm32f4xx_gpio.o(i.GPIO_ResetBits), (4 bytes).
    Removing stm32f4xx_gpio.o(i.GPIO_SetBits), (4 bytes).
    Removing stm32f4xx_gpio.o(i.GPIO_StructInit), (18 bytes).
    Removing stm32f4xx_gpio.o(i.GPIO_ToggleBits), (8 bytes).
    Removing stm32f4xx_gpio.o(i.GPIO_Write), (4 bytes).
    Removing stm32f4xx_gpio.o(i.GPIO_WriteBit), (10 bytes).
    Removing stm32f4xx_usart.o(.rev16_text), (4 bytes).
    Removing stm32f4xx_usart.o(.revsh_text), (4 bytes).
    Removing stm32f4xx_usart.o(.rrx_text), (6 bytes).
    Removing stm32f4xx_usart.o(i.USART_ClearFlag), (18 bytes).
    Removing stm32f4xx_usart.o(i.USART_ClockInit), (32 bytes).
    Removing stm32f4xx_usart.o(i.USART_ClockStructInit), (12 bytes).
    Removing stm32f4xx_usart.o(i.USART_DMACmd), (18 bytes).
    Removing stm32f4xx_usart.o(i.USART_DeInit), (240 bytes).
    Removing stm32f4xx_usart.o(i.USART_HalfDuplexCmd), (24 bytes).
    Removing stm32f4xx_usart.o(i.USART_ITConfig), (74 bytes).
    Removing stm32f4xx_usart.o(i.USART_IrDACmd), (24 bytes).
    Removing stm32f4xx_usart.o(i.USART_IrDAConfig), (18 bytes).
    Removing stm32f4xx_usart.o(i.USART_LINBreakDetectLengthConfig), (18 bytes).
    Removing stm32f4xx_usart.o(i.USART_LINCmd), (24 bytes).
    Removing stm32f4xx_usart.o(i.USART_OneBitMethodCmd), (24 bytes).
    Removing stm32f4xx_usart.o(i.USART_OverSampling8Cmd), (22 bytes).
    Removing stm32f4xx_usart.o(i.USART_ReceiveData), (10 bytes).
    Removing stm32f4xx_usart.o(i.USART_ReceiverWakeUpCmd), (24 bytes).
    Removing stm32f4xx_usart.o(i.USART_SendBreak), (10 bytes).
    Removing stm32f4xx_usart.o(i.USART_SetAddress), (18 bytes).
    Removing stm32f4xx_usart.o(i.USART_SetGuardTime), (16 bytes).
    Removing stm32f4xx_usart.o(i.USART_SetPrescaler), (16 bytes).
    Removing stm32f4xx_usart.o(i.USART_SmartCardCmd), (24 bytes).
    Removing stm32f4xx_usart.o(i.USART_SmartCardNACKCmd), (24 bytes).
    Removing stm32f4xx_usart.o(i.USART_StructInit), (24 bytes).
    Removing stm32f4xx_usart.o(i.USART_WakeUpConfig), (18 bytes).
    Removing stm32f4xx_rcc.o(.rev16_text), (4 bytes).
    Removing stm32f4xx_rcc.o(.revsh_text), (4 bytes).
    Removing stm32f4xx_rcc.o(.rrx_text), (6 bytes).
    Removing stm32f4xx_rcc.o(i.RCC_AHB1PeriphClockLPModeCmd), (32 bytes).
    Removing stm32f4xx_rcc.o(i.RCC_AHB1PeriphResetCmd), (32 bytes).
    Removing stm32f4xx_rcc.o(i.RCC_AHB2PeriphClockCmd), (32 bytes).
    Removing stm32f4xx_rcc.o(i.RCC_AHB2PeriphClockLPModeCmd), (32 bytes).
    Removing stm32f4xx_rcc.o(i.RCC_AHB2PeriphResetCmd), (32 bytes).
    Removing stm32f4xx_rcc.o(i.RCC_AHB3PeriphClockCmd), (32 bytes).
    Removing stm32f4xx_rcc.o(i.RCC_AHB3PeriphClockLPModeCmd), (32 bytes).
    Removing stm32f4xx_rcc.o(i.RCC_AHB3PeriphResetCmd), (32 bytes).
    Removing stm32f4xx_rcc.o(i.RCC_APB1PeriphClockCmd), (32 bytes).
    Removing stm32f4xx_rcc.o(i.RCC_APB1PeriphClockLPModeCmd), (32 bytes).
    Removing stm32f4xx_rcc.o(i.RCC_APB1PeriphResetCmd), (32 bytes).
    Removing stm32f4xx_rcc.o(i.RCC_APB2PeriphClockLPModeCmd), (32 bytes).
    Removing stm32f4xx_rcc.o(i.RCC_APB2PeriphResetCmd), (32 bytes).
    Removing stm32f4xx_rcc.o(i.RCC_AdjustHSICalibrationValue), (24 bytes).
    Removing stm32f4xx_rcc.o(i.RCC_BackupResetCmd), (12 bytes).
    Removing stm32f4xx_rcc.o(i.RCC_ClearFlag), (20 bytes).
    Removing stm32f4xx_rcc.o(i.RCC_ClearITPendingBit), (12 bytes).
    Removing stm32f4xx_rcc.o(i.RCC_ClockSecuritySystemCmd), (12 bytes).
    Removing stm32f4xx_rcc.o(i.RCC_DeInit), (100 bytes).
    Removing stm32f4xx_rcc.o(i.RCC_GetFlagStatus), (64 bytes).
    Removing stm32f4xx_rcc.o(i.RCC_GetITStatus), (24 bytes).
    Removing stm32f4xx_rcc.o(i.RCC_GetSYSCLKSource), (16 bytes).
    Removing stm32f4xx_rcc.o(i.RCC_HCLKConfig), (24 bytes).
    Removing stm32f4xx_rcc.o(i.RCC_HSEConfig), (16 bytes).
    Removing stm32f4xx_rcc.o(i.RCC_HSICmd), (12 bytes).
    Removing stm32f4xx_rcc.o(i.RCC_I2SCLKConfig), (12 bytes).
    Removing stm32f4xx_rcc.o(i.RCC_ITConfig), (32 bytes).
    Removing stm32f4xx_rcc.o(i.RCC_LSEConfig), (44 bytes).
    Removing stm32f4xx_rcc.o(i.RCC_LSEModeConfig), (36 bytes).
    Removing stm32f4xx_rcc.o(i.RCC_LSICmd), (12 bytes).
    Removing stm32f4xx_rcc.o(i.RCC_LTDCCLKDivConfig), (24 bytes).
    Removing stm32f4xx_rcc.o(i.RCC_MCO1Config), (28 bytes).
    Removing stm32f4xx_rcc.o(i.RCC_MCO2Config), (28 bytes).
    Removing stm32f4xx_rcc.o(i.RCC_PCLK1Config), (24 bytes).
    Removing stm32f4xx_rcc.o(i.RCC_PCLK2Config), (24 bytes).
    Removing stm32f4xx_rcc.o(i.RCC_PLLCmd), (12 bytes).
    Removing stm32f4xx_rcc.o(i.RCC_PLLConfig), (36 bytes).
    Removing stm32f4xx_rcc.o(i.RCC_PLLI2SCmd), (12 bytes).
    Removing stm32f4xx_rcc.o(i.RCC_PLLI2SConfig), (16 bytes).
    Removing stm32f4xx_rcc.o(i.RCC_PLLSAICmd), (12 bytes).
    Removing stm32f4xx_rcc.o(i.RCC_PLLSAIConfig), (24 bytes).
    Removing stm32f4xx_rcc.o(i.RCC_RTCCLKCmd), (12 bytes).
    Removing stm32f4xx_rcc.o(i.RCC_RTCCLKConfig), (60 bytes).
    Removing stm32f4xx_rcc.o(i.RCC_SAIBlockACLKConfig), (24 bytes).
    Removing stm32f4xx_rcc.o(i.RCC_SAIBlockBCLKConfig), (24 bytes).
    Removing stm32f4xx_rcc.o(i.RCC_SAIPLLI2SClkDivConfig), (28 bytes).
    Removing stm32f4xx_rcc.o(i.RCC_SAIPLLSAIClkDivConfig), (28 bytes).
    Removing stm32f4xx_rcc.o(i.RCC_SYSCLKConfig), (24 bytes).
    Removing stm32f4xx_rcc.o(i.RCC_TIMCLKPresConfig), (12 bytes).
    Removing stm32f4xx_rcc.o(i.RCC_WaitForHSEStartUp), (56 bytes).
    Removing main.o(.rev16_text), (4 bytes).
    Removing main.o(.revsh_text), (4 bytes).
    Removing main.o(.rrx_text), (6 bytes).
    Removing main.o(i.putch), (16 bytes).
    Removing stm32f4xx_it.o(.rev16_text), (4 bytes).
    Removing stm32f4xx_it.o(.revsh_text), (4 bytes).
    Removing stm32f4xx_it.o(.rrx_text), (6 bytes).
    Removing usart.o(.rev16_text), (4 bytes).
    Removing usart.o(.revsh_text), (4 bytes).
    Removing usart.o(.rrx_text), (6 bytes).
    Removing usart.o(i.fgetc), (32 bytes).
    Removing startup_stm32f40_41xxx.o(HEAP), (512 bytes).
    Removing system_stm32f4xx.o(.rev16_text), (4 bytes).
    Removing system_stm32f4xx.o(.revsh_text), (4 bytes).
    Removing system_stm32f4xx.o(.rrx_text), (6 bytes).
    Removing system_stm32f4xx.o(i.SystemCoreClockUpdate), (192 bytes).
    Removing system_stm32f4xx.o(.data), (20 bytes).
    Removing usbd_core.o(.rev16_text), (4 bytes).
    Removing usbd_core.o(.revsh_text), (4 bytes).
    Removing usbd_core.o(.rrx_text), (6 bytes).
    Removing usbd_core.o(i.USBD_ClrClassConfig), (22 bytes).
    Removing usbd_core.o(i.USBD_DeInit), (38 bytes).
    Removing usbd_core.o(i.USBD_Init), (108 bytes).
    Removing usbd_core.o(i.USBD_LL_DataInStage), (256 bytes).
    Removing usbd_core.o(i.USBD_LL_DataOutStage), (166 bytes).
    Removing usbd_core.o(i.USBD_LL_DevConnected), (14 bytes).
    Removing usbd_core.o(i.USBD_LL_DevDisconnected), (26 bytes).
    Removing usbd_core.o(i.USBD_LL_IsoINIncomplete), (22 bytes).
    Removing usbd_core.o(i.USBD_LL_IsoOUTIncomplete), (22 bytes).
    Removing usbd_core.o(i.USBD_LL_Reset), (92 bytes).
    Removing usbd_core.o(i.USBD_LL_Resume), (14 bytes).
    Removing usbd_core.o(i.USBD_LL_SOF), (34 bytes).
    Removing usbd_core.o(i.USBD_LL_SetSpeed), (8 bytes).
    Removing usbd_core.o(i.USBD_LL_SetupStage), (110 bytes).
    Removing usbd_core.o(i.USBD_LL_Suspend), (20 bytes).
    Removing usbd_core.o(i.USBD_RegisterClass), (80 bytes).
    Removing usbd_core.o(i.USBD_RunTestMode), (14 bytes).
    Removing usbd_core.o(i.USBD_SetClassConfig), (34 bytes).
    Removing usbd_core.o(i.USBD_Start), (14 bytes).
    Removing usbd_core.o(i.USBD_Stop), (26 bytes).
    Removing usbd_ctlreq.o(.rev16_text), (4 bytes).
    Removing usbd_ctlreq.o(.revsh_text), (4 bytes).
    Removing usbd_ctlreq.o(.rrx_text), (6 bytes).
    Removing usbd_ctlreq.o(i.USBD_ClrFeature), (62 bytes).
    Removing usbd_ctlreq.o(i.USBD_CtlError), (24 bytes).
    Removing usbd_ctlreq.o(i.USBD_GetConfig), (86 bytes).
    Removing usbd_ctlreq.o(i.USBD_GetDescriptor), (338 bytes).
    Removing usbd_ctlreq.o(i.USBD_GetLen), (20 bytes).
    Removing usbd_ctlreq.o(i.USBD_GetStatus), (90 bytes).
    Removing usbd_ctlreq.o(i.USBD_GetString), (82 bytes).
    Removing usbd_ctlreq.o(i.USBD_ParseSetupRequest), (40 bytes).
    Removing usbd_ctlreq.o(i.USBD_SetAddress), (90 bytes).
    Removing usbd_ctlreq.o(i.USBD_SetConfig), (232 bytes).
    Removing usbd_ctlreq.o(i.USBD_SetFeature), (24 bytes).
    Removing usbd_ctlreq.o(i.USBD_StdDevReq), (162 bytes).
    Removing usbd_ctlreq.o(i.USBD_StdEPReq), (568 bytes).
    Removing usbd_ctlreq.o(i.USBD_StdItfReq), (126 bytes).
    Removing usbd_ctlreq.o(.data), (1 bytes).
    Removing usbd_ioreq.o(.rev16_text), (4 bytes).
    Removing usbd_ioreq.o(.revsh_text), (4 bytes).
    Removing usbd_ioreq.o(.rrx_text), (6 bytes).
    Removing usbd_ioreq.o(i.USBD_CtlContinueRx), (24 bytes).
    Removing usbd_ioreq.o(i.USBD_CtlContinueSendData), (24 bytes).
    Removing usbd_ioreq.o(i.USBD_CtlPrepareRx), (40 bytes).
    Removing usbd_ioreq.o(i.USBD_CtlReceiveStatus), (26 bytes).
    Removing usbd_ioreq.o(i.USBD_CtlSendData), (34 bytes).
    Removing usbd_ioreq.o(i.USBD_CtlSendStatus), (26 bytes).
    Removing usbd_ioreq.o(i.USBD_GetRxCount), (16 bytes).
    Removing usbd_msc.o(.rev16_text), (4 bytes).
    Removing usbd_msc.o(.revsh_text), (4 bytes).
    Removing usbd_msc.o(.rrx_text), (6 bytes).
    Removing usbd_msc.o(i.USBD_MSC_DataIn), (18 bytes).
    Removing usbd_msc.o(i.USBD_MSC_DataOut), (18 bytes).
    Removing usbd_msc.o(i.USBD_MSC_DeInit), (62 bytes).
    Removing usbd_msc.o(i.USBD_MSC_GetDeviceQualifierDescriptor), (16 bytes).
    Removing usbd_msc.o(i.USBD_MSC_GetFSCfgDesc), (16 bytes).
    Removing usbd_msc.o(i.USBD_MSC_GetHSCfgDesc), (16 bytes).
    Removing usbd_msc.o(i.USBD_MSC_GetOtherSpeedCfgDesc), (16 bytes).
    Removing usbd_msc.o(i.USBD_MSC_Init), (114 bytes).
    Removing usbd_msc.o(i.USBD_MSC_RegisterStorage), (12 bytes).
    Removing usbd_msc.o(i.USBD_MSC_Setup), (452 bytes).
    Removing usbd_msc.o(.data), (162 bytes).
    Removing usbd_msc_bot.o(.rev16_text), (4 bytes).
    Removing usbd_msc_bot.o(.revsh_text), (4 bytes).
    Removing usbd_msc_bot.o(.rrx_text), (6 bytes).
    Removing usbd_msc_bot.o(i.MSC_BOT_Abort), (72 bytes).
    Removing usbd_msc_bot.o(i.MSC_BOT_CBW_Decode), (248 bytes).
    Removing usbd_msc_bot.o(i.MSC_BOT_CplClrFeature), (60 bytes).
    Removing usbd_msc_bot.o(i.MSC_BOT_DataIn), (80 bytes).
    Removing usbd_msc_bot.o(i.MSC_BOT_DataOut), (70 bytes).
    Removing usbd_msc_bot.o(i.MSC_BOT_DeInit), (10 bytes).
    Removing usbd_msc_bot.o(i.MSC_BOT_Init), (70 bytes).
    Removing usbd_msc_bot.o(i.MSC_BOT_Reset), (34 bytes).
    Removing usbd_msc_bot.o(i.MSC_BOT_SendCSW), (64 bytes).
    Removing usbd_msc_bot.o(i.MSC_BOT_SendData), (90 bytes).
    Removing usbd_msc_data.o(.rev16_text), (4 bytes).
    Removing usbd_msc_data.o(.revsh_text), (4 bytes).
    Removing usbd_msc_data.o(.rrx_text), (6 bytes).
    Removing usbd_msc_data.o(.constdata), (23 bytes).
    Removing usbd_msc_scsi.o(.rev16_text), (4 bytes).
    Removing usbd_msc_scsi.o(.revsh_text), (4 bytes).
    Removing usbd_msc_scsi.o(.rrx_text), (6 bytes).
    Removing usbd_msc_scsi.o(i.SCSI_CheckAddressRange), (54 bytes).
    Removing usbd_msc_scsi.o(i.SCSI_Inquiry), (100 bytes).
    Removing usbd_msc_scsi.o(i.SCSI_ModeSense10), (44 bytes).
    Removing usbd_msc_scsi.o(i.SCSI_ModeSense6), (44 bytes).
    Removing usbd_msc_scsi.o(i.SCSI_ProcessCmd), (238 bytes).
    Removing usbd_msc_scsi.o(i.SCSI_ProcessRead), (200 bytes).
    Removing usbd_msc_scsi.o(i.SCSI_ProcessWrite), (248 bytes).
    Removing usbd_msc_scsi.o(i.SCSI_Read10), (226 bytes).
    Removing usbd_msc_scsi.o(i.SCSI_ReadCapacity10), (148 bytes).
    Removing usbd_msc_scsi.o(i.SCSI_ReadFormatCapacity), (138 bytes).
    Removing usbd_msc_scsi.o(i.SCSI_RequestSense), (158 bytes).
    Removing usbd_msc_scsi.o(i.SCSI_SenseCode), (78 bytes).
    Removing usbd_msc_scsi.o(i.SCSI_StartStopUnit), (16 bytes).
    Removing usbd_msc_scsi.o(i.SCSI_TestUnitReady), (90 bytes).
    Removing usbd_msc_scsi.o(i.SCSI_Verify10), (80 bytes).
    Removing usbd_msc_scsi.o(i.SCSI_Write10), (290 bytes).
    Removing usbd_conf_template.o(.rev16_text), (4 bytes).
    Removing usbd_conf_template.o(.revsh_text), (4 bytes).
    Removing usbd_conf_template.o(.rrx_text), (6 bytes).
    Removing usbd_conf_template.o(i.USBD_LL_ClearStallEP), (6 bytes).
    Removing usbd_conf_template.o(i.USBD_LL_CloseEP), (6 bytes).
    Removing usbd_conf_template.o(i.USBD_LL_DeInit), (6 bytes).
    Removing usbd_conf_template.o(i.USBD_LL_Delay), (2 bytes).
    Removing usbd_conf_template.o(i.USBD_LL_FlushEP), (6 bytes).
    Removing usbd_conf_template.o(i.USBD_LL_GetRxDataSize), (6 bytes).
    Removing usbd_conf_template.o(i.USBD_LL_Init), (6 bytes).
    Removing usbd_conf_template.o(i.USBD_LL_IsStallEP), (6 bytes).
    Removing usbd_conf_template.o(i.USBD_LL_OpenEP), (8 bytes).
    Removing usbd_conf_template.o(i.USBD_LL_PrepareReceive), (8 bytes).
    Removing usbd_conf_template.o(i.USBD_LL_SetUSBAddress), (6 bytes).
    Removing usbd_conf_template.o(i.USBD_LL_StallEP), (6 bytes).
    Removing usbd_conf_template.o(i.USBD_LL_Start), (6 bytes).
    Removing usbd_conf_template.o(i.USBD_LL_Stop), (6 bytes).
    Removing usbd_conf_template.o(i.USBD_LL_Transmit), (8 bytes).
    Removing usbd_desc_template.o(.rev16_text), (4 bytes).
    Removing usbd_desc_template.o(.revsh_text), (4 bytes).
    Removing usbd_desc_template.o(.rrx_text), (6 bytes).
    Removing usbd_desc_template.o(i.Get_SerialNum), (52 bytes).
    Removing usbd_desc_template.o(i.IntToUnicode), (62 bytes).
    Removing usbd_desc_template.o(i.USBD_Class_ConfigStrDescriptor), (48 bytes).
    Removing usbd_desc_template.o(i.USBD_Class_DeviceDescriptor), (16 bytes).
    Removing usbd_desc_template.o(i.USBD_Class_InterfaceStrDescriptor), (48 bytes).
    Removing usbd_desc_template.o(i.USBD_Class_LangIDStrDescriptor), (16 bytes).
    Removing usbd_desc_template.o(i.USBD_Class_ManufacturerStrDescriptor), (32 bytes).
    Removing usbd_desc_template.o(i.USBD_Class_ProductStrDescriptor), (48 bytes).
    Removing usbd_desc_template.o(i.USBD_Class_SerialStrDescriptor), (24 bytes).
    Removing usbd_desc_template.o(.bss), (256 bytes).
    Removing usbd_desc_template.o(.data), (78 bytes).
    Removing usbd_template.o(.rev16_text), (4 bytes).
    Removing usbd_template.o(.revsh_text), (4 bytes).
    Removing usbd_template.o(.rrx_text), (6 bytes).
    Removing usbd_template.o(i.USBD_TEMPLATE_DataIn), (6 bytes).
    Removing usbd_template.o(i.USBD_TEMPLATE_DataOut), (6 bytes).
    Removing usbd_template.o(i.USBD_TEMPLATE_DeInit), (6 bytes).
    Removing usbd_template.o(i.USBD_TEMPLATE_DeviceQualifierDescriptor), (16 bytes).
    Removing usbd_template.o(i.USBD_TEMPLATE_EP0_RxReady), (6 bytes).
    Removing usbd_template.o(i.USBD_TEMPLATE_EP0_TxReady), (6 bytes).
    Removing usbd_template.o(i.USBD_TEMPLATE_GetCfgDesc), (16 bytes).
    Removing usbd_template.o(i.USBD_TEMPLATE_GetDeviceQualifierDesc), (16 bytes).
    Removing usbd_template.o(i.USBD_TEMPLATE_Init), (6 bytes).
    Removing usbd_template.o(i.USBD_TEMPLATE_IsoINIncomplete), (6 bytes).
    Removing usbd_template.o(i.USBD_TEMPLATE_IsoOutIncomplete), (6 bytes).
    Removing usbd_template.o(i.USBD_TEMPLATE_SOF), (6 bytes).
    Removing usbd_template.o(i.USBD_TEMPLATE_Setup), (74 bytes).
    Removing usbd_template.o(.data), (130 bytes).
    Removing usbd_msc_storage_template.o(.rev16_text), (4 bytes).
    Removing usbd_msc_storage_template.o(.revsh_text), (4 bytes).
    Removing usbd_msc_storage_template.o(.rrx_text), (6 bytes).
    Removing usbd_msc_storage_template.o(i.STORAGE_GetCapacity), (16 bytes).
    Removing usbd_msc_storage_template.o(i.STORAGE_GetMaxLun), (4 bytes).
    Removing usbd_msc_storage_template.o(i.STORAGE_Init), (6 bytes).
    Removing usbd_msc_storage_template.o(i.STORAGE_IsReady), (6 bytes).
    Removing usbd_msc_storage_template.o(i.STORAGE_IsWriteProtected), (6 bytes).
    Removing usbd_msc_storage_template.o(i.STORAGE_Read), (8 bytes).
    Removing usbd_msc_storage_template.o(i.STORAGE_Write), (8 bytes).
    Removing usbd_msc_storage_template.o(.data), (68 bytes).
    Removing dadd.o(.text), (334 bytes).
    Removing dmul.o(.text), (228 bytes).
    Removing ddiv.o(.text), (222 bytes).
    Removing dfixul.o(.text), (48 bytes).
    Removing cdrcmple.o(.text), (48 bytes).
    Removing depilogue.o(.text), (186 bytes).

278 unused section(s) (total 12994 bytes) removed from the image.
